[2025-07-01T23:21:54.509+0000] {local_task_job_runner.py:123} INFO - ::group::Pre task execution logs
[2025-07-01T23:21:54.536+0000] {taskinstance.py:2612} INFO - Dependencies all met for dep_context=non-requeueable deps ti=<TaskInstance: extract_raw_data_pipeline.create_raw_schema scheduled__2025-06-30T07:00:00+00:00 [queued]>
[2025-07-01T23:21:54.550+0000] {taskinstance.py:2612} INFO - Dependencies all met for dep_context=requeueable deps ti=<TaskInstance: extract_raw_data_pipeline.create_raw_schema scheduled__2025-06-30T07:00:00+00:00 [queued]>
[2025-07-01T23:21:54.550+0000] {taskinstance.py:2865} INFO - Starting attempt 1 of 1
[2025-07-01T23:21:54.572+0000] {taskinstance.py:2888} INFO - Executing <Task(SQLExecuteQueryOperator): create_raw_schema> on 2025-06-30 07:00:00+00:00
[2025-07-01T23:21:54.582+0000] {warnings.py:112} WARNING - /home/***/.local/lib/python3.12/site-packages/***/task/task_runner/standard_task_runner.py:70: DeprecationWarning: This process (pid=518) is multi-threaded, use of fork() may lead to deadlocks in the child.
  pid = os.fork()

[2025-07-01T23:21:54.587+0000] {standard_task_runner.py:104} INFO - Running: ['***', 'tasks', 'run', 'extract_raw_data_pipeline', 'create_raw_schema', 'scheduled__2025-06-30T07:00:00+00:00', '--job-id', '6', '--raw', '--subdir', 'DAGS_FOLDER/driven_data_pipeline.py', '--cfg-path', '/tmp/tmp8924rxs_']
[2025-07-01T23:21:54.589+0000] {standard_task_runner.py:105} INFO - Job 6: Subtask create_raw_schema
[2025-07-01T23:21:54.589+0000] {standard_task_runner.py:72} INFO - Started process 521 to run task
[2025-07-01T23:21:54.688+0000] {task_command.py:467} INFO - Running <TaskInstance: extract_raw_data_pipeline.create_raw_schema scheduled__2025-06-30T07:00:00+00:00 [running]> on host 1e9d293b9376
[2025-07-01T23:21:54.794+0000] {taskinstance.py:3131} INFO - Exporting env vars: AIRFLOW_CTX_DAG_OWNER='***' AIRFLOW_CTX_DAG_ID='extract_raw_data_pipeline' AIRFLOW_CTX_TASK_ID='create_raw_schema' AIRFLOW_CTX_EXECUTION_DATE='2025-06-30T07:00:00+00:00' AIRFLOW_CTX_TRY_NUMBER='1' AIRFLOW_CTX_DAG_RUN_ID='scheduled__2025-06-30T07:00:00+00:00'
[2025-07-01T23:21:54.795+0000] {taskinstance.py:731} INFO - ::endgroup::
[2025-07-01T23:21:54.827+0000] {sql.py:266} INFO - Executing: CREATE SCHEMA IF NOT EXISTS driven_raw;
[2025-07-01T23:21:54.841+0000] {base.py:84} INFO - Retrieving connection 'postgres_conn'
[2025-07-01T23:21:54.857+0000] {base.py:84} INFO - Retrieving connection 'postgres_conn'
[2025-07-01T23:21:54.862+0000] {sql.py:509} INFO - Running statement: CREATE SCHEMA IF NOT EXISTS driven_raw;, parameters: None
[2025-07-01T23:21:54.873+0000] {taskinstance.py:340} INFO - ::group::Post task execution logs
[2025-07-01T23:21:54.874+0000] {taskinstance.py:352} INFO - Marking task as SUCCESS. dag_id=extract_raw_data_pipeline, task_id=create_raw_schema, run_id=scheduled__2025-06-30T07:00:00+00:00, execution_date=20250630T070000, start_date=20250701T232154, end_date=20250701T232154
[2025-07-01T23:21:54.891+0000] {local_task_job_runner.py:266} INFO - Task exited with return code 0
[2025-07-01T23:21:54.899+0000] {local_task_job_runner.py:245} INFO - ::endgroup::
