[2025-07-05T01:14:21.680+0000] {local_task_job_runner.py:123} INFO - ::group::Pre task execution logs
[2025-07-05T01:14:21.692+0000] {taskinstance.py:2612} INFO - Dependencies all met for dep_context=non-requeueable deps ti=<TaskInstance: extract_raw_data_pipeline.extract_raw_data manual__2025-07-05T01:14:19.832174+00:00 [queued]>
[2025-07-05T01:14:21.699+0000] {taskinstance.py:2612} INFO - Dependencies all met for dep_context=requeueable deps ti=<TaskInstance: extract_raw_data_pipeline.extract_raw_data manual__2025-07-05T01:14:19.832174+00:00 [queued]>
[2025-07-05T01:14:21.699+0000] {taskinstance.py:2865} INFO - Starting attempt 1 of 1
[2025-07-05T01:14:21.711+0000] {taskinstance.py:2888} INFO - Executing <Task(PythonOperator): extract_raw_data> on 2025-07-05 01:14:19.832174+00:00
[2025-07-05T01:14:21.717+0000] {warnings.py:112} WARNING - /home/***/.local/lib/python3.12/site-packages/***/task/task_runner/standard_task_runner.py:70: DeprecationWarning: This process (pid=71) is multi-threaded, use of fork() may lead to deadlocks in the child.
  pid = os.fork()

[2025-07-05T01:14:21.719+0000] {standard_task_runner.py:72} INFO - Started process 76 to run task
[2025-07-05T01:14:21.719+0000] {standard_task_runner.py:104} INFO - Running: ['***', 'tasks', 'run', 'extract_raw_data_pipeline', 'extract_raw_data', 'manual__2025-07-05T01:14:19.832174+00:00', '--job-id', '72', '--raw', '--subdir', 'DAGS_FOLDER/driven_data_pipeline.py', '--cfg-path', '/tmp/tmpgx144o2k']
[2025-07-05T01:14:21.720+0000] {standard_task_runner.py:105} INFO - Job 72: Subtask extract_raw_data
[2025-07-05T01:14:21.774+0000] {task_command.py:467} INFO - Running <TaskInstance: extract_raw_data_pipeline.extract_raw_data manual__2025-07-05T01:14:19.832174+00:00 [running]> on host e78f909c1bda
[2025-07-05T01:14:21.838+0000] {taskinstance.py:3131} INFO - Exporting env vars: AIRFLOW_CTX_DAG_OWNER='***' AIRFLOW_CTX_DAG_ID='extract_raw_data_pipeline' AIRFLOW_CTX_TASK_ID='extract_raw_data' AIRFLOW_CTX_EXECUTION_DATE='2025-07-05T01:14:19.832174+00:00' AIRFLOW_CTX_TRY_NUMBER='1' AIRFLOW_CTX_DAG_RUN_ID='manual__2025-07-05T01:14:19.832174+00:00'
[2025-07-05T01:14:21.839+0000] {taskinstance.py:731} INFO - ::endgroup::
[2025-07-05T01:14:21.862+0000] {driven_data_pipeline.py:146} INFO - Started batch processing for 2025-07-05.
[2025-07-05T01:14:21.862+0000] {driven_data_pipeline.py:34} INFO - Created synthetic data for MX country code.
[2025-07-05T01:14:22.110+0000] {driven_data_pipeline.py:99} INFO - Written 1096 records to the CSV file.
[2025-07-05T01:14:22.145+0000] {driven_data_pipeline.py:119} INFO - Added UUID to the dataset.
[2025-07-05T01:14:22.172+0000] {driven_data_pipeline.py:138} INFO - Updated accessed timestamp.
[2025-07-05T01:14:22.172+0000] {driven_data_pipeline.py:154} INFO - Finished batch processing 2025-07-05.
[2025-07-05T01:14:22.173+0000] {python.py:240} INFO - Done. Returned value was: None
[2025-07-05T01:14:22.183+0000] {taskinstance.py:340} INFO - ::group::Post task execution logs
[2025-07-05T01:14:22.183+0000] {taskinstance.py:352} INFO - Marking task as SUCCESS. dag_id=extract_raw_data_pipeline, task_id=extract_raw_data, run_id=manual__2025-07-05T01:14:19.832174+00:00, execution_date=20250705T011419, start_date=20250705T011421, end_date=20250705T011422
[2025-07-05T01:14:22.215+0000] {local_task_job_runner.py:266} INFO - Task exited with return code 0
[2025-07-05T01:14:22.223+0000] {local_task_job_runner.py:245} INFO - ::endgroup::
