[2025-07-01T23:17:30.721+0000] {processor.py:186} INFO - Started process (PID=419) to work on /opt/airflow/dags/driven_data_pipeline.py
[2025-07-01T23:17:30.722+0000] {processor.py:914} INFO - Processing file /opt/airflow/dags/driven_data_pipeline.py for tasks to queue
[2025-07-01T23:17:30.729+0000] {logging_mixin.py:190} INFO - [2025-07-01T23:17:30.728+0000] {dagbag.py:588} INFO - Filling up the DagBag from /opt/airflow/dags/driven_data_pipeline.py
[2025-07-01T23:17:30.769+0000] {logging_mixin.py:190} INFO - [2025-07-01T23:17:30.753+0000] {dagbag.py:387} ERROR - Failed to import: /opt/airflow/dags/driven_data_pipeline.py
Traceback (most recent call last):
  File "/home/airflow/.local/lib/python3.12/site-packages/airflow/models/dagbag.py", line 383, in parse
    loader.exec_module(new_module)
  File "<frozen importlib._bootstrap_external>", line 995, in exec_module
  File "<frozen importlib._bootstrap>", line 488, in _call_with_frames_removed
  File "/opt/airflow/dags/driven_data_pipeline.py", line 27, in <module>
    python_callable=save_raw_data,
                    ^^^^^^^^^^^^^
NameError: name 'save_raw_data' is not defined
[2025-07-01T23:17:30.776+0000] {processor.py:927} WARNING - No viable dags retrieved from /opt/airflow/dags/driven_data_pipeline.py
[2025-07-01T23:17:30.800+0000] {processor.py:208} INFO - Processing /opt/airflow/dags/driven_data_pipeline.py took 0.090 seconds
[2025-07-01T23:18:01.119+0000] {processor.py:186} INFO - Started process (PID=426) to work on /opt/airflow/dags/driven_data_pipeline.py
[2025-07-01T23:18:01.121+0000] {processor.py:914} INFO - Processing file /opt/airflow/dags/driven_data_pipeline.py for tasks to queue
[2025-07-01T23:18:01.123+0000] {logging_mixin.py:190} INFO - [2025-07-01T23:18:01.123+0000] {dagbag.py:588} INFO - Filling up the DagBag from /opt/airflow/dags/driven_data_pipeline.py
[2025-07-01T23:18:01.143+0000] {logging_mixin.py:190} INFO - [2025-07-01T23:18:01.138+0000] {dagbag.py:387} ERROR - Failed to import: /opt/airflow/dags/driven_data_pipeline.py
Traceback (most recent call last):
  File "/home/airflow/.local/lib/python3.12/site-packages/airflow/models/dagbag.py", line 383, in parse
    loader.exec_module(new_module)
  File "<frozen importlib._bootstrap_external>", line 995, in exec_module
  File "<frozen importlib._bootstrap>", line 488, in _call_with_frames_removed
  File "/opt/airflow/dags/driven_data_pipeline.py", line 27, in <module>
    python_callable=save_raw_data,
                    ^^^^^^^^^^^^^
NameError: name 'save_raw_data' is not defined
[2025-07-01T23:18:01.148+0000] {processor.py:927} WARNING - No viable dags retrieved from /opt/airflow/dags/driven_data_pipeline.py
[2025-07-01T23:18:01.167+0000] {processor.py:208} INFO - Processing /opt/airflow/dags/driven_data_pipeline.py took 0.055 seconds
[2025-07-01T23:18:31.463+0000] {processor.py:186} INFO - Started process (PID=434) to work on /opt/airflow/dags/driven_data_pipeline.py
[2025-07-01T23:18:31.464+0000] {processor.py:914} INFO - Processing file /opt/airflow/dags/driven_data_pipeline.py for tasks to queue
[2025-07-01T23:18:31.466+0000] {logging_mixin.py:190} INFO - [2025-07-01T23:18:31.466+0000] {dagbag.py:588} INFO - Filling up the DagBag from /opt/airflow/dags/driven_data_pipeline.py
[2025-07-01T23:18:31.483+0000] {logging_mixin.py:190} INFO - [2025-07-01T23:18:31.477+0000] {dagbag.py:387} ERROR - Failed to import: /opt/airflow/dags/driven_data_pipeline.py
Traceback (most recent call last):
  File "/home/airflow/.local/lib/python3.12/site-packages/airflow/models/dagbag.py", line 383, in parse
    loader.exec_module(new_module)
  File "<frozen importlib._bootstrap_external>", line 995, in exec_module
  File "<frozen importlib._bootstrap>", line 488, in _call_with_frames_removed
  File "/opt/airflow/dags/driven_data_pipeline.py", line 27, in <module>
    python_callable=save_raw_data,
                    ^^^^^^^^^^^^^
NameError: name 'save_raw_data' is not defined
[2025-07-01T23:18:31.488+0000] {processor.py:927} WARNING - No viable dags retrieved from /opt/airflow/dags/driven_data_pipeline.py
[2025-07-01T23:18:31.505+0000] {processor.py:208} INFO - Processing /opt/airflow/dags/driven_data_pipeline.py took 0.048 seconds
[2025-07-01T23:18:56.815+0000] {processor.py:186} INFO - Started process (PID=441) to work on /opt/airflow/dags/driven_data_pipeline.py
[2025-07-01T23:18:56.816+0000] {processor.py:914} INFO - Processing file /opt/airflow/dags/driven_data_pipeline.py for tasks to queue
[2025-07-01T23:18:56.819+0000] {logging_mixin.py:190} INFO - [2025-07-01T23:18:56.818+0000] {dagbag.py:588} INFO - Filling up the DagBag from /opt/airflow/dags/driven_data_pipeline.py
[2025-07-01T23:18:56.867+0000] {processor.py:925} INFO - DAG(s) 'extract_raw_data_pipeline' retrieved from /opt/airflow/dags/driven_data_pipeline.py
[2025-07-01T23:18:57.565+0000] {logging_mixin.py:190} INFO - [2025-07-01T23:18:57.564+0000] {override.py:1900} INFO - Created Permission View: can read on DAG:extract_raw_data_pipeline
[2025-07-01T23:18:57.582+0000] {logging_mixin.py:190} INFO - [2025-07-01T23:18:57.581+0000] {override.py:1900} INFO - Created Permission View: can delete on DAG:extract_raw_data_pipeline
[2025-07-01T23:18:57.598+0000] {logging_mixin.py:190} INFO - [2025-07-01T23:18:57.597+0000] {override.py:1900} INFO - Created Permission View: can edit on DAG:extract_raw_data_pipeline
[2025-07-01T23:18:57.609+0000] {logging_mixin.py:190} INFO - [2025-07-01T23:18:57.608+0000] {override.py:1900} INFO - Created Permission View: can read on DAG Run:extract_raw_data_pipeline
[2025-07-01T23:18:57.620+0000] {logging_mixin.py:190} INFO - [2025-07-01T23:18:57.619+0000] {override.py:1900} INFO - Created Permission View: can delete on DAG Run:extract_raw_data_pipeline
[2025-07-01T23:18:57.626+0000] {logging_mixin.py:190} INFO - [2025-07-01T23:18:57.626+0000] {override.py:1900} INFO - Created Permission View: can create on DAG Run:extract_raw_data_pipeline
[2025-07-01T23:18:57.632+0000] {logging_mixin.py:190} INFO - [2025-07-01T23:18:57.632+0000] {override.py:1900} INFO - Created Permission View: menu access on DAG Run:extract_raw_data_pipeline
[2025-07-01T23:18:57.633+0000] {logging_mixin.py:190} INFO - [2025-07-01T23:18:57.633+0000] {dag.py:3239} INFO - Sync 1 DAGs
[2025-07-01T23:18:57.644+0000] {logging_mixin.py:190} INFO - [2025-07-01T23:18:57.643+0000] {dag.py:3262} INFO - Creating ORM DAG for extract_raw_data_pipeline
[2025-07-01T23:18:57.653+0000] {logging_mixin.py:190} INFO - [2025-07-01T23:18:57.652+0000] {dag.py:4180} INFO - Setting next_dagrun for extract_raw_data_pipeline to 2025-06-30 07:00:00+00:00, run_after=2025-07-01 07:00:00+00:00
[2025-07-01T23:18:57.670+0000] {processor.py:208} INFO - Processing /opt/airflow/dags/driven_data_pipeline.py took 0.860 seconds
[2025-07-01T23:19:28.268+0000] {processor.py:186} INFO - Started process (PID=448) to work on /opt/airflow/dags/driven_data_pipeline.py
[2025-07-01T23:19:28.269+0000] {processor.py:914} INFO - Processing file /opt/airflow/dags/driven_data_pipeline.py for tasks to queue
[2025-07-01T23:19:28.274+0000] {logging_mixin.py:190} INFO - [2025-07-01T23:19:28.274+0000] {dagbag.py:588} INFO - Filling up the DagBag from /opt/airflow/dags/driven_data_pipeline.py
[2025-07-01T23:19:28.301+0000] {processor.py:925} INFO - DAG(s) 'extract_raw_data_pipeline' retrieved from /opt/airflow/dags/driven_data_pipeline.py
[2025-07-01T23:19:28.330+0000] {logging_mixin.py:190} INFO - [2025-07-01T23:19:28.330+0000] {dag.py:3239} INFO - Sync 1 DAGs
[2025-07-01T23:19:28.351+0000] {logging_mixin.py:190} INFO - [2025-07-01T23:19:28.351+0000] {dag.py:4180} INFO - Setting next_dagrun for extract_raw_data_pipeline to 2025-06-30 07:00:00+00:00, run_after=2025-07-01 07:00:00+00:00
[2025-07-01T23:19:28.368+0000] {processor.py:208} INFO - Processing /opt/airflow/dags/driven_data_pipeline.py took 0.113 seconds
[2025-07-01T23:19:58.568+0000] {processor.py:186} INFO - Started process (PID=455) to work on /opt/airflow/dags/driven_data_pipeline.py
[2025-07-01T23:19:58.569+0000] {processor.py:914} INFO - Processing file /opt/airflow/dags/driven_data_pipeline.py for tasks to queue
[2025-07-01T23:19:58.571+0000] {logging_mixin.py:190} INFO - [2025-07-01T23:19:58.571+0000] {dagbag.py:588} INFO - Filling up the DagBag from /opt/airflow/dags/driven_data_pipeline.py
[2025-07-01T23:19:58.591+0000] {processor.py:925} INFO - DAG(s) 'extract_raw_data_pipeline' retrieved from /opt/airflow/dags/driven_data_pipeline.py
[2025-07-01T23:19:58.618+0000] {logging_mixin.py:190} INFO - [2025-07-01T23:19:58.618+0000] {dag.py:3239} INFO - Sync 1 DAGs
[2025-07-01T23:19:58.643+0000] {logging_mixin.py:190} INFO - [2025-07-01T23:19:58.643+0000] {dag.py:4180} INFO - Setting next_dagrun for extract_raw_data_pipeline to 2025-06-30 07:00:00+00:00, run_after=2025-07-01 07:00:00+00:00
[2025-07-01T23:19:58.662+0000] {processor.py:208} INFO - Processing /opt/airflow/dags/driven_data_pipeline.py took 0.101 seconds
[2025-07-01T23:20:28.975+0000] {processor.py:186} INFO - Started process (PID=462) to work on /opt/airflow/dags/driven_data_pipeline.py
[2025-07-01T23:20:28.977+0000] {processor.py:914} INFO - Processing file /opt/airflow/dags/driven_data_pipeline.py for tasks to queue
[2025-07-01T23:20:28.980+0000] {logging_mixin.py:190} INFO - [2025-07-01T23:20:28.979+0000] {dagbag.py:588} INFO - Filling up the DagBag from /opt/airflow/dags/driven_data_pipeline.py
[2025-07-01T23:20:29.001+0000] {processor.py:925} INFO - DAG(s) 'extract_raw_data_pipeline' retrieved from /opt/airflow/dags/driven_data_pipeline.py
[2025-07-01T23:20:29.029+0000] {logging_mixin.py:190} INFO - [2025-07-01T23:20:29.029+0000] {dag.py:3239} INFO - Sync 1 DAGs
[2025-07-01T23:20:29.054+0000] {logging_mixin.py:190} INFO - [2025-07-01T23:20:29.054+0000] {dag.py:4180} INFO - Setting next_dagrun for extract_raw_data_pipeline to 2025-06-30 07:00:00+00:00, run_after=2025-07-01 07:00:00+00:00
[2025-07-01T23:20:29.074+0000] {processor.py:208} INFO - Processing /opt/airflow/dags/driven_data_pipeline.py took 0.106 seconds
[2025-07-01T23:20:59.370+0000] {processor.py:186} INFO - Started process (PID=469) to work on /opt/airflow/dags/driven_data_pipeline.py
[2025-07-01T23:20:59.371+0000] {processor.py:914} INFO - Processing file /opt/airflow/dags/driven_data_pipeline.py for tasks to queue
[2025-07-01T23:20:59.373+0000] {logging_mixin.py:190} INFO - [2025-07-01T23:20:59.373+0000] {dagbag.py:588} INFO - Filling up the DagBag from /opt/airflow/dags/driven_data_pipeline.py
[2025-07-01T23:20:59.393+0000] {processor.py:925} INFO - DAG(s) 'extract_raw_data_pipeline' retrieved from /opt/airflow/dags/driven_data_pipeline.py
[2025-07-01T23:20:59.416+0000] {logging_mixin.py:190} INFO - [2025-07-01T23:20:59.415+0000] {dag.py:3239} INFO - Sync 1 DAGs
[2025-07-01T23:20:59.434+0000] {logging_mixin.py:190} INFO - [2025-07-01T23:20:59.434+0000] {dag.py:4180} INFO - Setting next_dagrun for extract_raw_data_pipeline to 2025-06-30 07:00:00+00:00, run_after=2025-07-01 07:00:00+00:00
[2025-07-01T23:20:59.448+0000] {processor.py:208} INFO - Processing /opt/airflow/dags/driven_data_pipeline.py took 0.083 seconds
[2025-07-01T23:21:29.742+0000] {processor.py:186} INFO - Started process (PID=476) to work on /opt/airflow/dags/driven_data_pipeline.py
[2025-07-01T23:21:29.743+0000] {processor.py:914} INFO - Processing file /opt/airflow/dags/driven_data_pipeline.py for tasks to queue
[2025-07-01T23:21:29.747+0000] {logging_mixin.py:190} INFO - [2025-07-01T23:21:29.746+0000] {dagbag.py:588} INFO - Filling up the DagBag from /opt/airflow/dags/driven_data_pipeline.py
[2025-07-01T23:21:29.767+0000] {processor.py:925} INFO - DAG(s) 'extract_raw_data_pipeline' retrieved from /opt/airflow/dags/driven_data_pipeline.py
[2025-07-01T23:21:29.799+0000] {logging_mixin.py:190} INFO - [2025-07-01T23:21:29.798+0000] {dag.py:3239} INFO - Sync 1 DAGs
[2025-07-01T23:21:29.823+0000] {logging_mixin.py:190} INFO - [2025-07-01T23:21:29.823+0000] {dag.py:4180} INFO - Setting next_dagrun for extract_raw_data_pipeline to 2025-06-30 07:00:00+00:00, run_after=2025-07-01 07:00:00+00:00
[2025-07-01T23:21:29.841+0000] {processor.py:208} INFO - Processing /opt/airflow/dags/driven_data_pipeline.py took 0.105 seconds
[2025-07-01T23:22:00.071+0000] {processor.py:186} INFO - Started process (PID=489) to work on /opt/airflow/dags/driven_data_pipeline.py
[2025-07-01T23:22:00.072+0000] {processor.py:914} INFO - Processing file /opt/airflow/dags/driven_data_pipeline.py for tasks to queue
[2025-07-01T23:22:00.075+0000] {logging_mixin.py:190} INFO - [2025-07-01T23:22:00.075+0000] {dagbag.py:588} INFO - Filling up the DagBag from /opt/airflow/dags/driven_data_pipeline.py
[2025-07-01T23:22:00.099+0000] {processor.py:925} INFO - DAG(s) 'extract_raw_data_pipeline' retrieved from /opt/airflow/dags/driven_data_pipeline.py
[2025-07-01T23:22:00.132+0000] {logging_mixin.py:190} INFO - [2025-07-01T23:22:00.131+0000] {dag.py:3239} INFO - Sync 1 DAGs
[2025-07-01T23:22:00.162+0000] {logging_mixin.py:190} INFO - [2025-07-01T23:22:00.162+0000] {dag.py:4180} INFO - Setting next_dagrun for extract_raw_data_pipeline to 2025-07-01 07:00:00+00:00, run_after=2025-07-02 07:00:00+00:00
[2025-07-01T23:22:00.183+0000] {processor.py:208} INFO - Processing /opt/airflow/dags/driven_data_pipeline.py took 0.119 seconds
[2025-07-01T23:22:30.525+0000] {processor.py:186} INFO - Started process (PID=496) to work on /opt/airflow/dags/driven_data_pipeline.py
[2025-07-01T23:22:30.526+0000] {processor.py:914} INFO - Processing file /opt/airflow/dags/driven_data_pipeline.py for tasks to queue
[2025-07-01T23:22:30.528+0000] {logging_mixin.py:190} INFO - [2025-07-01T23:22:30.528+0000] {dagbag.py:588} INFO - Filling up the DagBag from /opt/airflow/dags/driven_data_pipeline.py
[2025-07-01T23:22:30.546+0000] {processor.py:925} INFO - DAG(s) 'extract_raw_data_pipeline' retrieved from /opt/airflow/dags/driven_data_pipeline.py
[2025-07-01T23:22:30.571+0000] {logging_mixin.py:190} INFO - [2025-07-01T23:22:30.571+0000] {dag.py:3239} INFO - Sync 1 DAGs
[2025-07-01T23:22:30.594+0000] {logging_mixin.py:190} INFO - [2025-07-01T23:22:30.594+0000] {dag.py:4180} INFO - Setting next_dagrun for extract_raw_data_pipeline to 2025-07-01 07:00:00+00:00, run_after=2025-07-02 07:00:00+00:00
[2025-07-01T23:22:30.610+0000] {processor.py:208} INFO - Processing /opt/airflow/dags/driven_data_pipeline.py took 0.091 seconds
[2025-07-01T23:23:00.850+0000] {processor.py:186} INFO - Started process (PID=503) to work on /opt/airflow/dags/driven_data_pipeline.py
[2025-07-01T23:23:00.852+0000] {processor.py:914} INFO - Processing file /opt/airflow/dags/driven_data_pipeline.py for tasks to queue
[2025-07-01T23:23:00.855+0000] {logging_mixin.py:190} INFO - [2025-07-01T23:23:00.855+0000] {dagbag.py:588} INFO - Filling up the DagBag from /opt/airflow/dags/driven_data_pipeline.py
[2025-07-01T23:23:00.878+0000] {processor.py:925} INFO - DAG(s) 'extract_raw_data_pipeline' retrieved from /opt/airflow/dags/driven_data_pipeline.py
[2025-07-01T23:23:00.907+0000] {logging_mixin.py:190} INFO - [2025-07-01T23:23:00.907+0000] {dag.py:3239} INFO - Sync 1 DAGs
[2025-07-01T23:23:00.932+0000] {logging_mixin.py:190} INFO - [2025-07-01T23:23:00.932+0000] {dag.py:4180} INFO - Setting next_dagrun for extract_raw_data_pipeline to 2025-07-01 07:00:00+00:00, run_after=2025-07-02 07:00:00+00:00
[2025-07-01T23:23:00.951+0000] {processor.py:208} INFO - Processing /opt/airflow/dags/driven_data_pipeline.py took 0.108 seconds
[2025-07-01T23:23:31.261+0000] {processor.py:186} INFO - Started process (PID=510) to work on /opt/airflow/dags/driven_data_pipeline.py
[2025-07-01T23:23:31.262+0000] {processor.py:914} INFO - Processing file /opt/airflow/dags/driven_data_pipeline.py for tasks to queue
[2025-07-01T23:23:31.265+0000] {logging_mixin.py:190} INFO - [2025-07-01T23:23:31.264+0000] {dagbag.py:588} INFO - Filling up the DagBag from /opt/airflow/dags/driven_data_pipeline.py
[2025-07-01T23:23:31.284+0000] {processor.py:925} INFO - DAG(s) 'extract_raw_data_pipeline' retrieved from /opt/airflow/dags/driven_data_pipeline.py
[2025-07-01T23:23:31.308+0000] {logging_mixin.py:190} INFO - [2025-07-01T23:23:31.307+0000] {dag.py:3239} INFO - Sync 1 DAGs
[2025-07-01T23:23:31.329+0000] {logging_mixin.py:190} INFO - [2025-07-01T23:23:31.329+0000] {dag.py:4180} INFO - Setting next_dagrun for extract_raw_data_pipeline to 2025-07-01 07:00:00+00:00, run_after=2025-07-02 07:00:00+00:00
[2025-07-01T23:23:31.347+0000] {processor.py:208} INFO - Processing /opt/airflow/dags/driven_data_pipeline.py took 0.092 seconds
[2025-07-01T23:24:01.772+0000] {processor.py:186} INFO - Started process (PID=518) to work on /opt/airflow/dags/driven_data_pipeline.py
[2025-07-01T23:24:01.775+0000] {processor.py:914} INFO - Processing file /opt/airflow/dags/driven_data_pipeline.py for tasks to queue
[2025-07-01T23:24:01.780+0000] {logging_mixin.py:190} INFO - [2025-07-01T23:24:01.779+0000] {dagbag.py:588} INFO - Filling up the DagBag from /opt/airflow/dags/driven_data_pipeline.py
[2025-07-01T23:24:01.805+0000] {processor.py:925} INFO - DAG(s) 'extract_raw_data_pipeline' retrieved from /opt/airflow/dags/driven_data_pipeline.py
[2025-07-01T23:24:01.834+0000] {logging_mixin.py:190} INFO - [2025-07-01T23:24:01.834+0000] {dag.py:3239} INFO - Sync 1 DAGs
[2025-07-01T23:24:01.858+0000] {logging_mixin.py:190} INFO - [2025-07-01T23:24:01.858+0000] {dag.py:4180} INFO - Setting next_dagrun for extract_raw_data_pipeline to 2025-07-01 07:00:00+00:00, run_after=2025-07-02 07:00:00+00:00
[2025-07-01T23:24:01.876+0000] {processor.py:208} INFO - Processing /opt/airflow/dags/driven_data_pipeline.py took 0.113 seconds
[2025-07-01T23:24:32.064+0000] {processor.py:186} INFO - Started process (PID=525) to work on /opt/airflow/dags/driven_data_pipeline.py
[2025-07-01T23:24:32.065+0000] {processor.py:914} INFO - Processing file /opt/airflow/dags/driven_data_pipeline.py for tasks to queue
[2025-07-01T23:24:32.069+0000] {logging_mixin.py:190} INFO - [2025-07-01T23:24:32.068+0000] {dagbag.py:588} INFO - Filling up the DagBag from /opt/airflow/dags/driven_data_pipeline.py
[2025-07-01T23:24:32.088+0000] {processor.py:925} INFO - DAG(s) 'extract_raw_data_pipeline' retrieved from /opt/airflow/dags/driven_data_pipeline.py
[2025-07-01T23:24:32.116+0000] {logging_mixin.py:190} INFO - [2025-07-01T23:24:32.116+0000] {dag.py:3239} INFO - Sync 1 DAGs
[2025-07-01T23:24:32.138+0000] {logging_mixin.py:190} INFO - [2025-07-01T23:24:32.138+0000] {dag.py:4180} INFO - Setting next_dagrun for extract_raw_data_pipeline to 2025-07-01 07:00:00+00:00, run_after=2025-07-02 07:00:00+00:00
[2025-07-01T23:24:32.155+0000] {processor.py:208} INFO - Processing /opt/airflow/dags/driven_data_pipeline.py took 0.098 seconds
[2025-07-01T23:25:02.464+0000] {processor.py:186} INFO - Started process (PID=532) to work on /opt/airflow/dags/driven_data_pipeline.py
[2025-07-01T23:25:02.465+0000] {processor.py:914} INFO - Processing file /opt/airflow/dags/driven_data_pipeline.py for tasks to queue
[2025-07-01T23:25:02.468+0000] {logging_mixin.py:190} INFO - [2025-07-01T23:25:02.468+0000] {dagbag.py:588} INFO - Filling up the DagBag from /opt/airflow/dags/driven_data_pipeline.py
[2025-07-01T23:25:02.485+0000] {processor.py:925} INFO - DAG(s) 'extract_raw_data_pipeline' retrieved from /opt/airflow/dags/driven_data_pipeline.py
[2025-07-01T23:25:02.510+0000] {logging_mixin.py:190} INFO - [2025-07-01T23:25:02.510+0000] {dag.py:3239} INFO - Sync 1 DAGs
[2025-07-01T23:25:02.532+0000] {logging_mixin.py:190} INFO - [2025-07-01T23:25:02.532+0000] {dag.py:4180} INFO - Setting next_dagrun for extract_raw_data_pipeline to 2025-07-01 07:00:00+00:00, run_after=2025-07-02 07:00:00+00:00
[2025-07-01T23:25:02.548+0000] {processor.py:208} INFO - Processing /opt/airflow/dags/driven_data_pipeline.py took 0.089 seconds
[2025-07-01T23:25:32.821+0000] {processor.py:186} INFO - Started process (PID=539) to work on /opt/airflow/dags/driven_data_pipeline.py
[2025-07-01T23:25:32.822+0000] {processor.py:914} INFO - Processing file /opt/airflow/dags/driven_data_pipeline.py for tasks to queue
[2025-07-01T23:25:32.825+0000] {logging_mixin.py:190} INFO - [2025-07-01T23:25:32.824+0000] {dagbag.py:588} INFO - Filling up the DagBag from /opt/airflow/dags/driven_data_pipeline.py
[2025-07-01T23:25:32.846+0000] {processor.py:925} INFO - DAG(s) 'extract_raw_data_pipeline' retrieved from /opt/airflow/dags/driven_data_pipeline.py
[2025-07-01T23:25:32.873+0000] {logging_mixin.py:190} INFO - [2025-07-01T23:25:32.873+0000] {dag.py:3239} INFO - Sync 1 DAGs
[2025-07-01T23:25:32.898+0000] {logging_mixin.py:190} INFO - [2025-07-01T23:25:32.898+0000] {dag.py:4180} INFO - Setting next_dagrun for extract_raw_data_pipeline to 2025-07-01 07:00:00+00:00, run_after=2025-07-02 07:00:00+00:00
[2025-07-01T23:25:32.918+0000] {processor.py:208} INFO - Processing /opt/airflow/dags/driven_data_pipeline.py took 0.102 seconds
[2025-07-01T23:26:03.074+0000] {processor.py:186} INFO - Started process (PID=546) to work on /opt/airflow/dags/driven_data_pipeline.py
[2025-07-01T23:26:03.075+0000] {processor.py:914} INFO - Processing file /opt/airflow/dags/driven_data_pipeline.py for tasks to queue
[2025-07-01T23:26:03.078+0000] {logging_mixin.py:190} INFO - [2025-07-01T23:26:03.078+0000] {dagbag.py:588} INFO - Filling up the DagBag from /opt/airflow/dags/driven_data_pipeline.py
[2025-07-01T23:26:03.107+0000] {processor.py:925} INFO - DAG(s) 'extract_raw_data_pipeline' retrieved from /opt/airflow/dags/driven_data_pipeline.py
[2025-07-01T23:26:03.133+0000] {logging_mixin.py:190} INFO - [2025-07-01T23:26:03.132+0000] {dag.py:3239} INFO - Sync 1 DAGs
[2025-07-01T23:26:03.155+0000] {logging_mixin.py:190} INFO - [2025-07-01T23:26:03.155+0000] {dag.py:4180} INFO - Setting next_dagrun for extract_raw_data_pipeline to 2025-07-01 07:00:00+00:00, run_after=2025-07-02 07:00:00+00:00
[2025-07-01T23:26:03.173+0000] {processor.py:208} INFO - Processing /opt/airflow/dags/driven_data_pipeline.py took 0.105 seconds
[2025-07-01T23:26:33.476+0000] {processor.py:186} INFO - Started process (PID=553) to work on /opt/airflow/dags/driven_data_pipeline.py
[2025-07-01T23:26:33.477+0000] {processor.py:914} INFO - Processing file /opt/airflow/dags/driven_data_pipeline.py for tasks to queue
[2025-07-01T23:26:33.480+0000] {logging_mixin.py:190} INFO - [2025-07-01T23:26:33.480+0000] {dagbag.py:588} INFO - Filling up the DagBag from /opt/airflow/dags/driven_data_pipeline.py
[2025-07-01T23:26:33.502+0000] {processor.py:925} INFO - DAG(s) 'extract_raw_data_pipeline' retrieved from /opt/airflow/dags/driven_data_pipeline.py
[2025-07-01T23:26:33.532+0000] {logging_mixin.py:190} INFO - [2025-07-01T23:26:33.532+0000] {dag.py:3239} INFO - Sync 1 DAGs
[2025-07-01T23:26:33.554+0000] {logging_mixin.py:190} INFO - [2025-07-01T23:26:33.554+0000] {dag.py:4180} INFO - Setting next_dagrun for extract_raw_data_pipeline to 2025-07-01 07:00:00+00:00, run_after=2025-07-02 07:00:00+00:00
[2025-07-01T23:26:33.570+0000] {processor.py:208} INFO - Processing /opt/airflow/dags/driven_data_pipeline.py took 0.102 seconds
[2025-07-01T23:27:03.787+0000] {processor.py:186} INFO - Started process (PID=560) to work on /opt/airflow/dags/driven_data_pipeline.py
[2025-07-01T23:27:03.788+0000] {processor.py:914} INFO - Processing file /opt/airflow/dags/driven_data_pipeline.py for tasks to queue
[2025-07-01T23:27:03.791+0000] {logging_mixin.py:190} INFO - [2025-07-01T23:27:03.791+0000] {dagbag.py:588} INFO - Filling up the DagBag from /opt/airflow/dags/driven_data_pipeline.py
[2025-07-01T23:27:03.812+0000] {processor.py:925} INFO - DAG(s) 'extract_raw_data_pipeline' retrieved from /opt/airflow/dags/driven_data_pipeline.py
[2025-07-01T23:27:03.840+0000] {logging_mixin.py:190} INFO - [2025-07-01T23:27:03.840+0000] {dag.py:3239} INFO - Sync 1 DAGs
[2025-07-01T23:27:03.862+0000] {logging_mixin.py:190} INFO - [2025-07-01T23:27:03.862+0000] {dag.py:4180} INFO - Setting next_dagrun for extract_raw_data_pipeline to 2025-07-01 07:00:00+00:00, run_after=2025-07-02 07:00:00+00:00
[2025-07-01T23:27:03.879+0000] {processor.py:208} INFO - Processing /opt/airflow/dags/driven_data_pipeline.py took 0.098 seconds
[2025-07-01T23:27:34.853+0000] {processor.py:186} INFO - Started process (PID=567) to work on /opt/airflow/dags/driven_data_pipeline.py
[2025-07-01T23:27:34.854+0000] {processor.py:914} INFO - Processing file /opt/airflow/dags/driven_data_pipeline.py for tasks to queue
[2025-07-01T23:27:34.857+0000] {logging_mixin.py:190} INFO - [2025-07-01T23:27:34.857+0000] {dagbag.py:588} INFO - Filling up the DagBag from /opt/airflow/dags/driven_data_pipeline.py
[2025-07-01T23:27:34.881+0000] {processor.py:925} INFO - DAG(s) 'extract_raw_data_pipeline' retrieved from /opt/airflow/dags/driven_data_pipeline.py
[2025-07-01T23:27:34.906+0000] {logging_mixin.py:190} INFO - [2025-07-01T23:27:34.906+0000] {dag.py:3239} INFO - Sync 1 DAGs
[2025-07-01T23:27:34.927+0000] {logging_mixin.py:190} INFO - [2025-07-01T23:27:34.927+0000] {dag.py:4180} INFO - Setting next_dagrun for extract_raw_data_pipeline to 2025-07-01 07:00:00+00:00, run_after=2025-07-02 07:00:00+00:00
[2025-07-01T23:27:34.944+0000] {processor.py:208} INFO - Processing /opt/airflow/dags/driven_data_pipeline.py took 0.096 seconds
[2025-07-01T23:28:05.274+0000] {processor.py:186} INFO - Started process (PID=574) to work on /opt/airflow/dags/driven_data_pipeline.py
[2025-07-01T23:28:05.275+0000] {processor.py:914} INFO - Processing file /opt/airflow/dags/driven_data_pipeline.py for tasks to queue
[2025-07-01T23:28:05.278+0000] {logging_mixin.py:190} INFO - [2025-07-01T23:28:05.277+0000] {dagbag.py:588} INFO - Filling up the DagBag from /opt/airflow/dags/driven_data_pipeline.py
[2025-07-01T23:28:05.295+0000] {processor.py:925} INFO - DAG(s) 'extract_raw_data_pipeline' retrieved from /opt/airflow/dags/driven_data_pipeline.py
[2025-07-01T23:28:05.318+0000] {logging_mixin.py:190} INFO - [2025-07-01T23:28:05.318+0000] {dag.py:3239} INFO - Sync 1 DAGs
[2025-07-01T23:28:05.337+0000] {logging_mixin.py:190} INFO - [2025-07-01T23:28:05.337+0000] {dag.py:4180} INFO - Setting next_dagrun for extract_raw_data_pipeline to 2025-07-01 07:00:00+00:00, run_after=2025-07-02 07:00:00+00:00
[2025-07-01T23:28:05.366+0000] {processor.py:208} INFO - Processing /opt/airflow/dags/driven_data_pipeline.py took 0.097 seconds
[2025-07-01T23:28:35.809+0000] {processor.py:186} INFO - Started process (PID=581) to work on /opt/airflow/dags/driven_data_pipeline.py
[2025-07-01T23:28:35.810+0000] {processor.py:914} INFO - Processing file /opt/airflow/dags/driven_data_pipeline.py for tasks to queue
[2025-07-01T23:28:35.813+0000] {logging_mixin.py:190} INFO - [2025-07-01T23:28:35.813+0000] {dagbag.py:588} INFO - Filling up the DagBag from /opt/airflow/dags/driven_data_pipeline.py
[2025-07-01T23:28:35.836+0000] {processor.py:925} INFO - DAG(s) 'extract_raw_data_pipeline' retrieved from /opt/airflow/dags/driven_data_pipeline.py
[2025-07-01T23:28:35.861+0000] {logging_mixin.py:190} INFO - [2025-07-01T23:28:35.860+0000] {dag.py:3239} INFO - Sync 1 DAGs
[2025-07-01T23:28:35.882+0000] {logging_mixin.py:190} INFO - [2025-07-01T23:28:35.882+0000] {dag.py:4180} INFO - Setting next_dagrun for extract_raw_data_pipeline to 2025-07-01 07:00:00+00:00, run_after=2025-07-02 07:00:00+00:00
[2025-07-01T23:28:35.899+0000] {processor.py:208} INFO - Processing /opt/airflow/dags/driven_data_pipeline.py took 0.097 seconds
[2025-07-01T23:29:06.174+0000] {processor.py:186} INFO - Started process (PID=588) to work on /opt/airflow/dags/driven_data_pipeline.py
[2025-07-01T23:29:06.175+0000] {processor.py:914} INFO - Processing file /opt/airflow/dags/driven_data_pipeline.py for tasks to queue
[2025-07-01T23:29:06.179+0000] {logging_mixin.py:190} INFO - [2025-07-01T23:29:06.178+0000] {dagbag.py:588} INFO - Filling up the DagBag from /opt/airflow/dags/driven_data_pipeline.py
[2025-07-01T23:29:06.200+0000] {processor.py:925} INFO - DAG(s) 'extract_raw_data_pipeline' retrieved from /opt/airflow/dags/driven_data_pipeline.py
[2025-07-01T23:29:06.230+0000] {logging_mixin.py:190} INFO - [2025-07-01T23:29:06.230+0000] {dag.py:3239} INFO - Sync 1 DAGs
[2025-07-01T23:29:06.260+0000] {logging_mixin.py:190} INFO - [2025-07-01T23:29:06.259+0000] {dag.py:4180} INFO - Setting next_dagrun for extract_raw_data_pipeline to 2025-07-01 07:00:00+00:00, run_after=2025-07-02 07:00:00+00:00
[2025-07-01T23:29:06.280+0000] {processor.py:208} INFO - Processing /opt/airflow/dags/driven_data_pipeline.py took 0.112 seconds
[2025-07-01T23:29:36.654+0000] {processor.py:186} INFO - Started process (PID=595) to work on /opt/airflow/dags/driven_data_pipeline.py
[2025-07-01T23:29:36.655+0000] {processor.py:914} INFO - Processing file /opt/airflow/dags/driven_data_pipeline.py for tasks to queue
[2025-07-01T23:29:36.659+0000] {logging_mixin.py:190} INFO - [2025-07-01T23:29:36.658+0000] {dagbag.py:588} INFO - Filling up the DagBag from /opt/airflow/dags/driven_data_pipeline.py
[2025-07-01T23:29:36.678+0000] {processor.py:925} INFO - DAG(s) 'extract_raw_data_pipeline' retrieved from /opt/airflow/dags/driven_data_pipeline.py
[2025-07-01T23:29:36.703+0000] {logging_mixin.py:190} INFO - [2025-07-01T23:29:36.703+0000] {dag.py:3239} INFO - Sync 1 DAGs
[2025-07-01T23:29:36.723+0000] {logging_mixin.py:190} INFO - [2025-07-01T23:29:36.723+0000] {dag.py:4180} INFO - Setting next_dagrun for extract_raw_data_pipeline to 2025-07-01 07:00:00+00:00, run_after=2025-07-02 07:00:00+00:00
[2025-07-01T23:29:36.740+0000] {processor.py:208} INFO - Processing /opt/airflow/dags/driven_data_pipeline.py took 0.092 seconds
[2025-07-01T23:30:07.272+0000] {processor.py:186} INFO - Started process (PID=602) to work on /opt/airflow/dags/driven_data_pipeline.py
[2025-07-01T23:30:07.273+0000] {processor.py:914} INFO - Processing file /opt/airflow/dags/driven_data_pipeline.py for tasks to queue
[2025-07-01T23:30:07.276+0000] {logging_mixin.py:190} INFO - [2025-07-01T23:30:07.275+0000] {dagbag.py:588} INFO - Filling up the DagBag from /opt/airflow/dags/driven_data_pipeline.py
[2025-07-01T23:30:07.294+0000] {processor.py:925} INFO - DAG(s) 'extract_raw_data_pipeline' retrieved from /opt/airflow/dags/driven_data_pipeline.py
[2025-07-01T23:30:07.316+0000] {logging_mixin.py:190} INFO - [2025-07-01T23:30:07.316+0000] {dag.py:3239} INFO - Sync 1 DAGs
[2025-07-01T23:30:07.334+0000] {logging_mixin.py:190} INFO - [2025-07-01T23:30:07.334+0000] {dag.py:4180} INFO - Setting next_dagrun for extract_raw_data_pipeline to 2025-07-01 07:00:00+00:00, run_after=2025-07-02 07:00:00+00:00
[2025-07-01T23:30:07.351+0000] {processor.py:208} INFO - Processing /opt/airflow/dags/driven_data_pipeline.py took 0.084 seconds
[2025-07-01T23:30:37.702+0000] {processor.py:186} INFO - Started process (PID=609) to work on /opt/airflow/dags/driven_data_pipeline.py
[2025-07-01T23:30:37.703+0000] {processor.py:914} INFO - Processing file /opt/airflow/dags/driven_data_pipeline.py for tasks to queue
[2025-07-01T23:30:37.706+0000] {logging_mixin.py:190} INFO - [2025-07-01T23:30:37.705+0000] {dagbag.py:588} INFO - Filling up the DagBag from /opt/airflow/dags/driven_data_pipeline.py
[2025-07-01T23:30:37.723+0000] {processor.py:925} INFO - DAG(s) 'extract_raw_data_pipeline' retrieved from /opt/airflow/dags/driven_data_pipeline.py
[2025-07-01T23:30:37.750+0000] {logging_mixin.py:190} INFO - [2025-07-01T23:30:37.750+0000] {dag.py:3239} INFO - Sync 1 DAGs
[2025-07-01T23:30:37.772+0000] {logging_mixin.py:190} INFO - [2025-07-01T23:30:37.772+0000] {dag.py:4180} INFO - Setting next_dagrun for extract_raw_data_pipeline to 2025-07-01 07:00:00+00:00, run_after=2025-07-02 07:00:00+00:00
[2025-07-01T23:30:37.846+0000] {processor.py:208} INFO - Processing /opt/airflow/dags/driven_data_pipeline.py took 0.151 seconds
[2025-07-01T23:31:08.180+0000] {processor.py:186} INFO - Started process (PID=616) to work on /opt/airflow/dags/driven_data_pipeline.py
[2025-07-01T23:31:08.181+0000] {processor.py:914} INFO - Processing file /opt/airflow/dags/driven_data_pipeline.py for tasks to queue
[2025-07-01T23:31:08.184+0000] {logging_mixin.py:190} INFO - [2025-07-01T23:31:08.184+0000] {dagbag.py:588} INFO - Filling up the DagBag from /opt/airflow/dags/driven_data_pipeline.py
[2025-07-01T23:31:08.204+0000] {processor.py:925} INFO - DAG(s) 'extract_raw_data_pipeline' retrieved from /opt/airflow/dags/driven_data_pipeline.py
[2025-07-01T23:31:08.228+0000] {logging_mixin.py:190} INFO - [2025-07-01T23:31:08.228+0000] {dag.py:3239} INFO - Sync 1 DAGs
[2025-07-01T23:31:08.253+0000] {logging_mixin.py:190} INFO - [2025-07-01T23:31:08.252+0000] {dag.py:4180} INFO - Setting next_dagrun for extract_raw_data_pipeline to 2025-07-01 07:00:00+00:00, run_after=2025-07-02 07:00:00+00:00
[2025-07-01T23:31:08.269+0000] {processor.py:208} INFO - Processing /opt/airflow/dags/driven_data_pipeline.py took 0.095 seconds
[2025-07-01T23:31:38.519+0000] {processor.py:186} INFO - Started process (PID=623) to work on /opt/airflow/dags/driven_data_pipeline.py
[2025-07-01T23:31:38.520+0000] {processor.py:914} INFO - Processing file /opt/airflow/dags/driven_data_pipeline.py for tasks to queue
[2025-07-01T23:31:38.523+0000] {logging_mixin.py:190} INFO - [2025-07-01T23:31:38.522+0000] {dagbag.py:588} INFO - Filling up the DagBag from /opt/airflow/dags/driven_data_pipeline.py
[2025-07-01T23:31:38.542+0000] {processor.py:925} INFO - DAG(s) 'extract_raw_data_pipeline' retrieved from /opt/airflow/dags/driven_data_pipeline.py
[2025-07-01T23:31:38.568+0000] {logging_mixin.py:190} INFO - [2025-07-01T23:31:38.568+0000] {dag.py:3239} INFO - Sync 1 DAGs
[2025-07-01T23:31:38.590+0000] {logging_mixin.py:190} INFO - [2025-07-01T23:31:38.590+0000] {dag.py:4180} INFO - Setting next_dagrun for extract_raw_data_pipeline to 2025-07-01 07:00:00+00:00, run_after=2025-07-02 07:00:00+00:00
[2025-07-01T23:31:38.606+0000] {processor.py:208} INFO - Processing /opt/airflow/dags/driven_data_pipeline.py took 0.093 seconds
[2025-07-01T23:32:09.033+0000] {processor.py:186} INFO - Started process (PID=630) to work on /opt/airflow/dags/driven_data_pipeline.py
[2025-07-01T23:32:09.034+0000] {processor.py:914} INFO - Processing file /opt/airflow/dags/driven_data_pipeline.py for tasks to queue
[2025-07-01T23:32:09.037+0000] {logging_mixin.py:190} INFO - [2025-07-01T23:32:09.037+0000] {dagbag.py:588} INFO - Filling up the DagBag from /opt/airflow/dags/driven_data_pipeline.py
[2025-07-01T23:32:09.057+0000] {processor.py:925} INFO - DAG(s) 'extract_raw_data_pipeline' retrieved from /opt/airflow/dags/driven_data_pipeline.py
[2025-07-01T23:32:09.080+0000] {logging_mixin.py:190} INFO - [2025-07-01T23:32:09.080+0000] {dag.py:3239} INFO - Sync 1 DAGs
[2025-07-01T23:32:09.100+0000] {logging_mixin.py:190} INFO - [2025-07-01T23:32:09.100+0000] {dag.py:4180} INFO - Setting next_dagrun for extract_raw_data_pipeline to 2025-07-01 07:00:00+00:00, run_after=2025-07-02 07:00:00+00:00
[2025-07-01T23:32:09.115+0000] {processor.py:208} INFO - Processing /opt/airflow/dags/driven_data_pipeline.py took 0.087 seconds
[2025-07-01T23:32:39.409+0000] {processor.py:186} INFO - Started process (PID=637) to work on /opt/airflow/dags/driven_data_pipeline.py
[2025-07-01T23:32:39.410+0000] {processor.py:914} INFO - Processing file /opt/airflow/dags/driven_data_pipeline.py for tasks to queue
[2025-07-01T23:32:39.414+0000] {logging_mixin.py:190} INFO - [2025-07-01T23:32:39.414+0000] {dagbag.py:588} INFO - Filling up the DagBag from /opt/airflow/dags/driven_data_pipeline.py
[2025-07-01T23:32:39.475+0000] {processor.py:925} INFO - DAG(s) 'extract_raw_data_pipeline' retrieved from /opt/airflow/dags/driven_data_pipeline.py
[2025-07-01T23:32:39.500+0000] {logging_mixin.py:190} INFO - [2025-07-01T23:32:39.500+0000] {dag.py:3239} INFO - Sync 1 DAGs
[2025-07-01T23:32:39.523+0000] {logging_mixin.py:190} INFO - [2025-07-01T23:32:39.522+0000] {dag.py:4180} INFO - Setting next_dagrun for extract_raw_data_pipeline to 2025-07-01 07:00:00+00:00, run_after=2025-07-02 07:00:00+00:00
[2025-07-01T23:32:39.545+0000] {processor.py:208} INFO - Processing /opt/airflow/dags/driven_data_pipeline.py took 0.143 seconds
[2025-07-01T23:33:09.807+0000] {processor.py:186} INFO - Started process (PID=644) to work on /opt/airflow/dags/driven_data_pipeline.py
[2025-07-01T23:33:09.808+0000] {processor.py:914} INFO - Processing file /opt/airflow/dags/driven_data_pipeline.py for tasks to queue
[2025-07-01T23:33:09.812+0000] {logging_mixin.py:190} INFO - [2025-07-01T23:33:09.811+0000] {dagbag.py:588} INFO - Filling up the DagBag from /opt/airflow/dags/driven_data_pipeline.py
[2025-07-01T23:33:09.837+0000] {processor.py:925} INFO - DAG(s) 'extract_raw_data_pipeline' retrieved from /opt/airflow/dags/driven_data_pipeline.py
[2025-07-01T23:33:09.866+0000] {logging_mixin.py:190} INFO - [2025-07-01T23:33:09.866+0000] {dag.py:3239} INFO - Sync 1 DAGs
[2025-07-01T23:33:09.889+0000] {logging_mixin.py:190} INFO - [2025-07-01T23:33:09.889+0000] {dag.py:4180} INFO - Setting next_dagrun for extract_raw_data_pipeline to 2025-07-01 07:00:00+00:00, run_after=2025-07-02 07:00:00+00:00
[2025-07-01T23:33:09.905+0000] {processor.py:208} INFO - Processing /opt/airflow/dags/driven_data_pipeline.py took 0.105 seconds
[2025-07-01T23:33:40.275+0000] {processor.py:186} INFO - Started process (PID=651) to work on /opt/airflow/dags/driven_data_pipeline.py
[2025-07-01T23:33:40.284+0000] {processor.py:914} INFO - Processing file /opt/airflow/dags/driven_data_pipeline.py for tasks to queue
[2025-07-01T23:33:40.287+0000] {logging_mixin.py:190} INFO - [2025-07-01T23:33:40.287+0000] {dagbag.py:588} INFO - Filling up the DagBag from /opt/airflow/dags/driven_data_pipeline.py
[2025-07-01T23:33:40.333+0000] {processor.py:925} INFO - DAG(s) 'extract_raw_data_pipeline' retrieved from /opt/airflow/dags/driven_data_pipeline.py
[2025-07-01T23:33:40.358+0000] {logging_mixin.py:190} INFO - [2025-07-01T23:33:40.358+0000] {dag.py:3239} INFO - Sync 1 DAGs
[2025-07-01T23:33:40.378+0000] {logging_mixin.py:190} INFO - [2025-07-01T23:33:40.378+0000] {dag.py:4180} INFO - Setting next_dagrun for extract_raw_data_pipeline to 2025-07-01 07:00:00+00:00, run_after=2025-07-02 07:00:00+00:00
[2025-07-01T23:33:40.394+0000] {processor.py:208} INFO - Processing /opt/airflow/dags/driven_data_pipeline.py took 0.128 seconds
[2025-07-01T23:34:10.563+0000] {processor.py:186} INFO - Started process (PID=664) to work on /opt/airflow/dags/driven_data_pipeline.py
[2025-07-01T23:34:10.564+0000] {processor.py:914} INFO - Processing file /opt/airflow/dags/driven_data_pipeline.py for tasks to queue
[2025-07-01T23:34:10.566+0000] {logging_mixin.py:190} INFO - [2025-07-01T23:34:10.566+0000] {dagbag.py:588} INFO - Filling up the DagBag from /opt/airflow/dags/driven_data_pipeline.py
[2025-07-01T23:34:10.586+0000] {processor.py:925} INFO - DAG(s) 'extract_raw_data_pipeline' retrieved from /opt/airflow/dags/driven_data_pipeline.py
[2025-07-01T23:34:10.611+0000] {logging_mixin.py:190} INFO - [2025-07-01T23:34:10.611+0000] {dag.py:3239} INFO - Sync 1 DAGs
[2025-07-01T23:34:10.632+0000] {logging_mixin.py:190} INFO - [2025-07-01T23:34:10.632+0000] {dag.py:4180} INFO - Setting next_dagrun for extract_raw_data_pipeline to 2025-07-01 07:00:00+00:00, run_after=2025-07-02 07:00:00+00:00
[2025-07-01T23:34:10.650+0000] {processor.py:208} INFO - Processing /opt/airflow/dags/driven_data_pipeline.py took 0.094 seconds
[2025-07-01T23:34:40.924+0000] {processor.py:186} INFO - Started process (PID=671) to work on /opt/airflow/dags/driven_data_pipeline.py
[2025-07-01T23:34:40.925+0000] {processor.py:914} INFO - Processing file /opt/airflow/dags/driven_data_pipeline.py for tasks to queue
[2025-07-01T23:34:40.928+0000] {logging_mixin.py:190} INFO - [2025-07-01T23:34:40.928+0000] {dagbag.py:588} INFO - Filling up the DagBag from /opt/airflow/dags/driven_data_pipeline.py
[2025-07-01T23:34:40.951+0000] {processor.py:925} INFO - DAG(s) 'extract_raw_data_pipeline' retrieved from /opt/airflow/dags/driven_data_pipeline.py
[2025-07-01T23:34:40.981+0000] {logging_mixin.py:190} INFO - [2025-07-01T23:34:40.981+0000] {dag.py:3239} INFO - Sync 1 DAGs
[2025-07-01T23:34:41.004+0000] {logging_mixin.py:190} INFO - [2025-07-01T23:34:41.004+0000] {dag.py:4180} INFO - Setting next_dagrun for extract_raw_data_pipeline to 2025-07-01 07:00:00+00:00, run_after=2025-07-02 07:00:00+00:00
[2025-07-01T23:34:41.025+0000] {processor.py:208} INFO - Processing /opt/airflow/dags/driven_data_pipeline.py took 0.106 seconds
[2025-07-01T23:35:11.409+0000] {processor.py:186} INFO - Started process (PID=678) to work on /opt/airflow/dags/driven_data_pipeline.py
[2025-07-01T23:35:11.410+0000] {processor.py:914} INFO - Processing file /opt/airflow/dags/driven_data_pipeline.py for tasks to queue
[2025-07-01T23:35:11.413+0000] {logging_mixin.py:190} INFO - [2025-07-01T23:35:11.412+0000] {dagbag.py:588} INFO - Filling up the DagBag from /opt/airflow/dags/driven_data_pipeline.py
[2025-07-01T23:35:11.431+0000] {processor.py:925} INFO - DAG(s) 'extract_raw_data_pipeline' retrieved from /opt/airflow/dags/driven_data_pipeline.py
[2025-07-01T23:35:11.459+0000] {logging_mixin.py:190} INFO - [2025-07-01T23:35:11.459+0000] {dag.py:3239} INFO - Sync 1 DAGs
[2025-07-01T23:35:11.479+0000] {logging_mixin.py:190} INFO - [2025-07-01T23:35:11.479+0000] {dag.py:4180} INFO - Setting next_dagrun for extract_raw_data_pipeline to 2025-07-01 07:00:00+00:00, run_after=2025-07-02 07:00:00+00:00
[2025-07-01T23:35:11.496+0000] {processor.py:208} INFO - Processing /opt/airflow/dags/driven_data_pipeline.py took 0.092 seconds
[2025-07-01T23:35:41.860+0000] {processor.py:186} INFO - Started process (PID=685) to work on /opt/airflow/dags/driven_data_pipeline.py
[2025-07-01T23:35:41.861+0000] {processor.py:914} INFO - Processing file /opt/airflow/dags/driven_data_pipeline.py for tasks to queue
[2025-07-01T23:35:41.864+0000] {logging_mixin.py:190} INFO - [2025-07-01T23:35:41.864+0000] {dagbag.py:588} INFO - Filling up the DagBag from /opt/airflow/dags/driven_data_pipeline.py
[2025-07-01T23:35:41.890+0000] {processor.py:925} INFO - DAG(s) 'extract_raw_data_pipeline' retrieved from /opt/airflow/dags/driven_data_pipeline.py
[2025-07-01T23:35:41.924+0000] {logging_mixin.py:190} INFO - [2025-07-01T23:35:41.924+0000] {dag.py:3239} INFO - Sync 1 DAGs
[2025-07-01T23:35:41.945+0000] {logging_mixin.py:190} INFO - [2025-07-01T23:35:41.945+0000] {dag.py:4180} INFO - Setting next_dagrun for extract_raw_data_pipeline to 2025-07-01 07:00:00+00:00, run_after=2025-07-02 07:00:00+00:00
[2025-07-01T23:35:41.961+0000] {processor.py:208} INFO - Processing /opt/airflow/dags/driven_data_pipeline.py took 0.107 seconds
[2025-07-01T23:36:12.268+0000] {processor.py:186} INFO - Started process (PID=692) to work on /opt/airflow/dags/driven_data_pipeline.py
[2025-07-01T23:36:12.269+0000] {processor.py:914} INFO - Processing file /opt/airflow/dags/driven_data_pipeline.py for tasks to queue
[2025-07-01T23:36:12.272+0000] {logging_mixin.py:190} INFO - [2025-07-01T23:36:12.272+0000] {dagbag.py:588} INFO - Filling up the DagBag from /opt/airflow/dags/driven_data_pipeline.py
[2025-07-01T23:36:12.289+0000] {processor.py:925} INFO - DAG(s) 'extract_raw_data_pipeline' retrieved from /opt/airflow/dags/driven_data_pipeline.py
[2025-07-01T23:36:12.313+0000] {logging_mixin.py:190} INFO - [2025-07-01T23:36:12.312+0000] {dag.py:3239} INFO - Sync 1 DAGs
[2025-07-01T23:36:12.332+0000] {logging_mixin.py:190} INFO - [2025-07-01T23:36:12.332+0000] {dag.py:4180} INFO - Setting next_dagrun for extract_raw_data_pipeline to 2025-07-01 07:00:00+00:00, run_after=2025-07-02 07:00:00+00:00
[2025-07-01T23:36:12.346+0000] {processor.py:208} INFO - Processing /opt/airflow/dags/driven_data_pipeline.py took 0.083 seconds
[2025-07-01T23:36:42.850+0000] {processor.py:186} INFO - Started process (PID=699) to work on /opt/airflow/dags/driven_data_pipeline.py
[2025-07-01T23:36:42.851+0000] {processor.py:914} INFO - Processing file /opt/airflow/dags/driven_data_pipeline.py for tasks to queue
[2025-07-01T23:36:42.853+0000] {logging_mixin.py:190} INFO - [2025-07-01T23:36:42.853+0000] {dagbag.py:588} INFO - Filling up the DagBag from /opt/airflow/dags/driven_data_pipeline.py
[2025-07-01T23:36:42.870+0000] {processor.py:925} INFO - DAG(s) 'extract_raw_data_pipeline' retrieved from /opt/airflow/dags/driven_data_pipeline.py
[2025-07-01T23:36:42.893+0000] {logging_mixin.py:190} INFO - [2025-07-01T23:36:42.892+0000] {dag.py:3239} INFO - Sync 1 DAGs
[2025-07-01T23:36:42.911+0000] {logging_mixin.py:190} INFO - [2025-07-01T23:36:42.911+0000] {dag.py:4180} INFO - Setting next_dagrun for extract_raw_data_pipeline to 2025-07-01 07:00:00+00:00, run_after=2025-07-02 07:00:00+00:00
[2025-07-01T23:36:42.926+0000] {processor.py:208} INFO - Processing /opt/airflow/dags/driven_data_pipeline.py took 0.081 seconds
[2025-07-01T23:37:13.411+0000] {processor.py:186} INFO - Started process (PID=706) to work on /opt/airflow/dags/driven_data_pipeline.py
[2025-07-01T23:37:13.412+0000] {processor.py:914} INFO - Processing file /opt/airflow/dags/driven_data_pipeline.py for tasks to queue
[2025-07-01T23:37:13.415+0000] {logging_mixin.py:190} INFO - [2025-07-01T23:37:13.415+0000] {dagbag.py:588} INFO - Filling up the DagBag from /opt/airflow/dags/driven_data_pipeline.py
[2025-07-01T23:37:13.433+0000] {processor.py:925} INFO - DAG(s) 'extract_raw_data_pipeline' retrieved from /opt/airflow/dags/driven_data_pipeline.py
[2025-07-01T23:37:13.454+0000] {logging_mixin.py:190} INFO - [2025-07-01T23:37:13.454+0000] {dag.py:3239} INFO - Sync 1 DAGs
[2025-07-01T23:37:13.472+0000] {logging_mixin.py:190} INFO - [2025-07-01T23:37:13.472+0000] {dag.py:4180} INFO - Setting next_dagrun for extract_raw_data_pipeline to 2025-07-01 07:00:00+00:00, run_after=2025-07-02 07:00:00+00:00
[2025-07-01T23:37:13.486+0000] {processor.py:208} INFO - Processing /opt/airflow/dags/driven_data_pipeline.py took 0.080 seconds
[2025-07-01T23:37:44.102+0000] {processor.py:186} INFO - Started process (PID=713) to work on /opt/airflow/dags/driven_data_pipeline.py
[2025-07-01T23:37:44.103+0000] {processor.py:914} INFO - Processing file /opt/airflow/dags/driven_data_pipeline.py for tasks to queue
[2025-07-01T23:37:44.105+0000] {logging_mixin.py:190} INFO - [2025-07-01T23:37:44.105+0000] {dagbag.py:588} INFO - Filling up the DagBag from /opt/airflow/dags/driven_data_pipeline.py
[2025-07-01T23:37:44.127+0000] {processor.py:925} INFO - DAG(s) 'extract_raw_data_pipeline' retrieved from /opt/airflow/dags/driven_data_pipeline.py
[2025-07-01T23:37:44.154+0000] {logging_mixin.py:190} INFO - [2025-07-01T23:37:44.154+0000] {dag.py:3239} INFO - Sync 1 DAGs
[2025-07-01T23:37:44.176+0000] {logging_mixin.py:190} INFO - [2025-07-01T23:37:44.176+0000] {dag.py:4180} INFO - Setting next_dagrun for extract_raw_data_pipeline to 2025-07-01 07:00:00+00:00, run_after=2025-07-02 07:00:00+00:00
[2025-07-01T23:37:44.193+0000] {processor.py:208} INFO - Processing /opt/airflow/dags/driven_data_pipeline.py took 0.098 seconds
[2025-07-01T23:38:14.684+0000] {processor.py:186} INFO - Started process (PID=720) to work on /opt/airflow/dags/driven_data_pipeline.py
[2025-07-01T23:38:14.685+0000] {processor.py:914} INFO - Processing file /opt/airflow/dags/driven_data_pipeline.py for tasks to queue
[2025-07-01T23:38:14.687+0000] {logging_mixin.py:190} INFO - [2025-07-01T23:38:14.686+0000] {dagbag.py:588} INFO - Filling up the DagBag from /opt/airflow/dags/driven_data_pipeline.py
[2025-07-01T23:38:14.702+0000] {processor.py:925} INFO - DAG(s) 'extract_raw_data_pipeline' retrieved from /opt/airflow/dags/driven_data_pipeline.py
[2025-07-01T23:38:14.724+0000] {logging_mixin.py:190} INFO - [2025-07-01T23:38:14.724+0000] {dag.py:3239} INFO - Sync 1 DAGs
[2025-07-01T23:38:14.742+0000] {logging_mixin.py:190} INFO - [2025-07-01T23:38:14.742+0000] {dag.py:4180} INFO - Setting next_dagrun for extract_raw_data_pipeline to 2025-07-01 07:00:00+00:00, run_after=2025-07-02 07:00:00+00:00
[2025-07-01T23:38:14.756+0000] {processor.py:208} INFO - Processing /opt/airflow/dags/driven_data_pipeline.py took 0.078 seconds
[2025-07-01T23:38:45.237+0000] {processor.py:186} INFO - Started process (PID=727) to work on /opt/airflow/dags/driven_data_pipeline.py
[2025-07-01T23:38:45.238+0000] {processor.py:914} INFO - Processing file /opt/airflow/dags/driven_data_pipeline.py for tasks to queue
[2025-07-01T23:38:45.241+0000] {logging_mixin.py:190} INFO - [2025-07-01T23:38:45.241+0000] {dagbag.py:588} INFO - Filling up the DagBag from /opt/airflow/dags/driven_data_pipeline.py
[2025-07-01T23:38:45.259+0000] {processor.py:925} INFO - DAG(s) 'extract_raw_data_pipeline' retrieved from /opt/airflow/dags/driven_data_pipeline.py
[2025-07-01T23:38:45.281+0000] {logging_mixin.py:190} INFO - [2025-07-01T23:38:45.281+0000] {dag.py:3239} INFO - Sync 1 DAGs
[2025-07-01T23:38:45.299+0000] {logging_mixin.py:190} INFO - [2025-07-01T23:38:45.298+0000] {dag.py:4180} INFO - Setting next_dagrun for extract_raw_data_pipeline to 2025-07-01 07:00:00+00:00, run_after=2025-07-02 07:00:00+00:00
[2025-07-01T23:38:45.312+0000] {processor.py:208} INFO - Processing /opt/airflow/dags/driven_data_pipeline.py took 0.086 seconds
[2025-07-01T23:39:15.862+0000] {processor.py:186} INFO - Started process (PID=734) to work on /opt/airflow/dags/driven_data_pipeline.py
[2025-07-01T23:39:15.863+0000] {processor.py:914} INFO - Processing file /opt/airflow/dags/driven_data_pipeline.py for tasks to queue
[2025-07-01T23:39:15.866+0000] {logging_mixin.py:190} INFO - [2025-07-01T23:39:15.866+0000] {dagbag.py:588} INFO - Filling up the DagBag from /opt/airflow/dags/driven_data_pipeline.py
[2025-07-01T23:39:15.891+0000] {processor.py:925} INFO - DAG(s) 'extract_raw_data_pipeline' retrieved from /opt/airflow/dags/driven_data_pipeline.py
[2025-07-01T23:39:15.911+0000] {logging_mixin.py:190} INFO - [2025-07-01T23:39:15.911+0000] {dag.py:3239} INFO - Sync 1 DAGs
[2025-07-01T23:39:15.930+0000] {logging_mixin.py:190} INFO - [2025-07-01T23:39:15.930+0000] {dag.py:4180} INFO - Setting next_dagrun for extract_raw_data_pipeline to 2025-07-01 07:00:00+00:00, run_after=2025-07-02 07:00:00+00:00
[2025-07-01T23:39:15.945+0000] {processor.py:208} INFO - Processing /opt/airflow/dags/driven_data_pipeline.py took 0.094 seconds
[2025-07-01T23:39:46.442+0000] {processor.py:186} INFO - Started process (PID=741) to work on /opt/airflow/dags/driven_data_pipeline.py
[2025-07-01T23:39:46.442+0000] {processor.py:914} INFO - Processing file /opt/airflow/dags/driven_data_pipeline.py for tasks to queue
[2025-07-01T23:39:46.445+0000] {logging_mixin.py:190} INFO - [2025-07-01T23:39:46.444+0000] {dagbag.py:588} INFO - Filling up the DagBag from /opt/airflow/dags/driven_data_pipeline.py
[2025-07-01T23:39:46.462+0000] {processor.py:925} INFO - DAG(s) 'extract_raw_data_pipeline' retrieved from /opt/airflow/dags/driven_data_pipeline.py
[2025-07-01T23:39:46.502+0000] {logging_mixin.py:190} INFO - [2025-07-01T23:39:46.502+0000] {dag.py:3239} INFO - Sync 1 DAGs
[2025-07-01T23:39:46.522+0000] {logging_mixin.py:190} INFO - [2025-07-01T23:39:46.521+0000] {dag.py:4180} INFO - Setting next_dagrun for extract_raw_data_pipeline to 2025-07-01 07:00:00+00:00, run_after=2025-07-02 07:00:00+00:00
[2025-07-01T23:39:46.538+0000] {processor.py:208} INFO - Processing /opt/airflow/dags/driven_data_pipeline.py took 0.102 seconds
[2025-07-01T23:40:16.996+0000] {processor.py:186} INFO - Started process (PID=748) to work on /opt/airflow/dags/driven_data_pipeline.py
[2025-07-01T23:40:16.997+0000] {processor.py:914} INFO - Processing file /opt/airflow/dags/driven_data_pipeline.py for tasks to queue
[2025-07-01T23:40:17.003+0000] {logging_mixin.py:190} INFO - [2025-07-01T23:40:17.002+0000] {dagbag.py:588} INFO - Filling up the DagBag from /opt/airflow/dags/driven_data_pipeline.py
[2025-07-01T23:40:17.051+0000] {processor.py:925} INFO - DAG(s) 'extract_raw_data_pipeline' retrieved from /opt/airflow/dags/driven_data_pipeline.py
[2025-07-01T23:40:17.084+0000] {logging_mixin.py:190} INFO - [2025-07-01T23:40:17.083+0000] {dag.py:3239} INFO - Sync 1 DAGs
[2025-07-01T23:40:17.111+0000] {logging_mixin.py:190} INFO - [2025-07-01T23:40:17.111+0000] {dag.py:4180} INFO - Setting next_dagrun for extract_raw_data_pipeline to 2025-07-01 07:00:00+00:00, run_after=2025-07-02 07:00:00+00:00
[2025-07-01T23:40:17.130+0000] {processor.py:208} INFO - Processing /opt/airflow/dags/driven_data_pipeline.py took 0.142 seconds
[2025-07-01T23:40:47.266+0000] {processor.py:186} INFO - Started process (PID=755) to work on /opt/airflow/dags/driven_data_pipeline.py
[2025-07-01T23:40:47.267+0000] {processor.py:914} INFO - Processing file /opt/airflow/dags/driven_data_pipeline.py for tasks to queue
[2025-07-01T23:40:47.270+0000] {logging_mixin.py:190} INFO - [2025-07-01T23:40:47.270+0000] {dagbag.py:588} INFO - Filling up the DagBag from /opt/airflow/dags/driven_data_pipeline.py
[2025-07-01T23:40:47.291+0000] {processor.py:925} INFO - DAG(s) 'extract_raw_data_pipeline' retrieved from /opt/airflow/dags/driven_data_pipeline.py
[2025-07-01T23:40:47.316+0000] {logging_mixin.py:190} INFO - [2025-07-01T23:40:47.316+0000] {dag.py:3239} INFO - Sync 1 DAGs
[2025-07-01T23:40:47.336+0000] {logging_mixin.py:190} INFO - [2025-07-01T23:40:47.335+0000] {dag.py:4180} INFO - Setting next_dagrun for extract_raw_data_pipeline to 2025-07-01 07:00:00+00:00, run_after=2025-07-02 07:00:00+00:00
[2025-07-01T23:40:47.352+0000] {processor.py:208} INFO - Processing /opt/airflow/dags/driven_data_pipeline.py took 0.092 seconds
[2025-07-01T23:41:17.542+0000] {processor.py:186} INFO - Started process (PID=762) to work on /opt/airflow/dags/driven_data_pipeline.py
[2025-07-01T23:41:17.543+0000] {processor.py:914} INFO - Processing file /opt/airflow/dags/driven_data_pipeline.py for tasks to queue
[2025-07-01T23:41:17.545+0000] {logging_mixin.py:190} INFO - [2025-07-01T23:41:17.545+0000] {dagbag.py:588} INFO - Filling up the DagBag from /opt/airflow/dags/driven_data_pipeline.py
[2025-07-01T23:41:17.563+0000] {processor.py:925} INFO - DAG(s) 'extract_raw_data_pipeline' retrieved from /opt/airflow/dags/driven_data_pipeline.py
[2025-07-01T23:41:17.586+0000] {logging_mixin.py:190} INFO - [2025-07-01T23:41:17.586+0000] {dag.py:3239} INFO - Sync 1 DAGs
[2025-07-01T23:41:17.604+0000] {logging_mixin.py:190} INFO - [2025-07-01T23:41:17.604+0000] {dag.py:4180} INFO - Setting next_dagrun for extract_raw_data_pipeline to 2025-07-01 07:00:00+00:00, run_after=2025-07-02 07:00:00+00:00
[2025-07-01T23:41:17.618+0000] {processor.py:208} INFO - Processing /opt/airflow/dags/driven_data_pipeline.py took 0.082 seconds
[2025-07-01T23:41:47.810+0000] {processor.py:186} INFO - Started process (PID=769) to work on /opt/airflow/dags/driven_data_pipeline.py
[2025-07-01T23:41:47.811+0000] {processor.py:914} INFO - Processing file /opt/airflow/dags/driven_data_pipeline.py for tasks to queue
[2025-07-01T23:41:47.813+0000] {logging_mixin.py:190} INFO - [2025-07-01T23:41:47.813+0000] {dagbag.py:588} INFO - Filling up the DagBag from /opt/airflow/dags/driven_data_pipeline.py
[2025-07-01T23:41:47.831+0000] {processor.py:925} INFO - DAG(s) 'extract_raw_data_pipeline' retrieved from /opt/airflow/dags/driven_data_pipeline.py
[2025-07-01T23:41:47.856+0000] {logging_mixin.py:190} INFO - [2025-07-01T23:41:47.856+0000] {dag.py:3239} INFO - Sync 1 DAGs
[2025-07-01T23:41:47.878+0000] {logging_mixin.py:190} INFO - [2025-07-01T23:41:47.878+0000] {dag.py:4180} INFO - Setting next_dagrun for extract_raw_data_pipeline to 2025-07-01 07:00:00+00:00, run_after=2025-07-02 07:00:00+00:00
[2025-07-01T23:41:47.894+0000] {processor.py:208} INFO - Processing /opt/airflow/dags/driven_data_pipeline.py took 0.090 seconds
[2025-07-01T23:42:18.477+0000] {processor.py:186} INFO - Started process (PID=776) to work on /opt/airflow/dags/driven_data_pipeline.py
[2025-07-01T23:42:18.478+0000] {processor.py:914} INFO - Processing file /opt/airflow/dags/driven_data_pipeline.py for tasks to queue
[2025-07-01T23:42:18.481+0000] {logging_mixin.py:190} INFO - [2025-07-01T23:42:18.481+0000] {dagbag.py:588} INFO - Filling up the DagBag from /opt/airflow/dags/driven_data_pipeline.py
[2025-07-01T23:42:18.502+0000] {processor.py:925} INFO - DAG(s) 'extract_raw_data_pipeline' retrieved from /opt/airflow/dags/driven_data_pipeline.py
[2025-07-01T23:42:18.529+0000] {logging_mixin.py:190} INFO - [2025-07-01T23:42:18.529+0000] {dag.py:3239} INFO - Sync 1 DAGs
[2025-07-01T23:42:18.549+0000] {logging_mixin.py:190} INFO - [2025-07-01T23:42:18.549+0000] {dag.py:4180} INFO - Setting next_dagrun for extract_raw_data_pipeline to 2025-07-01 07:00:00+00:00, run_after=2025-07-02 07:00:00+00:00
[2025-07-01T23:42:18.564+0000] {processor.py:208} INFO - Processing /opt/airflow/dags/driven_data_pipeline.py took 0.095 seconds
[2025-07-01T23:42:48.987+0000] {processor.py:186} INFO - Started process (PID=783) to work on /opt/airflow/dags/driven_data_pipeline.py
[2025-07-01T23:42:48.988+0000] {processor.py:914} INFO - Processing file /opt/airflow/dags/driven_data_pipeline.py for tasks to queue
[2025-07-01T23:42:48.991+0000] {logging_mixin.py:190} INFO - [2025-07-01T23:42:48.990+0000] {dagbag.py:588} INFO - Filling up the DagBag from /opt/airflow/dags/driven_data_pipeline.py
[2025-07-01T23:42:49.008+0000] {processor.py:925} INFO - DAG(s) 'extract_raw_data_pipeline' retrieved from /opt/airflow/dags/driven_data_pipeline.py
[2025-07-01T23:42:49.030+0000] {logging_mixin.py:190} INFO - [2025-07-01T23:42:49.029+0000] {dag.py:3239} INFO - Sync 1 DAGs
[2025-07-01T23:42:49.048+0000] {logging_mixin.py:190} INFO - [2025-07-01T23:42:49.048+0000] {dag.py:4180} INFO - Setting next_dagrun for extract_raw_data_pipeline to 2025-07-01 07:00:00+00:00, run_after=2025-07-02 07:00:00+00:00
[2025-07-01T23:42:49.082+0000] {processor.py:208} INFO - Processing /opt/airflow/dags/driven_data_pipeline.py took 0.099 seconds
[2025-07-01T23:43:19.460+0000] {processor.py:186} INFO - Started process (PID=790) to work on /opt/airflow/dags/driven_data_pipeline.py
[2025-07-01T23:43:19.463+0000] {processor.py:914} INFO - Processing file /opt/airflow/dags/driven_data_pipeline.py for tasks to queue
[2025-07-01T23:43:19.471+0000] {logging_mixin.py:190} INFO - [2025-07-01T23:43:19.471+0000] {dagbag.py:588} INFO - Filling up the DagBag from /opt/airflow/dags/driven_data_pipeline.py
[2025-07-01T23:43:19.504+0000] {processor.py:925} INFO - DAG(s) 'extract_raw_data_pipeline' retrieved from /opt/airflow/dags/driven_data_pipeline.py
[2025-07-01T23:43:19.528+0000] {logging_mixin.py:190} INFO - [2025-07-01T23:43:19.528+0000] {dag.py:3239} INFO - Sync 1 DAGs
[2025-07-01T23:43:19.551+0000] {logging_mixin.py:190} INFO - [2025-07-01T23:43:19.551+0000] {dag.py:4180} INFO - Setting next_dagrun for extract_raw_data_pipeline to 2025-07-01 07:00:00+00:00, run_after=2025-07-02 07:00:00+00:00
[2025-07-01T23:43:19.568+0000] {processor.py:208} INFO - Processing /opt/airflow/dags/driven_data_pipeline.py took 0.113 seconds
[2025-07-01T23:43:49.954+0000] {processor.py:186} INFO - Started process (PID=797) to work on /opt/airflow/dags/driven_data_pipeline.py
[2025-07-01T23:43:49.959+0000] {processor.py:914} INFO - Processing file /opt/airflow/dags/driven_data_pipeline.py for tasks to queue
[2025-07-01T23:43:49.966+0000] {logging_mixin.py:190} INFO - [2025-07-01T23:43:49.966+0000] {dagbag.py:588} INFO - Filling up the DagBag from /opt/airflow/dags/driven_data_pipeline.py
[2025-07-01T23:43:50.045+0000] {processor.py:925} INFO - DAG(s) 'extract_raw_data_pipeline' retrieved from /opt/airflow/dags/driven_data_pipeline.py
[2025-07-01T23:43:50.072+0000] {logging_mixin.py:190} INFO - [2025-07-01T23:43:50.072+0000] {dag.py:3239} INFO - Sync 1 DAGs
[2025-07-01T23:43:50.094+0000] {logging_mixin.py:190} INFO - [2025-07-01T23:43:50.094+0000] {dag.py:4180} INFO - Setting next_dagrun for extract_raw_data_pipeline to 2025-07-01 07:00:00+00:00, run_after=2025-07-02 07:00:00+00:00
[2025-07-01T23:43:50.125+0000] {processor.py:208} INFO - Processing /opt/airflow/dags/driven_data_pipeline.py took 0.177 seconds
[2025-07-01T23:44:20.542+0000] {processor.py:186} INFO - Started process (PID=804) to work on /opt/airflow/dags/driven_data_pipeline.py
[2025-07-01T23:44:20.543+0000] {processor.py:914} INFO - Processing file /opt/airflow/dags/driven_data_pipeline.py for tasks to queue
[2025-07-01T23:44:20.545+0000] {logging_mixin.py:190} INFO - [2025-07-01T23:44:20.545+0000] {dagbag.py:588} INFO - Filling up the DagBag from /opt/airflow/dags/driven_data_pipeline.py
[2025-07-01T23:44:20.592+0000] {processor.py:925} INFO - DAG(s) 'extract_raw_data_pipeline' retrieved from /opt/airflow/dags/driven_data_pipeline.py
[2025-07-01T23:44:20.620+0000] {logging_mixin.py:190} INFO - [2025-07-01T23:44:20.619+0000] {dag.py:3239} INFO - Sync 1 DAGs
[2025-07-01T23:44:20.653+0000] {logging_mixin.py:190} INFO - [2025-07-01T23:44:20.652+0000] {dag.py:4180} INFO - Setting next_dagrun for extract_raw_data_pipeline to 2025-07-01 07:00:00+00:00, run_after=2025-07-02 07:00:00+00:00
[2025-07-01T23:44:20.671+0000] {processor.py:208} INFO - Processing /opt/airflow/dags/driven_data_pipeline.py took 0.134 seconds
[2025-07-01T23:44:50.901+0000] {processor.py:186} INFO - Started process (PID=811) to work on /opt/airflow/dags/driven_data_pipeline.py
[2025-07-01T23:44:50.902+0000] {processor.py:914} INFO - Processing file /opt/airflow/dags/driven_data_pipeline.py for tasks to queue
[2025-07-01T23:44:50.905+0000] {logging_mixin.py:190} INFO - [2025-07-01T23:44:50.904+0000] {dagbag.py:588} INFO - Filling up the DagBag from /opt/airflow/dags/driven_data_pipeline.py
[2025-07-01T23:44:50.920+0000] {processor.py:925} INFO - DAG(s) 'extract_raw_data_pipeline' retrieved from /opt/airflow/dags/driven_data_pipeline.py
[2025-07-01T23:44:50.944+0000] {logging_mixin.py:190} INFO - [2025-07-01T23:44:50.943+0000] {dag.py:3239} INFO - Sync 1 DAGs
[2025-07-01T23:44:50.963+0000] {logging_mixin.py:190} INFO - [2025-07-01T23:44:50.963+0000] {dag.py:4180} INFO - Setting next_dagrun for extract_raw_data_pipeline to 2025-07-01 07:00:00+00:00, run_after=2025-07-02 07:00:00+00:00
[2025-07-01T23:44:50.978+0000] {processor.py:208} INFO - Processing /opt/airflow/dags/driven_data_pipeline.py took 0.083 seconds
[2025-07-01T23:45:21.481+0000] {processor.py:186} INFO - Started process (PID=818) to work on /opt/airflow/dags/driven_data_pipeline.py
[2025-07-01T23:45:21.482+0000] {processor.py:914} INFO - Processing file /opt/airflow/dags/driven_data_pipeline.py for tasks to queue
[2025-07-01T23:45:21.485+0000] {logging_mixin.py:190} INFO - [2025-07-01T23:45:21.484+0000] {dagbag.py:588} INFO - Filling up the DagBag from /opt/airflow/dags/driven_data_pipeline.py
[2025-07-01T23:45:21.500+0000] {processor.py:925} INFO - DAG(s) 'extract_raw_data_pipeline' retrieved from /opt/airflow/dags/driven_data_pipeline.py
[2025-07-01T23:45:21.522+0000] {logging_mixin.py:190} INFO - [2025-07-01T23:45:21.522+0000] {dag.py:3239} INFO - Sync 1 DAGs
[2025-07-01T23:45:21.543+0000] {logging_mixin.py:190} INFO - [2025-07-01T23:45:21.543+0000] {dag.py:4180} INFO - Setting next_dagrun for extract_raw_data_pipeline to 2025-07-01 07:00:00+00:00, run_after=2025-07-02 07:00:00+00:00
[2025-07-01T23:45:21.561+0000] {processor.py:208} INFO - Processing /opt/airflow/dags/driven_data_pipeline.py took 0.085 seconds
[2025-07-01T23:45:51.920+0000] {processor.py:186} INFO - Started process (PID=825) to work on /opt/airflow/dags/driven_data_pipeline.py
[2025-07-01T23:45:51.923+0000] {processor.py:914} INFO - Processing file /opt/airflow/dags/driven_data_pipeline.py for tasks to queue
[2025-07-01T23:45:51.927+0000] {logging_mixin.py:190} INFO - [2025-07-01T23:45:51.926+0000] {dagbag.py:588} INFO - Filling up the DagBag from /opt/airflow/dags/driven_data_pipeline.py
[2025-07-01T23:45:51.954+0000] {processor.py:925} INFO - DAG(s) 'extract_raw_data_pipeline' retrieved from /opt/airflow/dags/driven_data_pipeline.py
[2025-07-01T23:45:51.978+0000] {logging_mixin.py:190} INFO - [2025-07-01T23:45:51.978+0000] {dag.py:3239} INFO - Sync 1 DAGs
[2025-07-01T23:45:51.998+0000] {logging_mixin.py:190} INFO - [2025-07-01T23:45:51.998+0000] {dag.py:4180} INFO - Setting next_dagrun for extract_raw_data_pipeline to 2025-07-01 07:00:00+00:00, run_after=2025-07-02 07:00:00+00:00
[2025-07-01T23:45:52.012+0000] {processor.py:208} INFO - Processing /opt/airflow/dags/driven_data_pipeline.py took 0.102 seconds
[2025-07-01T23:46:22.497+0000] {processor.py:186} INFO - Started process (PID=832) to work on /opt/airflow/dags/driven_data_pipeline.py
[2025-07-01T23:46:22.498+0000] {processor.py:914} INFO - Processing file /opt/airflow/dags/driven_data_pipeline.py for tasks to queue
[2025-07-01T23:46:22.500+0000] {logging_mixin.py:190} INFO - [2025-07-01T23:46:22.500+0000] {dagbag.py:588} INFO - Filling up the DagBag from /opt/airflow/dags/driven_data_pipeline.py
[2025-07-01T23:46:22.516+0000] {processor.py:925} INFO - DAG(s) 'extract_raw_data_pipeline' retrieved from /opt/airflow/dags/driven_data_pipeline.py
[2025-07-01T23:46:22.544+0000] {logging_mixin.py:190} INFO - [2025-07-01T23:46:22.544+0000] {dag.py:3239} INFO - Sync 1 DAGs
[2025-07-01T23:46:22.566+0000] {logging_mixin.py:190} INFO - [2025-07-01T23:46:22.566+0000] {dag.py:4180} INFO - Setting next_dagrun for extract_raw_data_pipeline to 2025-07-01 07:00:00+00:00, run_after=2025-07-02 07:00:00+00:00
[2025-07-01T23:46:22.587+0000] {processor.py:208} INFO - Processing /opt/airflow/dags/driven_data_pipeline.py took 0.098 seconds
[2025-07-01T23:46:53.108+0000] {processor.py:186} INFO - Started process (PID=839) to work on /opt/airflow/dags/driven_data_pipeline.py
[2025-07-01T23:46:53.109+0000] {processor.py:914} INFO - Processing file /opt/airflow/dags/driven_data_pipeline.py for tasks to queue
[2025-07-01T23:46:53.112+0000] {logging_mixin.py:190} INFO - [2025-07-01T23:46:53.111+0000] {dagbag.py:588} INFO - Filling up the DagBag from /opt/airflow/dags/driven_data_pipeline.py
[2025-07-01T23:46:53.127+0000] {processor.py:925} INFO - DAG(s) 'extract_raw_data_pipeline' retrieved from /opt/airflow/dags/driven_data_pipeline.py
[2025-07-01T23:46:53.148+0000] {logging_mixin.py:190} INFO - [2025-07-01T23:46:53.147+0000] {dag.py:3239} INFO - Sync 1 DAGs
[2025-07-01T23:46:53.167+0000] {logging_mixin.py:190} INFO - [2025-07-01T23:46:53.167+0000] {dag.py:4180} INFO - Setting next_dagrun for extract_raw_data_pipeline to 2025-07-01 07:00:00+00:00, run_after=2025-07-02 07:00:00+00:00
[2025-07-01T23:46:53.183+0000] {processor.py:208} INFO - Processing /opt/airflow/dags/driven_data_pipeline.py took 0.081 seconds
[2025-07-01T23:47:23.777+0000] {processor.py:186} INFO - Started process (PID=846) to work on /opt/airflow/dags/driven_data_pipeline.py
[2025-07-01T23:47:23.778+0000] {processor.py:914} INFO - Processing file /opt/airflow/dags/driven_data_pipeline.py for tasks to queue
[2025-07-01T23:47:23.781+0000] {logging_mixin.py:190} INFO - [2025-07-01T23:47:23.780+0000] {dagbag.py:588} INFO - Filling up the DagBag from /opt/airflow/dags/driven_data_pipeline.py
[2025-07-01T23:47:23.817+0000] {processor.py:925} INFO - DAG(s) 'extract_raw_data_pipeline' retrieved from /opt/airflow/dags/driven_data_pipeline.py
[2025-07-01T23:47:23.842+0000] {logging_mixin.py:190} INFO - [2025-07-01T23:47:23.842+0000] {dag.py:3239} INFO - Sync 1 DAGs
[2025-07-01T23:47:23.865+0000] {logging_mixin.py:190} INFO - [2025-07-01T23:47:23.864+0000] {dag.py:4180} INFO - Setting next_dagrun for extract_raw_data_pipeline to 2025-07-01 07:00:00+00:00, run_after=2025-07-02 07:00:00+00:00
[2025-07-01T23:47:23.882+0000] {processor.py:208} INFO - Processing /opt/airflow/dags/driven_data_pipeline.py took 0.110 seconds
[2025-07-01T23:47:54.459+0000] {processor.py:186} INFO - Started process (PID=853) to work on /opt/airflow/dags/driven_data_pipeline.py
[2025-07-01T23:47:54.460+0000] {processor.py:914} INFO - Processing file /opt/airflow/dags/driven_data_pipeline.py for tasks to queue
[2025-07-01T23:47:54.463+0000] {logging_mixin.py:190} INFO - [2025-07-01T23:47:54.463+0000] {dagbag.py:588} INFO - Filling up the DagBag from /opt/airflow/dags/driven_data_pipeline.py
[2025-07-01T23:47:54.478+0000] {processor.py:925} INFO - DAG(s) 'extract_raw_data_pipeline' retrieved from /opt/airflow/dags/driven_data_pipeline.py
[2025-07-01T23:47:54.501+0000] {logging_mixin.py:190} INFO - [2025-07-01T23:47:54.501+0000] {dag.py:3239} INFO - Sync 1 DAGs
[2025-07-01T23:47:54.523+0000] {logging_mixin.py:190} INFO - [2025-07-01T23:47:54.523+0000] {dag.py:4180} INFO - Setting next_dagrun for extract_raw_data_pipeline to 2025-07-01 07:00:00+00:00, run_after=2025-07-02 07:00:00+00:00
[2025-07-01T23:47:54.539+0000] {processor.py:208} INFO - Processing /opt/airflow/dags/driven_data_pipeline.py took 0.085 seconds
[2025-07-01T23:48:25.092+0000] {processor.py:186} INFO - Started process (PID=860) to work on /opt/airflow/dags/driven_data_pipeline.py
[2025-07-01T23:48:25.093+0000] {processor.py:914} INFO - Processing file /opt/airflow/dags/driven_data_pipeline.py for tasks to queue
[2025-07-01T23:48:25.095+0000] {logging_mixin.py:190} INFO - [2025-07-01T23:48:25.095+0000] {dagbag.py:588} INFO - Filling up the DagBag from /opt/airflow/dags/driven_data_pipeline.py
[2025-07-01T23:48:25.110+0000] {processor.py:925} INFO - DAG(s) 'extract_raw_data_pipeline' retrieved from /opt/airflow/dags/driven_data_pipeline.py
[2025-07-01T23:48:25.130+0000] {logging_mixin.py:190} INFO - [2025-07-01T23:48:25.130+0000] {dag.py:3239} INFO - Sync 1 DAGs
[2025-07-01T23:48:25.149+0000] {logging_mixin.py:190} INFO - [2025-07-01T23:48:25.149+0000] {dag.py:4180} INFO - Setting next_dagrun for extract_raw_data_pipeline to 2025-07-01 07:00:00+00:00, run_after=2025-07-02 07:00:00+00:00
[2025-07-01T23:48:25.165+0000] {processor.py:208} INFO - Processing /opt/airflow/dags/driven_data_pipeline.py took 0.078 seconds
[2025-07-01T23:48:55.564+0000] {processor.py:186} INFO - Started process (PID=867) to work on /opt/airflow/dags/driven_data_pipeline.py
[2025-07-01T23:48:55.566+0000] {processor.py:914} INFO - Processing file /opt/airflow/dags/driven_data_pipeline.py for tasks to queue
[2025-07-01T23:48:55.570+0000] {logging_mixin.py:190} INFO - [2025-07-01T23:48:55.570+0000] {dagbag.py:588} INFO - Filling up the DagBag from /opt/airflow/dags/driven_data_pipeline.py
[2025-07-01T23:48:55.590+0000] {processor.py:925} INFO - DAG(s) 'extract_raw_data_pipeline' retrieved from /opt/airflow/dags/driven_data_pipeline.py
[2025-07-01T23:48:55.612+0000] {logging_mixin.py:190} INFO - [2025-07-01T23:48:55.612+0000] {dag.py:3239} INFO - Sync 1 DAGs
[2025-07-01T23:48:55.630+0000] {logging_mixin.py:190} INFO - [2025-07-01T23:48:55.630+0000] {dag.py:4180} INFO - Setting next_dagrun for extract_raw_data_pipeline to 2025-07-01 07:00:00+00:00, run_after=2025-07-02 07:00:00+00:00
[2025-07-01T23:48:55.645+0000] {processor.py:208} INFO - Processing /opt/airflow/dags/driven_data_pipeline.py took 0.088 seconds
[2025-07-01T23:49:26.260+0000] {processor.py:186} INFO - Started process (PID=874) to work on /opt/airflow/dags/driven_data_pipeline.py
[2025-07-01T23:49:26.261+0000] {processor.py:914} INFO - Processing file /opt/airflow/dags/driven_data_pipeline.py for tasks to queue
[2025-07-01T23:49:26.264+0000] {logging_mixin.py:190} INFO - [2025-07-01T23:49:26.263+0000] {dagbag.py:588} INFO - Filling up the DagBag from /opt/airflow/dags/driven_data_pipeline.py
[2025-07-01T23:49:26.284+0000] {processor.py:925} INFO - DAG(s) 'extract_raw_data_pipeline' retrieved from /opt/airflow/dags/driven_data_pipeline.py
[2025-07-01T23:49:26.309+0000] {logging_mixin.py:190} INFO - [2025-07-01T23:49:26.309+0000] {dag.py:3239} INFO - Sync 1 DAGs
[2025-07-01T23:49:26.330+0000] {logging_mixin.py:190} INFO - [2025-07-01T23:49:26.330+0000] {dag.py:4180} INFO - Setting next_dagrun for extract_raw_data_pipeline to 2025-07-01 07:00:00+00:00, run_after=2025-07-02 07:00:00+00:00
[2025-07-01T23:49:26.346+0000] {processor.py:208} INFO - Processing /opt/airflow/dags/driven_data_pipeline.py took 0.091 seconds
[2025-07-01T23:49:56.743+0000] {processor.py:186} INFO - Started process (PID=881) to work on /opt/airflow/dags/driven_data_pipeline.py
[2025-07-01T23:49:56.744+0000] {processor.py:914} INFO - Processing file /opt/airflow/dags/driven_data_pipeline.py for tasks to queue
[2025-07-01T23:49:56.746+0000] {logging_mixin.py:190} INFO - [2025-07-01T23:49:56.746+0000] {dagbag.py:588} INFO - Filling up the DagBag from /opt/airflow/dags/driven_data_pipeline.py
[2025-07-01T23:49:56.765+0000] {processor.py:925} INFO - DAG(s) 'extract_raw_data_pipeline' retrieved from /opt/airflow/dags/driven_data_pipeline.py
[2025-07-01T23:49:56.790+0000] {logging_mixin.py:190} INFO - [2025-07-01T23:49:56.790+0000] {dag.py:3239} INFO - Sync 1 DAGs
[2025-07-01T23:49:56.811+0000] {logging_mixin.py:190} INFO - [2025-07-01T23:49:56.811+0000] {dag.py:4180} INFO - Setting next_dagrun for extract_raw_data_pipeline to 2025-07-01 07:00:00+00:00, run_after=2025-07-02 07:00:00+00:00
[2025-07-01T23:49:56.837+0000] {processor.py:208} INFO - Processing /opt/airflow/dags/driven_data_pipeline.py took 0.099 seconds
[2025-07-01T23:50:27.168+0000] {processor.py:186} INFO - Started process (PID=888) to work on /opt/airflow/dags/driven_data_pipeline.py
[2025-07-01T23:50:27.169+0000] {processor.py:914} INFO - Processing file /opt/airflow/dags/driven_data_pipeline.py for tasks to queue
[2025-07-01T23:50:27.172+0000] {logging_mixin.py:190} INFO - [2025-07-01T23:50:27.171+0000] {dagbag.py:588} INFO - Filling up the DagBag from /opt/airflow/dags/driven_data_pipeline.py
[2025-07-01T23:50:27.189+0000] {processor.py:925} INFO - DAG(s) 'extract_raw_data_pipeline' retrieved from /opt/airflow/dags/driven_data_pipeline.py
[2025-07-01T23:50:27.212+0000] {logging_mixin.py:190} INFO - [2025-07-01T23:50:27.211+0000] {dag.py:3239} INFO - Sync 1 DAGs
[2025-07-01T23:50:27.232+0000] {logging_mixin.py:190} INFO - [2025-07-01T23:50:27.232+0000] {dag.py:4180} INFO - Setting next_dagrun for extract_raw_data_pipeline to 2025-07-01 07:00:00+00:00, run_after=2025-07-02 07:00:00+00:00
[2025-07-01T23:50:27.247+0000] {processor.py:208} INFO - Processing /opt/airflow/dags/driven_data_pipeline.py took 0.088 seconds
[2025-07-01T23:50:57.658+0000] {processor.py:186} INFO - Started process (PID=895) to work on /opt/airflow/dags/driven_data_pipeline.py
[2025-07-01T23:50:57.659+0000] {processor.py:914} INFO - Processing file /opt/airflow/dags/driven_data_pipeline.py for tasks to queue
[2025-07-01T23:50:57.662+0000] {logging_mixin.py:190} INFO - [2025-07-01T23:50:57.661+0000] {dagbag.py:588} INFO - Filling up the DagBag from /opt/airflow/dags/driven_data_pipeline.py
[2025-07-01T23:50:57.687+0000] {processor.py:925} INFO - DAG(s) 'extract_raw_data_pipeline' retrieved from /opt/airflow/dags/driven_data_pipeline.py
[2025-07-01T23:50:57.712+0000] {logging_mixin.py:190} INFO - [2025-07-01T23:50:57.712+0000] {dag.py:3239} INFO - Sync 1 DAGs
[2025-07-01T23:50:57.734+0000] {logging_mixin.py:190} INFO - [2025-07-01T23:50:57.734+0000] {dag.py:4180} INFO - Setting next_dagrun for extract_raw_data_pipeline to 2025-07-01 07:00:00+00:00, run_after=2025-07-02 07:00:00+00:00
[2025-07-01T23:50:57.750+0000] {processor.py:208} INFO - Processing /opt/airflow/dags/driven_data_pipeline.py took 0.097 seconds
[2025-07-01T23:51:28.265+0000] {processor.py:186} INFO - Started process (PID=903) to work on /opt/airflow/dags/driven_data_pipeline.py
[2025-07-01T23:51:28.267+0000] {processor.py:914} INFO - Processing file /opt/airflow/dags/driven_data_pipeline.py for tasks to queue
[2025-07-01T23:51:28.269+0000] {logging_mixin.py:190} INFO - [2025-07-01T23:51:28.269+0000] {dagbag.py:588} INFO - Filling up the DagBag from /opt/airflow/dags/driven_data_pipeline.py
[2025-07-01T23:51:28.288+0000] {processor.py:925} INFO - DAG(s) 'extract_raw_data_pipeline' retrieved from /opt/airflow/dags/driven_data_pipeline.py
[2025-07-01T23:51:28.312+0000] {logging_mixin.py:190} INFO - [2025-07-01T23:51:28.312+0000] {dag.py:3239} INFO - Sync 1 DAGs
[2025-07-01T23:51:28.333+0000] {logging_mixin.py:190} INFO - [2025-07-01T23:51:28.332+0000] {dag.py:4180} INFO - Setting next_dagrun for extract_raw_data_pipeline to 2025-07-01 07:00:00+00:00, run_after=2025-07-02 07:00:00+00:00
[2025-07-01T23:51:28.349+0000] {processor.py:208} INFO - Processing /opt/airflow/dags/driven_data_pipeline.py took 0.090 seconds
[2025-07-01T23:51:58.830+0000] {processor.py:186} INFO - Started process (PID=910) to work on /opt/airflow/dags/driven_data_pipeline.py
[2025-07-01T23:51:58.831+0000] {processor.py:914} INFO - Processing file /opt/airflow/dags/driven_data_pipeline.py for tasks to queue
[2025-07-01T23:51:58.833+0000] {logging_mixin.py:190} INFO - [2025-07-01T23:51:58.833+0000] {dagbag.py:588} INFO - Filling up the DagBag from /opt/airflow/dags/driven_data_pipeline.py
[2025-07-01T23:51:58.851+0000] {processor.py:925} INFO - DAG(s) 'extract_raw_data_pipeline' retrieved from /opt/airflow/dags/driven_data_pipeline.py
[2025-07-01T23:51:58.881+0000] {logging_mixin.py:190} INFO - [2025-07-01T23:51:58.881+0000] {dag.py:3239} INFO - Sync 1 DAGs
[2025-07-01T23:51:58.903+0000] {logging_mixin.py:190} INFO - [2025-07-01T23:51:58.903+0000] {dag.py:4180} INFO - Setting next_dagrun for extract_raw_data_pipeline to 2025-07-01 07:00:00+00:00, run_after=2025-07-02 07:00:00+00:00
[2025-07-01T23:51:58.919+0000] {processor.py:208} INFO - Processing /opt/airflow/dags/driven_data_pipeline.py took 0.096 seconds
[2025-07-01T23:52:29.320+0000] {processor.py:186} INFO - Started process (PID=917) to work on /opt/airflow/dags/driven_data_pipeline.py
[2025-07-01T23:52:29.322+0000] {processor.py:914} INFO - Processing file /opt/airflow/dags/driven_data_pipeline.py for tasks to queue
[2025-07-01T23:52:29.325+0000] {logging_mixin.py:190} INFO - [2025-07-01T23:52:29.325+0000] {dagbag.py:588} INFO - Filling up the DagBag from /opt/airflow/dags/driven_data_pipeline.py
[2025-07-01T23:52:29.376+0000] {processor.py:925} INFO - DAG(s) 'extract_raw_data_pipeline' retrieved from /opt/airflow/dags/driven_data_pipeline.py
[2025-07-01T23:52:29.406+0000] {logging_mixin.py:190} INFO - [2025-07-01T23:52:29.406+0000] {dag.py:3239} INFO - Sync 1 DAGs
[2025-07-01T23:52:29.434+0000] {logging_mixin.py:190} INFO - [2025-07-01T23:52:29.434+0000] {dag.py:4180} INFO - Setting next_dagrun for extract_raw_data_pipeline to 2025-07-01 07:00:00+00:00, run_after=2025-07-02 07:00:00+00:00
[2025-07-01T23:52:29.454+0000] {processor.py:208} INFO - Processing /opt/airflow/dags/driven_data_pipeline.py took 0.140 seconds
[2025-07-01T23:52:59.862+0000] {processor.py:186} INFO - Started process (PID=924) to work on /opt/airflow/dags/driven_data_pipeline.py
[2025-07-01T23:52:59.863+0000] {processor.py:914} INFO - Processing file /opt/airflow/dags/driven_data_pipeline.py for tasks to queue
[2025-07-01T23:52:59.865+0000] {logging_mixin.py:190} INFO - [2025-07-01T23:52:59.865+0000] {dagbag.py:588} INFO - Filling up the DagBag from /opt/airflow/dags/driven_data_pipeline.py
[2025-07-01T23:52:59.894+0000] {processor.py:925} INFO - DAG(s) 'extract_raw_data_pipeline' retrieved from /opt/airflow/dags/driven_data_pipeline.py
[2025-07-01T23:52:59.917+0000] {logging_mixin.py:190} INFO - [2025-07-01T23:52:59.917+0000] {dag.py:3239} INFO - Sync 1 DAGs
[2025-07-01T23:52:59.938+0000] {logging_mixin.py:190} INFO - [2025-07-01T23:52:59.938+0000] {dag.py:4180} INFO - Setting next_dagrun for extract_raw_data_pipeline to 2025-07-01 07:00:00+00:00, run_after=2025-07-02 07:00:00+00:00
[2025-07-01T23:52:59.953+0000] {processor.py:208} INFO - Processing /opt/airflow/dags/driven_data_pipeline.py took 0.099 seconds
[2025-07-01T23:53:30.488+0000] {processor.py:186} INFO - Started process (PID=931) to work on /opt/airflow/dags/driven_data_pipeline.py
[2025-07-01T23:53:30.489+0000] {processor.py:914} INFO - Processing file /opt/airflow/dags/driven_data_pipeline.py for tasks to queue
[2025-07-01T23:53:30.491+0000] {logging_mixin.py:190} INFO - [2025-07-01T23:53:30.490+0000] {dagbag.py:588} INFO - Filling up the DagBag from /opt/airflow/dags/driven_data_pipeline.py
[2025-07-01T23:53:30.506+0000] {processor.py:925} INFO - DAG(s) 'extract_raw_data_pipeline' retrieved from /opt/airflow/dags/driven_data_pipeline.py
[2025-07-01T23:53:30.527+0000] {logging_mixin.py:190} INFO - [2025-07-01T23:53:30.527+0000] {dag.py:3239} INFO - Sync 1 DAGs
[2025-07-01T23:53:30.558+0000] {logging_mixin.py:190} INFO - [2025-07-01T23:53:30.558+0000] {dag.py:4180} INFO - Setting next_dagrun for extract_raw_data_pipeline to 2025-07-01 07:00:00+00:00, run_after=2025-07-02 07:00:00+00:00
[2025-07-01T23:53:30.585+0000] {processor.py:208} INFO - Processing /opt/airflow/dags/driven_data_pipeline.py took 0.104 seconds
[2025-07-01T23:54:01.012+0000] {processor.py:186} INFO - Started process (PID=938) to work on /opt/airflow/dags/driven_data_pipeline.py
[2025-07-01T23:54:01.014+0000] {processor.py:914} INFO - Processing file /opt/airflow/dags/driven_data_pipeline.py for tasks to queue
[2025-07-01T23:54:01.016+0000] {logging_mixin.py:190} INFO - [2025-07-01T23:54:01.015+0000] {dagbag.py:588} INFO - Filling up the DagBag from /opt/airflow/dags/driven_data_pipeline.py
[2025-07-01T23:54:01.031+0000] {processor.py:925} INFO - DAG(s) 'extract_raw_data_pipeline' retrieved from /opt/airflow/dags/driven_data_pipeline.py
[2025-07-01T23:54:01.053+0000] {logging_mixin.py:190} INFO - [2025-07-01T23:54:01.053+0000] {dag.py:3239} INFO - Sync 1 DAGs
[2025-07-01T23:54:01.072+0000] {logging_mixin.py:190} INFO - [2025-07-01T23:54:01.072+0000] {dag.py:4180} INFO - Setting next_dagrun for extract_raw_data_pipeline to 2025-07-01 07:00:00+00:00, run_after=2025-07-02 07:00:00+00:00
[2025-07-01T23:54:01.086+0000] {processor.py:208} INFO - Processing /opt/airflow/dags/driven_data_pipeline.py took 0.078 seconds
[2025-07-01T23:54:31.694+0000] {processor.py:186} INFO - Started process (PID=945) to work on /opt/airflow/dags/driven_data_pipeline.py
[2025-07-01T23:54:31.695+0000] {processor.py:914} INFO - Processing file /opt/airflow/dags/driven_data_pipeline.py for tasks to queue
[2025-07-01T23:54:31.697+0000] {logging_mixin.py:190} INFO - [2025-07-01T23:54:31.697+0000] {dagbag.py:588} INFO - Filling up the DagBag from /opt/airflow/dags/driven_data_pipeline.py
[2025-07-01T23:54:31.715+0000] {processor.py:925} INFO - DAG(s) 'extract_raw_data_pipeline' retrieved from /opt/airflow/dags/driven_data_pipeline.py
[2025-07-01T23:54:31.737+0000] {logging_mixin.py:190} INFO - [2025-07-01T23:54:31.737+0000] {dag.py:3239} INFO - Sync 1 DAGs
[2025-07-01T23:54:31.760+0000] {logging_mixin.py:190} INFO - [2025-07-01T23:54:31.759+0000] {dag.py:4180} INFO - Setting next_dagrun for extract_raw_data_pipeline to 2025-07-01 07:00:00+00:00, run_after=2025-07-02 07:00:00+00:00
[2025-07-01T23:54:31.775+0000] {processor.py:208} INFO - Processing /opt/airflow/dags/driven_data_pipeline.py took 0.087 seconds
[2025-07-01T23:55:02.111+0000] {processor.py:186} INFO - Started process (PID=952) to work on /opt/airflow/dags/driven_data_pipeline.py
[2025-07-01T23:55:02.112+0000] {processor.py:914} INFO - Processing file /opt/airflow/dags/driven_data_pipeline.py for tasks to queue
[2025-07-01T23:55:02.115+0000] {logging_mixin.py:190} INFO - [2025-07-01T23:55:02.114+0000] {dagbag.py:588} INFO - Filling up the DagBag from /opt/airflow/dags/driven_data_pipeline.py
[2025-07-01T23:55:02.134+0000] {processor.py:925} INFO - DAG(s) 'extract_raw_data_pipeline' retrieved from /opt/airflow/dags/driven_data_pipeline.py
[2025-07-01T23:55:02.159+0000] {logging_mixin.py:190} INFO - [2025-07-01T23:55:02.159+0000] {dag.py:3239} INFO - Sync 1 DAGs
[2025-07-01T23:55:02.180+0000] {logging_mixin.py:190} INFO - [2025-07-01T23:55:02.180+0000] {dag.py:4180} INFO - Setting next_dagrun for extract_raw_data_pipeline to 2025-07-01 07:00:00+00:00, run_after=2025-07-02 07:00:00+00:00
[2025-07-01T23:55:02.195+0000] {processor.py:208} INFO - Processing /opt/airflow/dags/driven_data_pipeline.py took 0.091 seconds
[2025-07-01T23:55:32.772+0000] {processor.py:186} INFO - Started process (PID=959) to work on /opt/airflow/dags/driven_data_pipeline.py
[2025-07-01T23:55:32.773+0000] {processor.py:914} INFO - Processing file /opt/airflow/dags/driven_data_pipeline.py for tasks to queue
[2025-07-01T23:55:32.776+0000] {logging_mixin.py:190} INFO - [2025-07-01T23:55:32.775+0000] {dagbag.py:588} INFO - Filling up the DagBag from /opt/airflow/dags/driven_data_pipeline.py
[2025-07-01T23:55:32.794+0000] {processor.py:925} INFO - DAG(s) 'extract_raw_data_pipeline' retrieved from /opt/airflow/dags/driven_data_pipeline.py
[2025-07-01T23:55:32.818+0000] {logging_mixin.py:190} INFO - [2025-07-01T23:55:32.818+0000] {dag.py:3239} INFO - Sync 1 DAGs
[2025-07-01T23:55:32.839+0000] {logging_mixin.py:190} INFO - [2025-07-01T23:55:32.839+0000] {dag.py:4180} INFO - Setting next_dagrun for extract_raw_data_pipeline to 2025-07-01 07:00:00+00:00, run_after=2025-07-02 07:00:00+00:00
[2025-07-01T23:55:32.855+0000] {processor.py:208} INFO - Processing /opt/airflow/dags/driven_data_pipeline.py took 0.088 seconds
[2025-07-01T23:56:03.367+0000] {processor.py:186} INFO - Started process (PID=966) to work on /opt/airflow/dags/driven_data_pipeline.py
[2025-07-01T23:56:03.369+0000] {processor.py:914} INFO - Processing file /opt/airflow/dags/driven_data_pipeline.py for tasks to queue
[2025-07-01T23:56:03.373+0000] {logging_mixin.py:190} INFO - [2025-07-01T23:56:03.373+0000] {dagbag.py:588} INFO - Filling up the DagBag from /opt/airflow/dags/driven_data_pipeline.py
[2025-07-01T23:56:03.395+0000] {processor.py:925} INFO - DAG(s) 'extract_raw_data_pipeline' retrieved from /opt/airflow/dags/driven_data_pipeline.py
[2025-07-01T23:56:03.419+0000] {logging_mixin.py:190} INFO - [2025-07-01T23:56:03.419+0000] {dag.py:3239} INFO - Sync 1 DAGs
[2025-07-01T23:56:03.440+0000] {logging_mixin.py:190} INFO - [2025-07-01T23:56:03.439+0000] {dag.py:4180} INFO - Setting next_dagrun for extract_raw_data_pipeline to 2025-07-01 07:00:00+00:00, run_after=2025-07-02 07:00:00+00:00
[2025-07-01T23:56:03.454+0000] {processor.py:208} INFO - Processing /opt/airflow/dags/driven_data_pipeline.py took 0.101 seconds
[2025-07-01T23:56:34.034+0000] {processor.py:186} INFO - Started process (PID=974) to work on /opt/airflow/dags/driven_data_pipeline.py
[2025-07-01T23:56:34.036+0000] {processor.py:914} INFO - Processing file /opt/airflow/dags/driven_data_pipeline.py for tasks to queue
[2025-07-01T23:56:34.041+0000] {logging_mixin.py:190} INFO - [2025-07-01T23:56:34.041+0000] {dagbag.py:588} INFO - Filling up the DagBag from /opt/airflow/dags/driven_data_pipeline.py
[2025-07-01T23:56:34.072+0000] {processor.py:925} INFO - DAG(s) 'extract_raw_data_pipeline' retrieved from /opt/airflow/dags/driven_data_pipeline.py
[2025-07-01T23:56:34.096+0000] {logging_mixin.py:190} INFO - [2025-07-01T23:56:34.096+0000] {dag.py:3239} INFO - Sync 1 DAGs
[2025-07-01T23:56:34.115+0000] {logging_mixin.py:190} INFO - [2025-07-01T23:56:34.115+0000] {dag.py:4180} INFO - Setting next_dagrun for extract_raw_data_pipeline to 2025-07-01 07:00:00+00:00, run_after=2025-07-02 07:00:00+00:00
[2025-07-01T23:56:34.131+0000] {processor.py:208} INFO - Processing /opt/airflow/dags/driven_data_pipeline.py took 0.103 seconds
[2025-07-01T23:57:04.566+0000] {processor.py:186} INFO - Started process (PID=981) to work on /opt/airflow/dags/driven_data_pipeline.py
[2025-07-01T23:57:04.568+0000] {processor.py:914} INFO - Processing file /opt/airflow/dags/driven_data_pipeline.py for tasks to queue
[2025-07-01T23:57:04.571+0000] {logging_mixin.py:190} INFO - [2025-07-01T23:57:04.571+0000] {dagbag.py:588} INFO - Filling up the DagBag from /opt/airflow/dags/driven_data_pipeline.py
[2025-07-01T23:57:04.592+0000] {processor.py:925} INFO - DAG(s) 'extract_raw_data_pipeline' retrieved from /opt/airflow/dags/driven_data_pipeline.py
[2025-07-01T23:57:04.615+0000] {logging_mixin.py:190} INFO - [2025-07-01T23:57:04.615+0000] {dag.py:3239} INFO - Sync 1 DAGs
[2025-07-01T23:57:04.635+0000] {logging_mixin.py:190} INFO - [2025-07-01T23:57:04.635+0000] {dag.py:4180} INFO - Setting next_dagrun for extract_raw_data_pipeline to 2025-07-01 07:00:00+00:00, run_after=2025-07-02 07:00:00+00:00
[2025-07-01T23:57:04.651+0000] {processor.py:208} INFO - Processing /opt/airflow/dags/driven_data_pipeline.py took 0.092 seconds
[2025-07-01T23:57:35.263+0000] {processor.py:186} INFO - Started process (PID=988) to work on /opt/airflow/dags/driven_data_pipeline.py
[2025-07-01T23:57:35.264+0000] {processor.py:914} INFO - Processing file /opt/airflow/dags/driven_data_pipeline.py for tasks to queue
[2025-07-01T23:57:35.266+0000] {logging_mixin.py:190} INFO - [2025-07-01T23:57:35.266+0000] {dagbag.py:588} INFO - Filling up the DagBag from /opt/airflow/dags/driven_data_pipeline.py
[2025-07-01T23:57:35.281+0000] {processor.py:925} INFO - DAG(s) 'extract_raw_data_pipeline' retrieved from /opt/airflow/dags/driven_data_pipeline.py
[2025-07-01T23:57:35.303+0000] {logging_mixin.py:190} INFO - [2025-07-01T23:57:35.302+0000] {dag.py:3239} INFO - Sync 1 DAGs
[2025-07-01T23:57:35.323+0000] {logging_mixin.py:190} INFO - [2025-07-01T23:57:35.323+0000] {dag.py:4180} INFO - Setting next_dagrun for extract_raw_data_pipeline to 2025-07-01 07:00:00+00:00, run_after=2025-07-02 07:00:00+00:00
[2025-07-01T23:57:35.339+0000] {processor.py:208} INFO - Processing /opt/airflow/dags/driven_data_pipeline.py took 0.081 seconds
[2025-07-01T23:58:05.697+0000] {processor.py:186} INFO - Started process (PID=995) to work on /opt/airflow/dags/driven_data_pipeline.py
[2025-07-01T23:58:05.698+0000] {processor.py:914} INFO - Processing file /opt/airflow/dags/driven_data_pipeline.py for tasks to queue
[2025-07-01T23:58:05.700+0000] {logging_mixin.py:190} INFO - [2025-07-01T23:58:05.700+0000] {dagbag.py:588} INFO - Filling up the DagBag from /opt/airflow/dags/driven_data_pipeline.py
[2025-07-01T23:58:05.719+0000] {processor.py:925} INFO - DAG(s) 'extract_raw_data_pipeline' retrieved from /opt/airflow/dags/driven_data_pipeline.py
[2025-07-01T23:58:05.743+0000] {logging_mixin.py:190} INFO - [2025-07-01T23:58:05.743+0000] {dag.py:3239} INFO - Sync 1 DAGs
[2025-07-01T23:58:05.763+0000] {logging_mixin.py:190} INFO - [2025-07-01T23:58:05.763+0000] {dag.py:4180} INFO - Setting next_dagrun for extract_raw_data_pipeline to 2025-07-01 07:00:00+00:00, run_after=2025-07-02 07:00:00+00:00
[2025-07-01T23:58:05.778+0000] {processor.py:208} INFO - Processing /opt/airflow/dags/driven_data_pipeline.py took 0.087 seconds
[2025-07-01T23:58:36.286+0000] {processor.py:186} INFO - Started process (PID=1002) to work on /opt/airflow/dags/driven_data_pipeline.py
[2025-07-01T23:58:36.287+0000] {processor.py:914} INFO - Processing file /opt/airflow/dags/driven_data_pipeline.py for tasks to queue
[2025-07-01T23:58:36.289+0000] {logging_mixin.py:190} INFO - [2025-07-01T23:58:36.288+0000] {dagbag.py:588} INFO - Filling up the DagBag from /opt/airflow/dags/driven_data_pipeline.py
[2025-07-01T23:58:36.305+0000] {processor.py:925} INFO - DAG(s) 'extract_raw_data_pipeline' retrieved from /opt/airflow/dags/driven_data_pipeline.py
[2025-07-01T23:58:36.329+0000] {logging_mixin.py:190} INFO - [2025-07-01T23:58:36.329+0000] {dag.py:3239} INFO - Sync 1 DAGs
[2025-07-01T23:58:36.350+0000] {logging_mixin.py:190} INFO - [2025-07-01T23:58:36.349+0000] {dag.py:4180} INFO - Setting next_dagrun for extract_raw_data_pipeline to 2025-07-01 07:00:00+00:00, run_after=2025-07-02 07:00:00+00:00
[2025-07-01T23:58:36.365+0000] {processor.py:208} INFO - Processing /opt/airflow/dags/driven_data_pipeline.py took 0.084 seconds
[2025-07-01T23:59:06.901+0000] {processor.py:186} INFO - Started process (PID=1009) to work on /opt/airflow/dags/driven_data_pipeline.py
[2025-07-01T23:59:06.909+0000] {processor.py:914} INFO - Processing file /opt/airflow/dags/driven_data_pipeline.py for tasks to queue
[2025-07-01T23:59:06.913+0000] {logging_mixin.py:190} INFO - [2025-07-01T23:59:06.913+0000] {dagbag.py:588} INFO - Filling up the DagBag from /opt/airflow/dags/driven_data_pipeline.py
[2025-07-01T23:59:06.939+0000] {processor.py:925} INFO - DAG(s) 'extract_raw_data_pipeline' retrieved from /opt/airflow/dags/driven_data_pipeline.py
[2025-07-01T23:59:06.961+0000] {logging_mixin.py:190} INFO - [2025-07-01T23:59:06.961+0000] {dag.py:3239} INFO - Sync 1 DAGs
[2025-07-01T23:59:06.981+0000] {logging_mixin.py:190} INFO - [2025-07-01T23:59:06.980+0000] {dag.py:4180} INFO - Setting next_dagrun for extract_raw_data_pipeline to 2025-07-01 07:00:00+00:00, run_after=2025-07-02 07:00:00+00:00
[2025-07-01T23:59:06.996+0000] {processor.py:208} INFO - Processing /opt/airflow/dags/driven_data_pipeline.py took 0.101 seconds
[2025-07-01T23:59:37.440+0000] {processor.py:186} INFO - Started process (PID=1016) to work on /opt/airflow/dags/driven_data_pipeline.py
[2025-07-01T23:59:37.441+0000] {processor.py:914} INFO - Processing file /opt/airflow/dags/driven_data_pipeline.py for tasks to queue
[2025-07-01T23:59:37.444+0000] {logging_mixin.py:190} INFO - [2025-07-01T23:59:37.443+0000] {dagbag.py:588} INFO - Filling up the DagBag from /opt/airflow/dags/driven_data_pipeline.py
[2025-07-01T23:59:37.469+0000] {processor.py:925} INFO - DAG(s) 'extract_raw_data_pipeline' retrieved from /opt/airflow/dags/driven_data_pipeline.py
[2025-07-01T23:59:37.493+0000] {logging_mixin.py:190} INFO - [2025-07-01T23:59:37.492+0000] {dag.py:3239} INFO - Sync 1 DAGs
[2025-07-01T23:59:37.514+0000] {logging_mixin.py:190} INFO - [2025-07-01T23:59:37.514+0000] {dag.py:4180} INFO - Setting next_dagrun for extract_raw_data_pipeline to 2025-07-01 07:00:00+00:00, run_after=2025-07-02 07:00:00+00:00
[2025-07-01T23:59:37.529+0000] {processor.py:208} INFO - Processing /opt/airflow/dags/driven_data_pipeline.py took 0.096 seconds
