[2025-07-02T02:11:18.419+0000] {local_task_job_runner.py:123} INFO - ::group::Pre task execution logs
[2025-07-02T02:11:18.434+0000] {taskinstance.py:2612} INFO - Dependencies all met for dep_context=non-requeueable deps ti=<TaskInstance: extract_raw_data_pipeline.load_raw_data manual__2025-07-02T02:11:14.492345+00:00 [queued]>
[2025-07-02T02:11:18.440+0000] {taskinstance.py:2612} INFO - Dependencies all met for dep_context=requeueable deps ti=<TaskInstance: extract_raw_data_pipeline.load_raw_data manual__2025-07-02T02:11:14.492345+00:00 [queued]>
[2025-07-02T02:11:18.441+0000] {taskinstance.py:2865} INFO - Starting attempt 1 of 1
[2025-07-02T02:11:18.453+0000] {taskinstance.py:2888} INFO - Executing <Task(SQLExecuteQueryOperator): load_raw_data> on 2025-07-02 02:11:14.492345+00:00
[2025-07-02T02:11:18.459+0000] {warnings.py:112} WARNING - /home/***/.local/lib/python3.12/site-packages/***/task/task_runner/standard_task_runner.py:70: DeprecationWarning: This process (pid=223) is multi-threaded, use of fork() may lead to deadlocks in the child.
  pid = os.fork()

[2025-07-02T02:11:18.462+0000] {standard_task_runner.py:72} INFO - Started process 225 to run task
[2025-07-02T02:11:18.464+0000] {standard_task_runner.py:104} INFO - Running: ['***', 'tasks', 'run', 'extract_raw_data_pipeline', 'load_raw_data', 'manual__2025-07-02T02:11:14.492345+00:00', '--job-id', '38', '--raw', '--subdir', 'DAGS_FOLDER/driven_data_pipeline.py', '--cfg-path', '/tmp/tmpi5ugsb23']
[2025-07-02T02:11:18.465+0000] {standard_task_runner.py:105} INFO - Job 38: Subtask load_raw_data
[2025-07-02T02:11:18.571+0000] {task_command.py:467} INFO - Running <TaskInstance: extract_raw_data_pipeline.load_raw_data manual__2025-07-02T02:11:14.492345+00:00 [running]> on host 4edd573cca10
[2025-07-02T02:11:18.662+0000] {taskinstance.py:3131} INFO - Exporting env vars: AIRFLOW_CTX_DAG_OWNER='***' AIRFLOW_CTX_DAG_ID='extract_raw_data_pipeline' AIRFLOW_CTX_TASK_ID='load_raw_data' AIRFLOW_CTX_EXECUTION_DATE='2025-07-02T02:11:14.492345+00:00' AIRFLOW_CTX_TRY_NUMBER='1' AIRFLOW_CTX_DAG_RUN_ID='manual__2025-07-02T02:11:14.492345+00:00'
[2025-07-02T02:11:18.665+0000] {taskinstance.py:731} INFO - ::endgroup::
[2025-07-02T02:11:18.683+0000] {sql.py:266} INFO - Executing: 
    COPY driven_raw.raw_batch_data(
    person_name, user_name, email, personal_number, birth_date,
    address, phone, mac_address, ip_address, iban, accessed_at,
    session_duration, download_speed, upload_speed, consumed_traffic, unique_id
    ) 
    FROM '/opt/***/data/raw_data.csv' 
    DELIMITER ',' 
    CSV HEADER;
    
[2025-07-02T02:11:18.695+0000] {base.py:84} INFO - Retrieving connection 'postgres_conn'
[2025-07-02T02:11:18.709+0000] {base.py:84} INFO - Retrieving connection 'postgres_conn'
[2025-07-02T02:11:18.715+0000] {sql.py:509} INFO - Running statement: 
    COPY driven_raw.raw_batch_data(
    person_name, user_name, email, personal_number, birth_date,
    address, phone, mac_address, ip_address, iban, accessed_at,
    session_duration, download_speed, upload_speed, consumed_traffic, unique_id
    ) 
    FROM '/opt/***/data/raw_data.csv' 
    DELIMITER ',' 
    CSV HEADER;
    , parameters: None
[2025-07-02T02:11:18.723+0000] {sql.py:518} INFO - Rows affected: 680
[2025-07-02T02:11:18.738+0000] {taskinstance.py:340} INFO - ::group::Post task execution logs
[2025-07-02T02:11:18.739+0000] {taskinstance.py:352} INFO - Marking task as SUCCESS. dag_id=extract_raw_data_pipeline, task_id=load_raw_data, run_id=manual__2025-07-02T02:11:14.492345+00:00, execution_date=20250702T021114, start_date=20250702T021118, end_date=20250702T021118
[2025-07-02T02:11:18.761+0000] {local_task_job_runner.py:266} INFO - Task exited with return code 0
[2025-07-02T02:11:18.786+0000] {taskinstance.py:3900} INFO - 1 downstream tasks scheduled from follow-on schedule check
[2025-07-02T02:11:18.789+0000] {local_task_job_runner.py:245} INFO - ::endgroup::
