[2025-07-02T01:27:51.684+0000] {local_task_job_runner.py:123} INFO - ::group::Pre task execution logs
[2025-07-02T01:27:51.698+0000] {taskinstance.py:2612} INFO - Dependencies all met for dep_context=non-requeueable deps ti=<TaskInstance: extract_raw_data_pipeline.run_dbt_staging scheduled__2025-07-01T07:58:00+00:00 [queued]>
[2025-07-02T01:27:51.705+0000] {taskinstance.py:2612} INFO - Dependencies all met for dep_context=requeueable deps ti=<TaskInstance: extract_raw_data_pipeline.run_dbt_staging scheduled__2025-07-01T07:58:00+00:00 [queued]>
[2025-07-02T01:27:51.706+0000] {taskinstance.py:2865} INFO - Starting attempt 1 of 1
[2025-07-02T01:27:51.716+0000] {taskinstance.py:2888} INFO - Executing <Task(BashOperator): run_dbt_staging> on 2025-07-01 07:58:00+00:00
[2025-07-02T01:27:51.720+0000] {warnings.py:112} WARNING - /home/***/.local/lib/python3.12/site-packages/***/task/task_runner/standard_task_runner.py:70: DeprecationWarning: This process (pid=2234) is multi-threaded, use of fork() may lead to deadlocks in the child.
  pid = os.fork()

[2025-07-02T01:27:51.722+0000] {standard_task_runner.py:72} INFO - Started process 2236 to run task
[2025-07-02T01:27:51.722+0000] {standard_task_runner.py:104} INFO - Running: ['***', 'tasks', 'run', 'extract_raw_data_pipeline', 'run_dbt_staging', 'scheduled__2025-07-01T07:58:00+00:00', '--job-id', '13', '--raw', '--subdir', 'DAGS_FOLDER/driven_data_pipeline.py', '--cfg-path', '/tmp/tmpuvqoh5qh']
[2025-07-02T01:27:51.723+0000] {standard_task_runner.py:105} INFO - Job 13: Subtask run_dbt_staging
[2025-07-02T01:27:51.784+0000] {task_command.py:467} INFO - Running <TaskInstance: extract_raw_data_pipeline.run_dbt_staging scheduled__2025-07-01T07:58:00+00:00 [running]> on host 1e9d293b9376
[2025-07-02T01:27:51.847+0000] {taskinstance.py:3131} INFO - Exporting env vars: AIRFLOW_CTX_DAG_OWNER='***' AIRFLOW_CTX_DAG_ID='extract_raw_data_pipeline' AIRFLOW_CTX_TASK_ID='run_dbt_staging' AIRFLOW_CTX_EXECUTION_DATE='2025-07-01T07:58:00+00:00' AIRFLOW_CTX_TRY_NUMBER='1' AIRFLOW_CTX_DAG_RUN_ID='scheduled__2025-07-01T07:58:00+00:00'
[2025-07-02T01:27:51.848+0000] {taskinstance.py:731} INFO - ::endgroup::
[2025-07-02T01:27:51.862+0000] {subprocess.py:63} INFO - Tmp dir root location: /tmp
[2025-07-02T01:27:51.863+0000] {subprocess.py:75} INFO - Running command: ['/usr/bin/bash', '-c', 'set -x; cd /opt/***/dbt && dbt run --select tag:staging']
[2025-07-02T01:27:51.873+0000] {subprocess.py:86} INFO - Output:
[2025-07-02T01:27:51.883+0000] {subprocess.py:93} INFO - + cd /opt/***/dbt
[2025-07-02T01:27:51.884+0000] {subprocess.py:93} INFO - + dbt run --select tag:staging
[2025-07-02T01:27:54.049+0000] {subprocess.py:93} INFO - [0m01:27:54  Running with dbt=1.8.0
[2025-07-02T01:27:54.304+0000] {subprocess.py:93} INFO - [0m01:27:54  Registered adapter: postgres=1.8.2
[2025-07-02T01:27:54.373+0000] {subprocess.py:93} INFO - [0m01:27:54  Unable to do partial parsing because saved manifest not found. Starting full parse.
[2025-07-02T01:27:55.554+0000] {subprocess.py:93} INFO - [0m01:27:55  Found 9 models, 10 sources, 428 macros
[2025-07-02T01:27:55.557+0000] {subprocess.py:93} INFO - [0m01:27:55
[2025-07-02T01:27:55.683+0000] {subprocess.py:93} INFO - [0m01:27:55  Concurrency: 1 threads (target='dev')
[2025-07-02T01:27:55.685+0000] {subprocess.py:93} INFO - [0m01:27:55
[2025-07-02T01:27:55.694+0000] {subprocess.py:93} INFO - [0m01:27:55  1 of 5 START sql table model driven_staging.dim_address ........................ [RUN]
[2025-07-02T01:27:55.853+0000] {subprocess.py:93} INFO - [0m01:27:55  1 of 5 ERROR creating sql table model driven_staging.dim_address ............... [[31mERROR[0m in 0.16s]
[2025-07-02T01:27:55.856+0000] {subprocess.py:93} INFO - [0m01:27:55  2 of 5 START sql table model driven_staging.dim_date ........................... [RUN]
[2025-07-02T01:27:55.903+0000] {subprocess.py:93} INFO - [0m01:27:55  2 of 5 ERROR creating sql table model driven_staging.dim_date .................. [[31mERROR[0m in 0.05s]
[2025-07-02T01:27:55.905+0000] {subprocess.py:93} INFO - [0m01:27:55  3 of 5 START sql table model driven_staging.dim_finance ........................ [RUN]
[2025-07-02T01:27:55.941+0000] {subprocess.py:93} INFO - [0m01:27:55  3 of 5 ERROR creating sql table model driven_staging.dim_finance ............... [[31mERROR[0m in 0.03s]
[2025-07-02T01:27:55.943+0000] {subprocess.py:93} INFO - [0m01:27:55  4 of 5 START sql table model driven_staging.dim_person ......................... [RUN]
[2025-07-02T01:27:55.978+0000] {subprocess.py:93} INFO - [0m01:27:55  4 of 5 ERROR creating sql table model driven_staging.dim_person ................ [[31mERROR[0m in 0.03s]
[2025-07-02T01:27:55.980+0000] {subprocess.py:93} INFO - [0m01:27:55  5 of 5 START sql table model driven_staging.fact_network_usage ................. [RUN]
[2025-07-02T01:27:56.023+0000] {subprocess.py:93} INFO - [0m01:27:56  5 of 5 ERROR creating sql table model driven_staging.fact_network_usage ........ [[31mERROR[0m in 0.04s]
[2025-07-02T01:27:56.035+0000] {subprocess.py:93} INFO - [0m01:27:56
[2025-07-02T01:27:56.035+0000] {subprocess.py:93} INFO - [0m01:27:56  Finished running 5 table models in 0 hours 0 minutes and 0.48 seconds (0.48s).
[2025-07-02T01:27:56.079+0000] {subprocess.py:93} INFO - [0m01:27:56
[2025-07-02T01:27:56.079+0000] {subprocess.py:93} INFO - [0m01:27:56  [31mCompleted with 5 errors and 0 warnings:[0m
[2025-07-02T01:27:56.080+0000] {subprocess.py:93} INFO - [0m01:27:56
[2025-07-02T01:27:56.081+0000] {subprocess.py:93} INFO - [0m01:27:56    Database Error in model staging_dim_address (models/staging_dim_address.sql)
[2025-07-02T01:27:56.081+0000] {subprocess.py:93} INFO -   syntax error at or near ";"
[2025-07-02T01:27:56.082+0000] {subprocess.py:93} INFO -   LINE 23: SELECT * FROM source_data;
[2025-07-02T01:27:56.082+0000] {subprocess.py:93} INFO -                                     ^
[2025-07-02T01:27:56.082+0000] {subprocess.py:93} INFO -   compiled code at target/run/dbt_driven_data/models/staging_dim_address.sql
[2025-07-02T01:27:56.083+0000] {subprocess.py:93} INFO - [0m01:27:56
[2025-07-02T01:27:56.083+0000] {subprocess.py:93} INFO - [0m01:27:56    Database Error in model staging_dim_date (models/staging_dim_date.sql)
[2025-07-02T01:27:56.084+0000] {subprocess.py:93} INFO -   syntax error at or near ";"
[2025-07-02T01:27:56.084+0000] {subprocess.py:93} INFO -   LINE 21: SELECT * FROM source_data;
[2025-07-02T01:27:56.084+0000] {subprocess.py:93} INFO -                                     ^
[2025-07-02T01:27:56.085+0000] {subprocess.py:93} INFO -   compiled code at target/run/dbt_driven_data/models/staging_dim_date.sql
[2025-07-02T01:27:56.085+0000] {subprocess.py:93} INFO - [0m01:27:56
[2025-07-02T01:27:56.085+0000] {subprocess.py:93} INFO - [0m01:27:56    Database Error in model staging_dim_finance (models/staging_dim_finance.sql)
[2025-07-02T01:27:56.086+0000] {subprocess.py:93} INFO -   syntax error at or near ";"
[2025-07-02T01:27:56.086+0000] {subprocess.py:93} INFO -   LINE 21: SELECT * FROM source_data;
[2025-07-02T01:27:56.086+0000] {subprocess.py:93} INFO -                                     ^
[2025-07-02T01:27:56.087+0000] {subprocess.py:93} INFO -   compiled code at target/run/dbt_driven_data/models/staging_dim_finance.sql
[2025-07-02T01:27:56.087+0000] {subprocess.py:93} INFO - [0m01:27:56
[2025-07-02T01:27:56.088+0000] {subprocess.py:93} INFO - [0m01:27:56    Database Error in model staging_dim_person (models/staging_dim_person.sql)
[2025-07-02T01:27:56.088+0000] {subprocess.py:93} INFO -   syntax error at or near ";"
[2025-07-02T01:27:56.088+0000] {subprocess.py:93} INFO -   LINE 26: SELECT * FROM source_data;
[2025-07-02T01:27:56.089+0000] {subprocess.py:93} INFO -                                     ^
[2025-07-02T01:27:56.089+0000] {subprocess.py:93} INFO -   compiled code at target/run/dbt_driven_data/models/staging_dim_person.sql
[2025-07-02T01:27:56.089+0000] {subprocess.py:93} INFO - [0m01:27:56
[2025-07-02T01:27:56.090+0000] {subprocess.py:93} INFO - [0m01:27:56    Database Error in model staging_fact_network_usage (models/staging_fact_network_usage.sql)
[2025-07-02T01:27:56.090+0000] {subprocess.py:93} INFO -   syntax error at or near ";"
[2025-07-02T01:27:56.091+0000] {subprocess.py:93} INFO -   LINE 24: SELECT * FROM source_data;
[2025-07-02T01:27:56.091+0000] {subprocess.py:93} INFO -                                     ^
[2025-07-02T01:27:56.092+0000] {subprocess.py:93} INFO -   compiled code at target/run/dbt_driven_data/models/staging_fact_network_usage.sql
[2025-07-02T01:27:56.092+0000] {subprocess.py:93} INFO - [0m01:27:56
[2025-07-02T01:27:56.093+0000] {subprocess.py:93} INFO - [0m01:27:56  Done. PASS=0 WARN=0 ERROR=5 SKIP=0 TOTAL=5
[2025-07-02T01:27:57.009+0000] {subprocess.py:97} INFO - Command exited with return code 1
[2025-07-02T01:27:57.019+0000] {taskinstance.py:3310} ERROR - Task failed with exception
Traceback (most recent call last):
  File "/home/airflow/.local/lib/python3.12/site-packages/airflow/models/taskinstance.py", line 767, in _execute_task
    result = _execute_callable(context=context, **execute_callable_kwargs)
             ^^^^^^^^^^^^^^^^^^^^^^^^^^^^^^^^^^^^^^^^^^^^^^^^^^^^^^^^^^^^^
  File "/home/airflow/.local/lib/python3.12/site-packages/airflow/models/taskinstance.py", line 733, in _execute_callable
    return ExecutionCallableRunner(
           ^^^^^^^^^^^^^^^^^^^^^^^^
  File "/home/airflow/.local/lib/python3.12/site-packages/airflow/utils/operator_helpers.py", line 252, in run
    return self.func(*args, **kwargs)
           ^^^^^^^^^^^^^^^^^^^^^^^^^^
  File "/home/airflow/.local/lib/python3.12/site-packages/airflow/models/baseoperator.py", line 406, in wrapper
    return func(self, *args, **kwargs)
           ^^^^^^^^^^^^^^^^^^^^^^^^^^^
  File "/home/airflow/.local/lib/python3.12/site-packages/airflow/operators/bash.py", line 249, in execute
    raise AirflowException(
airflow.exceptions.AirflowException: Bash command failed. The command returned a non-zero exit code 1.
[2025-07-02T01:27:57.023+0000] {taskinstance.py:1225} INFO - Marking task as FAILED. dag_id=extract_raw_data_pipeline, task_id=run_dbt_staging, run_id=scheduled__2025-07-01T07:58:00+00:00, execution_date=20250701T075800, start_date=20250702T012751, end_date=20250702T012757
[2025-07-02T01:27:57.033+0000] {taskinstance.py:340} INFO - ::group::Post task execution logs
[2025-07-02T01:27:57.034+0000] {standard_task_runner.py:124} ERROR - Failed to execute job 13 for task run_dbt_staging (Bash command failed. The command returned a non-zero exit code 1.; 2236)
Traceback (most recent call last):
  File "/home/airflow/.local/lib/python3.12/site-packages/airflow/task/task_runner/standard_task_runner.py", line 117, in _start_by_fork
    ret = args.func(args, dag=self.dag)
          ^^^^^^^^^^^^^^^^^^^^^^^^^^^^^
  File "/home/airflow/.local/lib/python3.12/site-packages/airflow/cli/cli_config.py", line 49, in command
    return func(*args, **kwargs)
           ^^^^^^^^^^^^^^^^^^^^^
  File "/home/airflow/.local/lib/python3.12/site-packages/airflow/utils/cli.py", line 115, in wrapper
    return f(*args, **kwargs)
           ^^^^^^^^^^^^^^^^^^
  File "/home/airflow/.local/lib/python3.12/site-packages/airflow/cli/commands/task_command.py", line 483, in task_run
    task_return_code = _run_task_by_selected_method(args, _dag, ti)
                       ^^^^^^^^^^^^^^^^^^^^^^^^^^^^^^^^^^^^^^^^^^^^
  File "/home/airflow/.local/lib/python3.12/site-packages/airflow/cli/commands/task_command.py", line 256, in _run_task_by_selected_method
    return _run_raw_task(args, ti)
           ^^^^^^^^^^^^^^^^^^^^^^^
  File "/home/airflow/.local/lib/python3.12/site-packages/airflow/cli/commands/task_command.py", line 341, in _run_raw_task
    return ti._run_raw_task(
           ^^^^^^^^^^^^^^^^^
  File "/home/airflow/.local/lib/python3.12/site-packages/airflow/utils/session.py", line 97, in wrapper
    return func(*args, session=session, **kwargs)
           ^^^^^^^^^^^^^^^^^^^^^^^^^^^^^^^^^^^^^^
  File "/home/airflow/.local/lib/python3.12/site-packages/airflow/models/taskinstance.py", line 3004, in _run_raw_task
    return _run_raw_task(
           ^^^^^^^^^^^^^^
  File "/home/airflow/.local/lib/python3.12/site-packages/airflow/models/taskinstance.py", line 273, in _run_raw_task
    TaskInstance._execute_task_with_callbacks(
  File "/home/airflow/.local/lib/python3.12/site-packages/airflow/models/taskinstance.py", line 3158, in _execute_task_with_callbacks
    result = self._execute_task(context, task_orig)
             ^^^^^^^^^^^^^^^^^^^^^^^^^^^^^^^^^^^^^^
  File "/home/airflow/.local/lib/python3.12/site-packages/airflow/models/taskinstance.py", line 3182, in _execute_task
    return _execute_task(self, context, task_orig)
           ^^^^^^^^^^^^^^^^^^^^^^^^^^^^^^^^^^^^^^^
  File "/home/airflow/.local/lib/python3.12/site-packages/airflow/models/taskinstance.py", line 767, in _execute_task
    result = _execute_callable(context=context, **execute_callable_kwargs)
             ^^^^^^^^^^^^^^^^^^^^^^^^^^^^^^^^^^^^^^^^^^^^^^^^^^^^^^^^^^^^^
  File "/home/airflow/.local/lib/python3.12/site-packages/airflow/models/taskinstance.py", line 733, in _execute_callable
    return ExecutionCallableRunner(
           ^^^^^^^^^^^^^^^^^^^^^^^^
  File "/home/airflow/.local/lib/python3.12/site-packages/airflow/utils/operator_helpers.py", line 252, in run
    return self.func(*args, **kwargs)
           ^^^^^^^^^^^^^^^^^^^^^^^^^^
  File "/home/airflow/.local/lib/python3.12/site-packages/airflow/models/baseoperator.py", line 406, in wrapper
    return func(self, *args, **kwargs)
           ^^^^^^^^^^^^^^^^^^^^^^^^^^^
  File "/home/airflow/.local/lib/python3.12/site-packages/airflow/operators/bash.py", line 249, in execute
    raise AirflowException(
airflow.exceptions.AirflowException: Bash command failed. The command returned a non-zero exit code 1.
[2025-07-02T01:27:57.072+0000] {local_task_job_runner.py:266} INFO - Task exited with return code 1
[2025-07-02T01:27:57.134+0000] {taskinstance.py:3900} INFO - 0 downstream tasks scheduled from follow-on schedule check
[2025-07-02T01:27:57.143+0000] {local_task_job_runner.py:245} INFO - ::endgroup::
