[2025-07-05T00:53:05.524+0000] {processor.py:186} INFO - Started process (PID=51) to work on /opt/airflow/dags/driven_data_pipeline.py
[2025-07-05T00:53:05.525+0000] {processor.py:914} INFO - Processing file /opt/airflow/dags/driven_data_pipeline.py for tasks to queue
[2025-07-05T00:53:05.528+0000] {logging_mixin.py:190} INFO - [2025-07-05T00:53:05.527+0000] {dagbag.py:588} INFO - Filling up the DagBag from /opt/airflow/dags/driven_data_pipeline.py
[2025-07-05T00:53:06.207+0000] {processor.py:925} INFO - DAG(s) 'extract_raw_data_pipeline' retrieved from /opt/airflow/dags/driven_data_pipeline.py
[2025-07-05T00:53:06.229+0000] {logging_mixin.py:190} INFO - [2025-07-05T00:53:06.229+0000] {dag.py:3239} INFO - Sync 1 DAGs
[2025-07-05T00:53:06.247+0000] {logging_mixin.py:190} INFO - [2025-07-05T00:53:06.247+0000] {dag.py:4180} INFO - Setting next_dagrun for extract_raw_data_pipeline to 2025-07-04 07:59:00+00:00, run_after=2025-07-05 07:00:00+00:00
[2025-07-05T00:53:06.265+0000] {processor.py:208} INFO - Processing /opt/airflow/dags/driven_data_pipeline.py took 0.748 seconds
[2025-07-05T00:54:19.094+0000] {processor.py:186} INFO - Started process (PID=50) to work on /opt/airflow/dags/driven_data_pipeline.py
[2025-07-05T00:54:19.095+0000] {processor.py:914} INFO - Processing file /opt/airflow/dags/driven_data_pipeline.py for tasks to queue
[2025-07-05T00:54:19.097+0000] {logging_mixin.py:190} INFO - [2025-07-05T00:54:19.097+0000] {dagbag.py:588} INFO - Filling up the DagBag from /opt/airflow/dags/driven_data_pipeline.py
[2025-07-05T00:54:19.403+0000] {processor.py:925} INFO - DAG(s) 'extract_raw_data_pipeline' retrieved from /opt/airflow/dags/driven_data_pipeline.py
[2025-07-05T00:54:19.439+0000] {logging_mixin.py:190} INFO - [2025-07-05T00:54:19.438+0000] {dag.py:3239} INFO - Sync 1 DAGs
[2025-07-05T00:54:19.458+0000] {logging_mixin.py:190} INFO - [2025-07-05T00:54:19.458+0000] {dag.py:4180} INFO - Setting next_dagrun for extract_raw_data_pipeline to 2025-07-04 07:59:00+00:00, run_after=2025-07-05 07:00:00+00:00
[2025-07-05T00:54:19.478+0000] {processor.py:208} INFO - Processing /opt/airflow/dags/driven_data_pipeline.py took 0.389 seconds
[2025-07-05T00:54:29.012+0000] {processor.py:186} INFO - Started process (PID=58) to work on /opt/airflow/dags/driven_data_pipeline.py
[2025-07-05T00:54:29.014+0000] {processor.py:914} INFO - Processing file /opt/airflow/dags/driven_data_pipeline.py for tasks to queue
[2025-07-05T00:54:29.016+0000] {logging_mixin.py:190} INFO - [2025-07-05T00:54:29.016+0000] {dagbag.py:588} INFO - Filling up the DagBag from /opt/airflow/dags/driven_data_pipeline.py
[2025-07-05T00:54:29.279+0000] {processor.py:925} INFO - DAG(s) 'extract_raw_data_pipeline' retrieved from /opt/airflow/dags/driven_data_pipeline.py
[2025-07-05T00:54:29.291+0000] {logging_mixin.py:190} INFO - [2025-07-05T00:54:29.290+0000] {taskinstance.py:3312} ERROR - {'DAG Id': 'extract_raw_data_pipeline', 'Task Id': 'extract_raw_data', 'Run Id': 'scheduled__2025-07-04T07:58:00+00:00', 'Hostname': '4edd573cca10', 'External Executor Id': '4aeb22a7-8435-427c-a431-7441d99fd8be'}
[2025-07-05T00:54:29.309+0000] {logging_mixin.py:190} INFO - [2025-07-05T00:54:29.309+0000] {taskinstance.py:1225} INFO - Marking task as FAILED. dag_id=extract_raw_data_pipeline, task_id=extract_raw_data, run_id=scheduled__2025-07-04T07:58:00+00:00, execution_date=20250704T075800, start_date=20250705T005308, end_date=20250705T005429
[2025-07-05T00:54:29.326+0000] {logging_mixin.py:190} INFO - [2025-07-05T00:54:29.325+0000] {processor.py:876} INFO - Executed callback for <TaskInstance: extract_raw_data_pipeline.extract_raw_data scheduled__2025-07-04T07:58:00+00:00 [failed]> in state failed
[2025-07-05T00:54:29.336+0000] {logging_mixin.py:190} INFO - [2025-07-05T00:54:29.336+0000] {dag.py:3239} INFO - Sync 1 DAGs
[2025-07-05T00:54:29.348+0000] {logging_mixin.py:190} INFO - [2025-07-05T00:54:29.348+0000] {dag.py:4180} INFO - Setting next_dagrun for extract_raw_data_pipeline to 2025-07-04 07:59:00+00:00, run_after=2025-07-05 07:00:00+00:00
[2025-07-05T00:54:29.358+0000] {processor.py:208} INFO - Processing /opt/airflow/dags/driven_data_pipeline.py took 0.351 seconds
[2025-07-05T00:54:59.740+0000] {processor.py:186} INFO - Started process (PID=70) to work on /opt/airflow/dags/driven_data_pipeline.py
[2025-07-05T00:54:59.741+0000] {processor.py:914} INFO - Processing file /opt/airflow/dags/driven_data_pipeline.py for tasks to queue
[2025-07-05T00:54:59.743+0000] {logging_mixin.py:190} INFO - [2025-07-05T00:54:59.743+0000] {dagbag.py:588} INFO - Filling up the DagBag from /opt/airflow/dags/driven_data_pipeline.py
[2025-07-05T00:55:00.049+0000] {processor.py:925} INFO - DAG(s) 'extract_raw_data_pipeline' retrieved from /opt/airflow/dags/driven_data_pipeline.py
[2025-07-05T00:55:00.070+0000] {logging_mixin.py:190} INFO - [2025-07-05T00:55:00.069+0000] {dag.py:3239} INFO - Sync 1 DAGs
[2025-07-05T00:55:00.086+0000] {logging_mixin.py:190} INFO - [2025-07-05T00:55:00.086+0000] {dag.py:4180} INFO - Setting next_dagrun for extract_raw_data_pipeline to 2025-07-04 07:59:00+00:00, run_after=2025-07-05 07:00:00+00:00
[2025-07-05T00:55:00.101+0000] {processor.py:208} INFO - Processing /opt/airflow/dags/driven_data_pipeline.py took 0.366 seconds
[2025-07-05T00:55:30.191+0000] {processor.py:186} INFO - Started process (PID=78) to work on /opt/airflow/dags/driven_data_pipeline.py
[2025-07-05T00:55:30.192+0000] {processor.py:914} INFO - Processing file /opt/airflow/dags/driven_data_pipeline.py for tasks to queue
[2025-07-05T00:55:30.194+0000] {logging_mixin.py:190} INFO - [2025-07-05T00:55:30.194+0000] {dagbag.py:588} INFO - Filling up the DagBag from /opt/airflow/dags/driven_data_pipeline.py
[2025-07-05T00:55:30.451+0000] {processor.py:925} INFO - DAG(s) 'extract_raw_data_pipeline' retrieved from /opt/airflow/dags/driven_data_pipeline.py
[2025-07-05T00:55:30.471+0000] {logging_mixin.py:190} INFO - [2025-07-05T00:55:30.471+0000] {dag.py:3239} INFO - Sync 1 DAGs
[2025-07-05T00:55:30.487+0000] {logging_mixin.py:190} INFO - [2025-07-05T00:55:30.487+0000] {dag.py:4180} INFO - Setting next_dagrun for extract_raw_data_pipeline to 2025-07-04 07:59:00+00:00, run_after=2025-07-05 07:00:00+00:00
[2025-07-05T00:55:30.501+0000] {processor.py:208} INFO - Processing /opt/airflow/dags/driven_data_pipeline.py took 0.316 seconds
[2025-07-05T00:56:00.724+0000] {processor.py:186} INFO - Started process (PID=86) to work on /opt/airflow/dags/driven_data_pipeline.py
[2025-07-05T00:56:00.726+0000] {processor.py:914} INFO - Processing file /opt/airflow/dags/driven_data_pipeline.py for tasks to queue
[2025-07-05T00:56:00.732+0000] {logging_mixin.py:190} INFO - [2025-07-05T00:56:00.732+0000] {dagbag.py:588} INFO - Filling up the DagBag from /opt/airflow/dags/driven_data_pipeline.py
[2025-07-05T00:56:01.037+0000] {processor.py:925} INFO - DAG(s) 'extract_raw_data_pipeline' retrieved from /opt/airflow/dags/driven_data_pipeline.py
[2025-07-05T00:56:01.053+0000] {logging_mixin.py:190} INFO - [2025-07-05T00:56:01.053+0000] {dag.py:3239} INFO - Sync 1 DAGs
[2025-07-05T00:56:01.067+0000] {logging_mixin.py:190} INFO - [2025-07-05T00:56:01.067+0000] {dag.py:4180} INFO - Setting next_dagrun for extract_raw_data_pipeline to 2025-07-04 07:59:00+00:00, run_after=2025-07-05 07:00:00+00:00
[2025-07-05T00:56:01.081+0000] {processor.py:208} INFO - Processing /opt/airflow/dags/driven_data_pipeline.py took 0.370 seconds
[2025-07-05T00:56:31.341+0000] {processor.py:186} INFO - Started process (PID=98) to work on /opt/airflow/dags/driven_data_pipeline.py
[2025-07-05T00:56:31.342+0000] {processor.py:914} INFO - Processing file /opt/airflow/dags/driven_data_pipeline.py for tasks to queue
[2025-07-05T00:56:31.345+0000] {logging_mixin.py:190} INFO - [2025-07-05T00:56:31.345+0000] {dagbag.py:588} INFO - Filling up the DagBag from /opt/airflow/dags/driven_data_pipeline.py
[2025-07-05T00:56:31.638+0000] {processor.py:925} INFO - DAG(s) 'extract_raw_data_pipeline' retrieved from /opt/airflow/dags/driven_data_pipeline.py
[2025-07-05T00:56:31.659+0000] {logging_mixin.py:190} INFO - [2025-07-05T00:56:31.659+0000] {dag.py:3239} INFO - Sync 1 DAGs
[2025-07-05T00:56:31.680+0000] {logging_mixin.py:190} INFO - [2025-07-05T00:56:31.680+0000] {dag.py:4180} INFO - Setting next_dagrun for extract_raw_data_pipeline to 2025-07-04 07:59:00+00:00, run_after=2025-07-05 07:00:00+00:00
[2025-07-05T00:56:31.693+0000] {processor.py:208} INFO - Processing /opt/airflow/dags/driven_data_pipeline.py took 0.359 seconds
[2025-07-05T00:57:01.823+0000] {processor.py:186} INFO - Started process (PID=106) to work on /opt/airflow/dags/driven_data_pipeline.py
[2025-07-05T00:57:01.825+0000] {processor.py:914} INFO - Processing file /opt/airflow/dags/driven_data_pipeline.py for tasks to queue
[2025-07-05T00:57:01.828+0000] {logging_mixin.py:190} INFO - [2025-07-05T00:57:01.828+0000] {dagbag.py:588} INFO - Filling up the DagBag from /opt/airflow/dags/driven_data_pipeline.py
[2025-07-05T00:57:02.129+0000] {processor.py:925} INFO - DAG(s) 'extract_raw_data_pipeline' retrieved from /opt/airflow/dags/driven_data_pipeline.py
[2025-07-05T00:57:02.148+0000] {logging_mixin.py:190} INFO - [2025-07-05T00:57:02.148+0000] {dag.py:3239} INFO - Sync 1 DAGs
[2025-07-05T00:57:02.164+0000] {logging_mixin.py:190} INFO - [2025-07-05T00:57:02.164+0000] {dag.py:4180} INFO - Setting next_dagrun for extract_raw_data_pipeline to 2025-07-04 07:59:00+00:00, run_after=2025-07-05 07:00:00+00:00
[2025-07-05T00:57:02.177+0000] {processor.py:208} INFO - Processing /opt/airflow/dags/driven_data_pipeline.py took 0.360 seconds
[2025-07-05T00:57:32.463+0000] {processor.py:186} INFO - Started process (PID=114) to work on /opt/airflow/dags/driven_data_pipeline.py
[2025-07-05T00:57:32.464+0000] {processor.py:914} INFO - Processing file /opt/airflow/dags/driven_data_pipeline.py for tasks to queue
[2025-07-05T00:57:32.467+0000] {logging_mixin.py:190} INFO - [2025-07-05T00:57:32.467+0000] {dagbag.py:588} INFO - Filling up the DagBag from /opt/airflow/dags/driven_data_pipeline.py
[2025-07-05T00:57:32.770+0000] {processor.py:925} INFO - DAG(s) 'extract_raw_data_pipeline' retrieved from /opt/airflow/dags/driven_data_pipeline.py
[2025-07-05T00:57:32.787+0000] {logging_mixin.py:190} INFO - [2025-07-05T00:57:32.787+0000] {dag.py:3239} INFO - Sync 1 DAGs
[2025-07-05T00:57:32.802+0000] {logging_mixin.py:190} INFO - [2025-07-05T00:57:32.802+0000] {dag.py:4180} INFO - Setting next_dagrun for extract_raw_data_pipeline to 2025-07-04 07:59:00+00:00, run_after=2025-07-05 07:00:00+00:00
[2025-07-05T00:57:32.815+0000] {processor.py:208} INFO - Processing /opt/airflow/dags/driven_data_pipeline.py took 0.358 seconds
[2025-07-05T00:58:03.124+0000] {processor.py:186} INFO - Started process (PID=122) to work on /opt/airflow/dags/driven_data_pipeline.py
[2025-07-05T00:58:03.125+0000] {processor.py:914} INFO - Processing file /opt/airflow/dags/driven_data_pipeline.py for tasks to queue
[2025-07-05T00:58:03.127+0000] {logging_mixin.py:190} INFO - [2025-07-05T00:58:03.127+0000] {dagbag.py:588} INFO - Filling up the DagBag from /opt/airflow/dags/driven_data_pipeline.py
[2025-07-05T00:58:03.402+0000] {processor.py:925} INFO - DAG(s) 'extract_raw_data_pipeline' retrieved from /opt/airflow/dags/driven_data_pipeline.py
[2025-07-05T00:58:03.422+0000] {logging_mixin.py:190} INFO - [2025-07-05T00:58:03.421+0000] {dag.py:3239} INFO - Sync 1 DAGs
[2025-07-05T00:58:03.437+0000] {logging_mixin.py:190} INFO - [2025-07-05T00:58:03.437+0000] {dag.py:4180} INFO - Setting next_dagrun for extract_raw_data_pipeline to 2025-07-04 07:59:00+00:00, run_after=2025-07-05 07:00:00+00:00
[2025-07-05T00:58:03.451+0000] {processor.py:208} INFO - Processing /opt/airflow/dags/driven_data_pipeline.py took 0.332 seconds
[2025-07-05T00:58:33.563+0000] {processor.py:186} INFO - Started process (PID=130) to work on /opt/airflow/dags/driven_data_pipeline.py
[2025-07-05T00:58:33.564+0000] {processor.py:914} INFO - Processing file /opt/airflow/dags/driven_data_pipeline.py for tasks to queue
[2025-07-05T00:58:33.568+0000] {logging_mixin.py:190} INFO - [2025-07-05T00:58:33.567+0000] {dagbag.py:588} INFO - Filling up the DagBag from /opt/airflow/dags/driven_data_pipeline.py
[2025-07-05T00:58:33.850+0000] {processor.py:925} INFO - DAG(s) 'extract_raw_data_pipeline' retrieved from /opt/airflow/dags/driven_data_pipeline.py
[2025-07-05T00:58:33.867+0000] {logging_mixin.py:190} INFO - [2025-07-05T00:58:33.867+0000] {dag.py:3239} INFO - Sync 1 DAGs
[2025-07-05T00:58:33.883+0000] {logging_mixin.py:190} INFO - [2025-07-05T00:58:33.883+0000] {dag.py:4180} INFO - Setting next_dagrun for extract_raw_data_pipeline to 2025-07-04 07:59:00+00:00, run_after=2025-07-05 07:00:00+00:00
[2025-07-05T00:58:33.897+0000] {processor.py:208} INFO - Processing /opt/airflow/dags/driven_data_pipeline.py took 0.339 seconds
[2025-07-05T00:59:02.231+0000] {processor.py:186} INFO - Started process (PID=138) to work on /opt/airflow/dags/driven_data_pipeline.py
[2025-07-05T00:59:02.232+0000] {processor.py:914} INFO - Processing file /opt/airflow/dags/driven_data_pipeline.py for tasks to queue
[2025-07-05T00:59:02.236+0000] {logging_mixin.py:190} INFO - [2025-07-05T00:59:02.235+0000] {dagbag.py:588} INFO - Filling up the DagBag from /opt/airflow/dags/driven_data_pipeline.py
[2025-07-05T00:59:02.528+0000] {processor.py:925} INFO - DAG(s) 'extract_raw_data_pipeline' retrieved from /opt/airflow/dags/driven_data_pipeline.py
[2025-07-05T00:59:02.676+0000] {logging_mixin.py:190} INFO - [2025-07-05T00:59:02.675+0000] {dag.py:3239} INFO - Sync 1 DAGs
[2025-07-05T00:59:02.690+0000] {logging_mixin.py:190} INFO - [2025-07-05T00:59:02.690+0000] {dag.py:4180} INFO - Setting next_dagrun for extract_raw_data_pipeline to 2025-07-04 07:59:00+00:00, run_after=2025-07-05 07:00:00+00:00
[2025-07-05T00:59:02.712+0000] {processor.py:208} INFO - Processing /opt/airflow/dags/driven_data_pipeline.py took 0.486 seconds
[2025-07-05T00:59:32.878+0000] {processor.py:186} INFO - Started process (PID=146) to work on /opt/airflow/dags/driven_data_pipeline.py
[2025-07-05T00:59:32.879+0000] {processor.py:914} INFO - Processing file /opt/airflow/dags/driven_data_pipeline.py for tasks to queue
[2025-07-05T00:59:32.881+0000] {logging_mixin.py:190} INFO - [2025-07-05T00:59:32.881+0000] {dagbag.py:588} INFO - Filling up the DagBag from /opt/airflow/dags/driven_data_pipeline.py
[2025-07-05T00:59:33.152+0000] {processor.py:925} INFO - DAG(s) 'extract_raw_data_pipeline' retrieved from /opt/airflow/dags/driven_data_pipeline.py
[2025-07-05T00:59:33.170+0000] {logging_mixin.py:190} INFO - [2025-07-05T00:59:33.170+0000] {dag.py:3239} INFO - Sync 1 DAGs
[2025-07-05T00:59:33.184+0000] {logging_mixin.py:190} INFO - [2025-07-05T00:59:33.184+0000] {dag.py:4180} INFO - Setting next_dagrun for extract_raw_data_pipeline to 2025-07-04 07:59:00+00:00, run_after=2025-07-05 07:00:00+00:00
[2025-07-05T00:59:33.197+0000] {processor.py:208} INFO - Processing /opt/airflow/dags/driven_data_pipeline.py took 0.324 seconds
[2025-07-05T01:00:03.481+0000] {processor.py:186} INFO - Started process (PID=154) to work on /opt/airflow/dags/driven_data_pipeline.py
[2025-07-05T01:00:03.482+0000] {processor.py:914} INFO - Processing file /opt/airflow/dags/driven_data_pipeline.py for tasks to queue
[2025-07-05T01:00:03.484+0000] {logging_mixin.py:190} INFO - [2025-07-05T01:00:03.484+0000] {dagbag.py:588} INFO - Filling up the DagBag from /opt/airflow/dags/driven_data_pipeline.py
[2025-07-05T01:00:03.758+0000] {processor.py:925} INFO - DAG(s) 'extract_raw_data_pipeline' retrieved from /opt/airflow/dags/driven_data_pipeline.py
[2025-07-05T01:00:03.781+0000] {logging_mixin.py:190} INFO - [2025-07-05T01:00:03.780+0000] {dag.py:3239} INFO - Sync 1 DAGs
[2025-07-05T01:00:03.797+0000] {logging_mixin.py:190} INFO - [2025-07-05T01:00:03.797+0000] {dag.py:4180} INFO - Setting next_dagrun for extract_raw_data_pipeline to 2025-07-04 07:59:00+00:00, run_after=2025-07-05 07:00:00+00:00
[2025-07-05T01:00:03.814+0000] {processor.py:208} INFO - Processing /opt/airflow/dags/driven_data_pipeline.py took 0.338 seconds
[2025-07-05T01:00:34.313+0000] {processor.py:186} INFO - Started process (PID=162) to work on /opt/airflow/dags/driven_data_pipeline.py
[2025-07-05T01:00:34.315+0000] {processor.py:914} INFO - Processing file /opt/airflow/dags/driven_data_pipeline.py for tasks to queue
[2025-07-05T01:00:34.319+0000] {logging_mixin.py:190} INFO - [2025-07-05T01:00:34.318+0000] {dagbag.py:588} INFO - Filling up the DagBag from /opt/airflow/dags/driven_data_pipeline.py
[2025-07-05T01:00:34.589+0000] {processor.py:925} INFO - DAG(s) 'extract_raw_data_pipeline' retrieved from /opt/airflow/dags/driven_data_pipeline.py
[2025-07-05T01:00:34.606+0000] {logging_mixin.py:190} INFO - [2025-07-05T01:00:34.606+0000] {dag.py:3239} INFO - Sync 1 DAGs
[2025-07-05T01:00:34.621+0000] {logging_mixin.py:190} INFO - [2025-07-05T01:00:34.621+0000] {dag.py:4180} INFO - Setting next_dagrun for extract_raw_data_pipeline to 2025-07-04 07:59:00+00:00, run_after=2025-07-05 07:00:00+00:00
[2025-07-05T01:00:34.637+0000] {processor.py:208} INFO - Processing /opt/airflow/dags/driven_data_pipeline.py took 0.337 seconds
[2025-07-05T01:01:04.997+0000] {processor.py:186} INFO - Started process (PID=170) to work on /opt/airflow/dags/driven_data_pipeline.py
[2025-07-05T01:01:04.998+0000] {processor.py:914} INFO - Processing file /opt/airflow/dags/driven_data_pipeline.py for tasks to queue
[2025-07-05T01:01:05.001+0000] {logging_mixin.py:190} INFO - [2025-07-05T01:01:05.001+0000] {dagbag.py:588} INFO - Filling up the DagBag from /opt/airflow/dags/driven_data_pipeline.py
[2025-07-05T01:01:05.143+0000] {processor.py:925} INFO - DAG(s) 'extract_raw_data_pipeline' retrieved from /opt/airflow/dags/driven_data_pipeline.py
[2025-07-05T01:01:05.164+0000] {logging_mixin.py:190} INFO - [2025-07-05T01:01:05.164+0000] {dag.py:3239} INFO - Sync 1 DAGs
[2025-07-05T01:01:05.182+0000] {logging_mixin.py:190} INFO - [2025-07-05T01:01:05.181+0000] {dag.py:4180} INFO - Setting next_dagrun for extract_raw_data_pipeline to 2025-07-04 07:59:00+00:00, run_after=2025-07-05 07:00:00+00:00
[2025-07-05T01:01:05.195+0000] {processor.py:208} INFO - Processing /opt/airflow/dags/driven_data_pipeline.py took 0.206 seconds
[2025-07-05T01:03:07.119+0000] {processor.py:186} INFO - Started process (PID=50) to work on /opt/airflow/dags/driven_data_pipeline.py
[2025-07-05T01:03:07.120+0000] {processor.py:914} INFO - Processing file /opt/airflow/dags/driven_data_pipeline.py for tasks to queue
[2025-07-05T01:03:07.122+0000] {logging_mixin.py:190} INFO - [2025-07-05T01:03:07.122+0000] {dagbag.py:588} INFO - Filling up the DagBag from /opt/airflow/dags/driven_data_pipeline.py
[2025-07-05T01:03:07.433+0000] {processor.py:925} INFO - DAG(s) 'extract_raw_data_pipeline' retrieved from /opt/airflow/dags/driven_data_pipeline.py
[2025-07-05T01:03:07.461+0000] {logging_mixin.py:190} INFO - [2025-07-05T01:03:07.461+0000] {dag.py:3239} INFO - Sync 1 DAGs
[2025-07-05T01:03:07.477+0000] {logging_mixin.py:190} INFO - [2025-07-05T01:03:07.476+0000] {dag.py:4180} INFO - Setting next_dagrun for extract_raw_data_pipeline to 2025-07-04 07:59:00+00:00, run_after=2025-07-05 07:00:00+00:00
[2025-07-05T01:03:07.492+0000] {processor.py:208} INFO - Processing /opt/airflow/dags/driven_data_pipeline.py took 0.378 seconds
[2025-07-05T01:03:37.599+0000] {processor.py:186} INFO - Started process (PID=58) to work on /opt/airflow/dags/driven_data_pipeline.py
[2025-07-05T01:03:37.600+0000] {processor.py:914} INFO - Processing file /opt/airflow/dags/driven_data_pipeline.py for tasks to queue
[2025-07-05T01:03:37.604+0000] {logging_mixin.py:190} INFO - [2025-07-05T01:03:37.603+0000] {dagbag.py:588} INFO - Filling up the DagBag from /opt/airflow/dags/driven_data_pipeline.py
[2025-07-05T01:03:37.917+0000] {processor.py:925} INFO - DAG(s) 'extract_raw_data_pipeline' retrieved from /opt/airflow/dags/driven_data_pipeline.py
[2025-07-05T01:03:37.941+0000] {logging_mixin.py:190} INFO - [2025-07-05T01:03:37.941+0000] {dag.py:3239} INFO - Sync 1 DAGs
[2025-07-05T01:03:37.960+0000] {logging_mixin.py:190} INFO - [2025-07-05T01:03:37.960+0000] {dag.py:4180} INFO - Setting next_dagrun for extract_raw_data_pipeline to 2025-07-04 07:59:00+00:00, run_after=2025-07-05 07:00:00+00:00
[2025-07-05T01:03:37.978+0000] {processor.py:208} INFO - Processing /opt/airflow/dags/driven_data_pipeline.py took 0.385 seconds
[2025-07-05T01:04:08.265+0000] {processor.py:186} INFO - Started process (PID=70) to work on /opt/airflow/dags/driven_data_pipeline.py
[2025-07-05T01:04:08.266+0000] {processor.py:914} INFO - Processing file /opt/airflow/dags/driven_data_pipeline.py for tasks to queue
[2025-07-05T01:04:08.269+0000] {logging_mixin.py:190} INFO - [2025-07-05T01:04:08.268+0000] {dagbag.py:588} INFO - Filling up the DagBag from /opt/airflow/dags/driven_data_pipeline.py
[2025-07-05T01:04:08.585+0000] {processor.py:925} INFO - DAG(s) 'extract_raw_data_pipeline' retrieved from /opt/airflow/dags/driven_data_pipeline.py
[2025-07-05T01:04:08.605+0000] {logging_mixin.py:190} INFO - [2025-07-05T01:04:08.605+0000] {dag.py:3239} INFO - Sync 1 DAGs
[2025-07-05T01:04:08.621+0000] {logging_mixin.py:190} INFO - [2025-07-05T01:04:08.621+0000] {dag.py:4180} INFO - Setting next_dagrun for extract_raw_data_pipeline to 2025-07-04 07:59:00+00:00, run_after=2025-07-05 07:00:00+00:00
[2025-07-05T01:04:08.635+0000] {processor.py:208} INFO - Processing /opt/airflow/dags/driven_data_pipeline.py took 0.376 seconds
[2025-07-05T01:04:38.820+0000] {processor.py:186} INFO - Started process (PID=84) to work on /opt/airflow/dags/driven_data_pipeline.py
[2025-07-05T01:04:38.820+0000] {processor.py:914} INFO - Processing file /opt/airflow/dags/driven_data_pipeline.py for tasks to queue
[2025-07-05T01:04:38.823+0000] {logging_mixin.py:190} INFO - [2025-07-05T01:04:38.822+0000] {dagbag.py:588} INFO - Filling up the DagBag from /opt/airflow/dags/driven_data_pipeline.py
[2025-07-05T01:04:39.102+0000] {processor.py:925} INFO - DAG(s) 'extract_raw_data_pipeline' retrieved from /opt/airflow/dags/driven_data_pipeline.py
[2025-07-05T01:04:39.121+0000] {logging_mixin.py:190} INFO - [2025-07-05T01:04:39.120+0000] {dag.py:3239} INFO - Sync 1 DAGs
[2025-07-05T01:04:39.136+0000] {logging_mixin.py:190} INFO - [2025-07-05T01:04:39.135+0000] {dag.py:4180} INFO - Setting next_dagrun for extract_raw_data_pipeline to 2025-07-04 07:59:00+00:00, run_after=2025-07-05 07:00:00+00:00
[2025-07-05T01:04:39.150+0000] {processor.py:208} INFO - Processing /opt/airflow/dags/driven_data_pipeline.py took 0.336 seconds
[2025-07-05T01:05:09.425+0000] {processor.py:186} INFO - Started process (PID=92) to work on /opt/airflow/dags/driven_data_pipeline.py
[2025-07-05T01:05:09.426+0000] {processor.py:914} INFO - Processing file /opt/airflow/dags/driven_data_pipeline.py for tasks to queue
[2025-07-05T01:05:09.429+0000] {logging_mixin.py:190} INFO - [2025-07-05T01:05:09.429+0000] {dagbag.py:588} INFO - Filling up the DagBag from /opt/airflow/dags/driven_data_pipeline.py
[2025-07-05T01:05:09.741+0000] {processor.py:925} INFO - DAG(s) 'extract_raw_data_pipeline' retrieved from /opt/airflow/dags/driven_data_pipeline.py
[2025-07-05T01:05:09.760+0000] {logging_mixin.py:190} INFO - [2025-07-05T01:05:09.760+0000] {dag.py:3239} INFO - Sync 1 DAGs
[2025-07-05T01:05:09.776+0000] {logging_mixin.py:190} INFO - [2025-07-05T01:05:09.776+0000] {dag.py:4180} INFO - Setting next_dagrun for extract_raw_data_pipeline to 2025-07-04 07:59:00+00:00, run_after=2025-07-05 07:00:00+00:00
[2025-07-05T01:05:09.791+0000] {processor.py:208} INFO - Processing /opt/airflow/dags/driven_data_pipeline.py took 0.373 seconds
[2025-07-05T01:05:39.953+0000] {processor.py:186} INFO - Started process (PID=104) to work on /opt/airflow/dags/driven_data_pipeline.py
[2025-07-05T01:05:39.954+0000] {processor.py:914} INFO - Processing file /opt/airflow/dags/driven_data_pipeline.py for tasks to queue
[2025-07-05T01:05:39.956+0000] {logging_mixin.py:190} INFO - [2025-07-05T01:05:39.956+0000] {dagbag.py:588} INFO - Filling up the DagBag from /opt/airflow/dags/driven_data_pipeline.py
[2025-07-05T01:05:40.209+0000] {processor.py:925} INFO - DAG(s) 'extract_raw_data_pipeline' retrieved from /opt/airflow/dags/driven_data_pipeline.py
[2025-07-05T01:05:40.226+0000] {logging_mixin.py:190} INFO - [2025-07-05T01:05:40.226+0000] {dag.py:3239} INFO - Sync 1 DAGs
[2025-07-05T01:05:40.242+0000] {logging_mixin.py:190} INFO - [2025-07-05T01:05:40.242+0000] {dag.py:4180} INFO - Setting next_dagrun for extract_raw_data_pipeline to 2025-07-04 07:59:00+00:00, run_after=2025-07-05 07:00:00+00:00
[2025-07-05T01:05:40.254+0000] {processor.py:208} INFO - Processing /opt/airflow/dags/driven_data_pipeline.py took 0.306 seconds
[2025-07-05T01:06:10.709+0000] {processor.py:186} INFO - Started process (PID=112) to work on /opt/airflow/dags/driven_data_pipeline.py
[2025-07-05T01:06:10.710+0000] {processor.py:914} INFO - Processing file /opt/airflow/dags/driven_data_pipeline.py for tasks to queue
[2025-07-05T01:06:10.712+0000] {logging_mixin.py:190} INFO - [2025-07-05T01:06:10.712+0000] {dagbag.py:588} INFO - Filling up the DagBag from /opt/airflow/dags/driven_data_pipeline.py
[2025-07-05T01:06:10.966+0000] {processor.py:925} INFO - DAG(s) 'extract_raw_data_pipeline' retrieved from /opt/airflow/dags/driven_data_pipeline.py
[2025-07-05T01:06:10.985+0000] {logging_mixin.py:190} INFO - [2025-07-05T01:06:10.985+0000] {dag.py:3239} INFO - Sync 1 DAGs
[2025-07-05T01:06:11.000+0000] {logging_mixin.py:190} INFO - [2025-07-05T01:06:11.000+0000] {dag.py:4180} INFO - Setting next_dagrun for extract_raw_data_pipeline to 2025-07-04 07:59:00+00:00, run_after=2025-07-05 07:00:00+00:00
[2025-07-05T01:06:11.014+0000] {processor.py:208} INFO - Processing /opt/airflow/dags/driven_data_pipeline.py took 0.310 seconds
[2025-07-05T01:06:41.252+0000] {processor.py:186} INFO - Started process (PID=120) to work on /opt/airflow/dags/driven_data_pipeline.py
[2025-07-05T01:06:41.252+0000] {processor.py:914} INFO - Processing file /opt/airflow/dags/driven_data_pipeline.py for tasks to queue
[2025-07-05T01:06:41.254+0000] {logging_mixin.py:190} INFO - [2025-07-05T01:06:41.254+0000] {dagbag.py:588} INFO - Filling up the DagBag from /opt/airflow/dags/driven_data_pipeline.py
[2025-07-05T01:06:41.506+0000] {processor.py:925} INFO - DAG(s) 'extract_raw_data_pipeline' retrieved from /opt/airflow/dags/driven_data_pipeline.py
[2025-07-05T01:06:41.523+0000] {logging_mixin.py:190} INFO - [2025-07-05T01:06:41.523+0000] {dag.py:3239} INFO - Sync 1 DAGs
[2025-07-05T01:06:41.539+0000] {logging_mixin.py:190} INFO - [2025-07-05T01:06:41.538+0000] {dag.py:4180} INFO - Setting next_dagrun for extract_raw_data_pipeline to 2025-07-04 07:59:00+00:00, run_after=2025-07-05 07:00:00+00:00
[2025-07-05T01:06:41.552+0000] {processor.py:208} INFO - Processing /opt/airflow/dags/driven_data_pipeline.py took 0.305 seconds
[2025-07-05T01:07:12.055+0000] {processor.py:186} INFO - Started process (PID=128) to work on /opt/airflow/dags/driven_data_pipeline.py
[2025-07-05T01:07:12.056+0000] {processor.py:914} INFO - Processing file /opt/airflow/dags/driven_data_pipeline.py for tasks to queue
[2025-07-05T01:07:12.061+0000] {logging_mixin.py:190} INFO - [2025-07-05T01:07:12.061+0000] {dagbag.py:588} INFO - Filling up the DagBag from /opt/airflow/dags/driven_data_pipeline.py
[2025-07-05T01:07:12.460+0000] {processor.py:925} INFO - DAG(s) 'extract_raw_data_pipeline' retrieved from /opt/airflow/dags/driven_data_pipeline.py
[2025-07-05T01:07:12.479+0000] {logging_mixin.py:190} INFO - [2025-07-05T01:07:12.478+0000] {dag.py:3239} INFO - Sync 1 DAGs
[2025-07-05T01:07:12.497+0000] {logging_mixin.py:190} INFO - [2025-07-05T01:07:12.497+0000] {dag.py:4180} INFO - Setting next_dagrun for extract_raw_data_pipeline to 2025-07-04 07:59:00+00:00, run_after=2025-07-05 07:00:00+00:00
[2025-07-05T01:07:12.515+0000] {processor.py:208} INFO - Processing /opt/airflow/dags/driven_data_pipeline.py took 0.465 seconds
[2025-07-05T01:07:42.803+0000] {processor.py:186} INFO - Started process (PID=136) to work on /opt/airflow/dags/driven_data_pipeline.py
[2025-07-05T01:07:42.804+0000] {processor.py:914} INFO - Processing file /opt/airflow/dags/driven_data_pipeline.py for tasks to queue
[2025-07-05T01:07:42.807+0000] {logging_mixin.py:190} INFO - [2025-07-05T01:07:42.806+0000] {dagbag.py:588} INFO - Filling up the DagBag from /opt/airflow/dags/driven_data_pipeline.py
[2025-07-05T01:07:43.084+0000] {processor.py:925} INFO - DAG(s) 'extract_raw_data_pipeline' retrieved from /opt/airflow/dags/driven_data_pipeline.py
[2025-07-05T01:07:43.103+0000] {logging_mixin.py:190} INFO - [2025-07-05T01:07:43.103+0000] {dag.py:3239} INFO - Sync 1 DAGs
[2025-07-05T01:07:43.129+0000] {logging_mixin.py:190} INFO - [2025-07-05T01:07:43.129+0000] {dag.py:4180} INFO - Setting next_dagrun for extract_raw_data_pipeline to 2025-07-04 07:59:00+00:00, run_after=2025-07-05 07:00:00+00:00
[2025-07-05T01:07:43.156+0000] {processor.py:208} INFO - Processing /opt/airflow/dags/driven_data_pipeline.py took 0.359 seconds
[2025-07-05T01:08:13.442+0000] {processor.py:186} INFO - Started process (PID=144) to work on /opt/airflow/dags/driven_data_pipeline.py
[2025-07-05T01:08:13.443+0000] {processor.py:914} INFO - Processing file /opt/airflow/dags/driven_data_pipeline.py for tasks to queue
[2025-07-05T01:08:13.448+0000] {logging_mixin.py:190} INFO - [2025-07-05T01:08:13.448+0000] {dagbag.py:588} INFO - Filling up the DagBag from /opt/airflow/dags/driven_data_pipeline.py
[2025-07-05T01:08:13.742+0000] {processor.py:925} INFO - DAG(s) 'extract_raw_data_pipeline' retrieved from /opt/airflow/dags/driven_data_pipeline.py
[2025-07-05T01:08:13.761+0000] {logging_mixin.py:190} INFO - [2025-07-05T01:08:13.761+0000] {dag.py:3239} INFO - Sync 1 DAGs
[2025-07-05T01:08:13.778+0000] {logging_mixin.py:190} INFO - [2025-07-05T01:08:13.778+0000] {dag.py:4180} INFO - Setting next_dagrun for extract_raw_data_pipeline to 2025-07-04 07:59:00+00:00, run_after=2025-07-05 07:00:00+00:00
[2025-07-05T01:08:13.799+0000] {processor.py:208} INFO - Processing /opt/airflow/dags/driven_data_pipeline.py took 0.362 seconds
[2025-07-05T01:08:44.132+0000] {processor.py:186} INFO - Started process (PID=152) to work on /opt/airflow/dags/driven_data_pipeline.py
[2025-07-05T01:08:44.133+0000] {processor.py:914} INFO - Processing file /opt/airflow/dags/driven_data_pipeline.py for tasks to queue
[2025-07-05T01:08:44.135+0000] {logging_mixin.py:190} INFO - [2025-07-05T01:08:44.135+0000] {dagbag.py:588} INFO - Filling up the DagBag from /opt/airflow/dags/driven_data_pipeline.py
[2025-07-05T01:08:44.415+0000] {processor.py:925} INFO - DAG(s) 'extract_raw_data_pipeline' retrieved from /opt/airflow/dags/driven_data_pipeline.py
[2025-07-05T01:08:44.433+0000] {logging_mixin.py:190} INFO - [2025-07-05T01:08:44.433+0000] {dag.py:3239} INFO - Sync 1 DAGs
[2025-07-05T01:08:44.448+0000] {logging_mixin.py:190} INFO - [2025-07-05T01:08:44.447+0000] {dag.py:4180} INFO - Setting next_dagrun for extract_raw_data_pipeline to 2025-07-04 07:59:00+00:00, run_after=2025-07-05 07:00:00+00:00
[2025-07-05T01:08:44.461+0000] {processor.py:208} INFO - Processing /opt/airflow/dags/driven_data_pipeline.py took 0.334 seconds
[2025-07-05T01:09:14.822+0000] {processor.py:186} INFO - Started process (PID=160) to work on /opt/airflow/dags/driven_data_pipeline.py
[2025-07-05T01:09:14.824+0000] {processor.py:914} INFO - Processing file /opt/airflow/dags/driven_data_pipeline.py for tasks to queue
[2025-07-05T01:09:14.829+0000] {logging_mixin.py:190} INFO - [2025-07-05T01:09:14.828+0000] {dagbag.py:588} INFO - Filling up the DagBag from /opt/airflow/dags/driven_data_pipeline.py
[2025-07-05T01:09:15.258+0000] {processor.py:925} INFO - DAG(s) 'extract_raw_data_pipeline' retrieved from /opt/airflow/dags/driven_data_pipeline.py
[2025-07-05T01:09:15.277+0000] {logging_mixin.py:190} INFO - [2025-07-05T01:09:15.276+0000] {dag.py:3239} INFO - Sync 1 DAGs
[2025-07-05T01:09:15.293+0000] {logging_mixin.py:190} INFO - [2025-07-05T01:09:15.293+0000] {dag.py:4180} INFO - Setting next_dagrun for extract_raw_data_pipeline to 2025-07-04 07:59:00+00:00, run_after=2025-07-05 07:00:00+00:00
[2025-07-05T01:09:15.316+0000] {processor.py:208} INFO - Processing /opt/airflow/dags/driven_data_pipeline.py took 0.502 seconds
[2025-07-05T01:09:45.375+0000] {processor.py:186} INFO - Started process (PID=168) to work on /opt/airflow/dags/driven_data_pipeline.py
[2025-07-05T01:09:45.376+0000] {processor.py:914} INFO - Processing file /opt/airflow/dags/driven_data_pipeline.py for tasks to queue
[2025-07-05T01:09:45.378+0000] {logging_mixin.py:190} INFO - [2025-07-05T01:09:45.378+0000] {dagbag.py:588} INFO - Filling up the DagBag from /opt/airflow/dags/driven_data_pipeline.py
[2025-07-05T01:09:45.658+0000] {processor.py:925} INFO - DAG(s) 'extract_raw_data_pipeline' retrieved from /opt/airflow/dags/driven_data_pipeline.py
[2025-07-05T01:09:45.675+0000] {logging_mixin.py:190} INFO - [2025-07-05T01:09:45.675+0000] {dag.py:3239} INFO - Sync 1 DAGs
[2025-07-05T01:09:45.691+0000] {logging_mixin.py:190} INFO - [2025-07-05T01:09:45.691+0000] {dag.py:4180} INFO - Setting next_dagrun for extract_raw_data_pipeline to 2025-07-04 07:59:00+00:00, run_after=2025-07-05 07:00:00+00:00
[2025-07-05T01:09:45.704+0000] {processor.py:208} INFO - Processing /opt/airflow/dags/driven_data_pipeline.py took 0.334 seconds
[2025-07-05T01:10:15.839+0000] {processor.py:186} INFO - Started process (PID=176) to work on /opt/airflow/dags/driven_data_pipeline.py
[2025-07-05T01:10:15.840+0000] {processor.py:914} INFO - Processing file /opt/airflow/dags/driven_data_pipeline.py for tasks to queue
[2025-07-05T01:10:15.843+0000] {logging_mixin.py:190} INFO - [2025-07-05T01:10:15.842+0000] {dagbag.py:588} INFO - Filling up the DagBag from /opt/airflow/dags/driven_data_pipeline.py
[2025-07-05T01:10:16.139+0000] {processor.py:925} INFO - DAG(s) 'extract_raw_data_pipeline' retrieved from /opt/airflow/dags/driven_data_pipeline.py
[2025-07-05T01:10:16.160+0000] {logging_mixin.py:190} INFO - [2025-07-05T01:10:16.160+0000] {dag.py:3239} INFO - Sync 1 DAGs
[2025-07-05T01:10:16.178+0000] {logging_mixin.py:190} INFO - [2025-07-05T01:10:16.177+0000] {dag.py:4180} INFO - Setting next_dagrun for extract_raw_data_pipeline to 2025-07-04 07:59:00+00:00, run_after=2025-07-05 07:00:00+00:00
[2025-07-05T01:10:16.193+0000] {processor.py:208} INFO - Processing /opt/airflow/dags/driven_data_pipeline.py took 0.360 seconds
[2025-07-05T01:10:46.482+0000] {processor.py:186} INFO - Started process (PID=184) to work on /opt/airflow/dags/driven_data_pipeline.py
[2025-07-05T01:10:46.483+0000] {processor.py:914} INFO - Processing file /opt/airflow/dags/driven_data_pipeline.py for tasks to queue
[2025-07-05T01:10:46.485+0000] {logging_mixin.py:190} INFO - [2025-07-05T01:10:46.485+0000] {dagbag.py:588} INFO - Filling up the DagBag from /opt/airflow/dags/driven_data_pipeline.py
[2025-07-05T01:10:46.781+0000] {processor.py:925} INFO - DAG(s) 'extract_raw_data_pipeline' retrieved from /opt/airflow/dags/driven_data_pipeline.py
[2025-07-05T01:10:46.798+0000] {logging_mixin.py:190} INFO - [2025-07-05T01:10:46.798+0000] {dag.py:3239} INFO - Sync 1 DAGs
[2025-07-05T01:10:46.814+0000] {logging_mixin.py:190} INFO - [2025-07-05T01:10:46.814+0000] {dag.py:4180} INFO - Setting next_dagrun for extract_raw_data_pipeline to 2025-07-04 07:59:00+00:00, run_after=2025-07-05 07:00:00+00:00
[2025-07-05T01:10:46.829+0000] {processor.py:208} INFO - Processing /opt/airflow/dags/driven_data_pipeline.py took 0.352 seconds
[2025-07-05T01:11:17.150+0000] {processor.py:186} INFO - Started process (PID=192) to work on /opt/airflow/dags/driven_data_pipeline.py
[2025-07-05T01:11:17.151+0000] {processor.py:914} INFO - Processing file /opt/airflow/dags/driven_data_pipeline.py for tasks to queue
[2025-07-05T01:11:17.153+0000] {logging_mixin.py:190} INFO - [2025-07-05T01:11:17.153+0000] {dagbag.py:588} INFO - Filling up the DagBag from /opt/airflow/dags/driven_data_pipeline.py
[2025-07-05T01:11:17.408+0000] {processor.py:925} INFO - DAG(s) 'extract_raw_data_pipeline' retrieved from /opt/airflow/dags/driven_data_pipeline.py
[2025-07-05T01:11:17.424+0000] {logging_mixin.py:190} INFO - [2025-07-05T01:11:17.424+0000] {dag.py:3239} INFO - Sync 1 DAGs
[2025-07-05T01:11:17.439+0000] {logging_mixin.py:190} INFO - [2025-07-05T01:11:17.438+0000] {dag.py:4180} INFO - Setting next_dagrun for extract_raw_data_pipeline to 2025-07-04 07:59:00+00:00, run_after=2025-07-05 07:00:00+00:00
[2025-07-05T01:11:17.452+0000] {processor.py:208} INFO - Processing /opt/airflow/dags/driven_data_pipeline.py took 0.307 seconds
[2025-07-05T01:11:47.893+0000] {processor.py:186} INFO - Started process (PID=200) to work on /opt/airflow/dags/driven_data_pipeline.py
[2025-07-05T01:11:47.894+0000] {processor.py:914} INFO - Processing file /opt/airflow/dags/driven_data_pipeline.py for tasks to queue
[2025-07-05T01:11:47.897+0000] {logging_mixin.py:190} INFO - [2025-07-05T01:11:47.897+0000] {dagbag.py:588} INFO - Filling up the DagBag from /opt/airflow/dags/driven_data_pipeline.py
[2025-07-05T01:11:48.041+0000] {processor.py:925} INFO - DAG(s) 'extract_raw_data_pipeline' retrieved from /opt/airflow/dags/driven_data_pipeline.py
[2025-07-05T01:11:48.063+0000] {logging_mixin.py:190} INFO - [2025-07-05T01:11:48.063+0000] {dag.py:3239} INFO - Sync 1 DAGs
[2025-07-05T01:11:48.080+0000] {logging_mixin.py:190} INFO - [2025-07-05T01:11:48.080+0000] {dag.py:4180} INFO - Setting next_dagrun for extract_raw_data_pipeline to 2025-07-04 07:59:00+00:00, run_after=2025-07-05 07:00:00+00:00
[2025-07-05T01:11:48.094+0000] {processor.py:208} INFO - Processing /opt/airflow/dags/driven_data_pipeline.py took 0.207 seconds
[2025-07-05T01:12:18.444+0000] {processor.py:186} INFO - Started process (PID=208) to work on /opt/airflow/dags/driven_data_pipeline.py
[2025-07-05T01:12:18.444+0000] {processor.py:914} INFO - Processing file /opt/airflow/dags/driven_data_pipeline.py for tasks to queue
[2025-07-05T01:12:18.447+0000] {logging_mixin.py:190} INFO - [2025-07-05T01:12:18.446+0000] {dagbag.py:588} INFO - Filling up the DagBag from /opt/airflow/dags/driven_data_pipeline.py
[2025-07-05T01:12:18.581+0000] {processor.py:925} INFO - DAG(s) 'extract_raw_data_pipeline' retrieved from /opt/airflow/dags/driven_data_pipeline.py
[2025-07-05T01:12:18.605+0000] {logging_mixin.py:190} INFO - [2025-07-05T01:12:18.605+0000] {dag.py:3239} INFO - Sync 1 DAGs
[2025-07-05T01:12:18.625+0000] {logging_mixin.py:190} INFO - [2025-07-05T01:12:18.625+0000] {dag.py:4180} INFO - Setting next_dagrun for extract_raw_data_pipeline to 2025-07-04 07:59:00+00:00, run_after=2025-07-05 07:00:00+00:00
[2025-07-05T01:12:18.640+0000] {processor.py:208} INFO - Processing /opt/airflow/dags/driven_data_pipeline.py took 0.202 seconds
[2025-07-05T01:12:48.020+0000] {processor.py:186} INFO - Started process (PID=216) to work on /opt/airflow/dags/driven_data_pipeline.py
[2025-07-05T01:12:48.021+0000] {processor.py:914} INFO - Processing file /opt/airflow/dags/driven_data_pipeline.py for tasks to queue
[2025-07-05T01:12:48.024+0000] {logging_mixin.py:190} INFO - [2025-07-05T01:12:48.024+0000] {dagbag.py:588} INFO - Filling up the DagBag from /opt/airflow/dags/driven_data_pipeline.py
[2025-07-05T01:12:48.176+0000] {processor.py:925} INFO - DAG(s) 'extract_raw_data_pipeline' retrieved from /opt/airflow/dags/driven_data_pipeline.py
[2025-07-05T01:12:48.328+0000] {logging_mixin.py:190} INFO - [2025-07-05T01:12:48.328+0000] {dag.py:3239} INFO - Sync 1 DAGs
[2025-07-05T01:12:48.343+0000] {logging_mixin.py:190} INFO - [2025-07-05T01:12:48.343+0000] {dag.py:4180} INFO - Setting next_dagrun for extract_raw_data_pipeline to 2025-07-04 07:59:00+00:00, run_after=2025-07-05 07:00:00+00:00
[2025-07-05T01:12:48.359+0000] {processor.py:208} INFO - Processing /opt/airflow/dags/driven_data_pipeline.py took 0.345 seconds
[2025-07-05T01:13:58.518+0000] {processor.py:186} INFO - Started process (PID=50) to work on /opt/airflow/dags/driven_data_pipeline.py
[2025-07-05T01:13:58.519+0000] {processor.py:914} INFO - Processing file /opt/airflow/dags/driven_data_pipeline.py for tasks to queue
[2025-07-05T01:13:58.522+0000] {logging_mixin.py:190} INFO - [2025-07-05T01:13:58.522+0000] {dagbag.py:588} INFO - Filling up the DagBag from /opt/airflow/dags/driven_data_pipeline.py
[2025-07-05T01:13:58.835+0000] {processor.py:925} INFO - DAG(s) 'extract_raw_data_pipeline' retrieved from /opt/airflow/dags/driven_data_pipeline.py
[2025-07-05T01:13:58.869+0000] {logging_mixin.py:190} INFO - [2025-07-05T01:13:58.869+0000] {dag.py:3239} INFO - Sync 1 DAGs
[2025-07-05T01:13:58.888+0000] {logging_mixin.py:190} INFO - [2025-07-05T01:13:58.888+0000] {dag.py:4180} INFO - Setting next_dagrun for extract_raw_data_pipeline to 2025-07-04 07:59:00+00:00, run_after=2025-07-05 07:00:00+00:00
[2025-07-05T01:13:58.905+0000] {processor.py:208} INFO - Processing /opt/airflow/dags/driven_data_pipeline.py took 0.393 seconds
[2025-07-05T01:14:29.228+0000] {processor.py:186} INFO - Started process (PID=62) to work on /opt/airflow/dags/driven_data_pipeline.py
[2025-07-05T01:14:29.229+0000] {processor.py:914} INFO - Processing file /opt/airflow/dags/driven_data_pipeline.py for tasks to queue
[2025-07-05T01:14:29.231+0000] {logging_mixin.py:190} INFO - [2025-07-05T01:14:29.231+0000] {dagbag.py:588} INFO - Filling up the DagBag from /opt/airflow/dags/driven_data_pipeline.py
[2025-07-05T01:14:29.517+0000] {processor.py:925} INFO - DAG(s) 'extract_raw_data_pipeline' retrieved from /opt/airflow/dags/driven_data_pipeline.py
[2025-07-05T01:14:29.542+0000] {logging_mixin.py:190} INFO - [2025-07-05T01:14:29.542+0000] {dag.py:3239} INFO - Sync 1 DAGs
[2025-07-05T01:14:29.559+0000] {logging_mixin.py:190} INFO - [2025-07-05T01:14:29.558+0000] {dag.py:4180} INFO - Setting next_dagrun for extract_raw_data_pipeline to 2025-07-04 07:59:00+00:00, run_after=2025-07-05 07:00:00+00:00
[2025-07-05T01:14:29.574+0000] {processor.py:208} INFO - Processing /opt/airflow/dags/driven_data_pipeline.py took 0.353 seconds
[2025-07-05T01:14:59.973+0000] {processor.py:186} INFO - Started process (PID=76) to work on /opt/airflow/dags/driven_data_pipeline.py
[2025-07-05T01:14:59.975+0000] {processor.py:914} INFO - Processing file /opt/airflow/dags/driven_data_pipeline.py for tasks to queue
[2025-07-05T01:14:59.979+0000] {logging_mixin.py:190} INFO - [2025-07-05T01:14:59.979+0000] {dagbag.py:588} INFO - Filling up the DagBag from /opt/airflow/dags/driven_data_pipeline.py
[2025-07-05T01:15:00.277+0000] {processor.py:925} INFO - DAG(s) 'extract_raw_data_pipeline' retrieved from /opt/airflow/dags/driven_data_pipeline.py
[2025-07-05T01:15:00.298+0000] {logging_mixin.py:190} INFO - [2025-07-05T01:15:00.298+0000] {dag.py:3239} INFO - Sync 1 DAGs
[2025-07-05T01:15:00.315+0000] {logging_mixin.py:190} INFO - [2025-07-05T01:15:00.315+0000] {dag.py:4180} INFO - Setting next_dagrun for extract_raw_data_pipeline to 2025-07-04 07:59:00+00:00, run_after=2025-07-05 07:00:00+00:00
[2025-07-05T01:15:00.331+0000] {processor.py:208} INFO - Processing /opt/airflow/dags/driven_data_pipeline.py took 0.364 seconds
[2025-07-05T01:15:30.644+0000] {processor.py:186} INFO - Started process (PID=84) to work on /opt/airflow/dags/driven_data_pipeline.py
[2025-07-05T01:15:30.645+0000] {processor.py:914} INFO - Processing file /opt/airflow/dags/driven_data_pipeline.py for tasks to queue
[2025-07-05T01:15:30.648+0000] {logging_mixin.py:190} INFO - [2025-07-05T01:15:30.648+0000] {dagbag.py:588} INFO - Filling up the DagBag from /opt/airflow/dags/driven_data_pipeline.py
[2025-07-05T01:15:30.945+0000] {processor.py:925} INFO - DAG(s) 'extract_raw_data_pipeline' retrieved from /opt/airflow/dags/driven_data_pipeline.py
[2025-07-05T01:15:30.963+0000] {logging_mixin.py:190} INFO - [2025-07-05T01:15:30.963+0000] {dag.py:3239} INFO - Sync 1 DAGs
[2025-07-05T01:15:30.979+0000] {logging_mixin.py:190} INFO - [2025-07-05T01:15:30.979+0000] {dag.py:4180} INFO - Setting next_dagrun for extract_raw_data_pipeline to 2025-07-04 07:59:00+00:00, run_after=2025-07-05 07:00:00+00:00
[2025-07-05T01:15:30.995+0000] {processor.py:208} INFO - Processing /opt/airflow/dags/driven_data_pipeline.py took 0.356 seconds
[2025-07-05T01:16:01.242+0000] {processor.py:186} INFO - Started process (PID=92) to work on /opt/airflow/dags/driven_data_pipeline.py
[2025-07-05T01:16:01.243+0000] {processor.py:914} INFO - Processing file /opt/airflow/dags/driven_data_pipeline.py for tasks to queue
[2025-07-05T01:16:01.246+0000] {logging_mixin.py:190} INFO - [2025-07-05T01:16:01.246+0000] {dagbag.py:588} INFO - Filling up the DagBag from /opt/airflow/dags/driven_data_pipeline.py
[2025-07-05T01:16:01.554+0000] {processor.py:925} INFO - DAG(s) 'extract_raw_data_pipeline' retrieved from /opt/airflow/dags/driven_data_pipeline.py
[2025-07-05T01:16:01.571+0000] {logging_mixin.py:190} INFO - [2025-07-05T01:16:01.571+0000] {dag.py:3239} INFO - Sync 1 DAGs
[2025-07-05T01:16:01.586+0000] {logging_mixin.py:190} INFO - [2025-07-05T01:16:01.586+0000] {dag.py:4180} INFO - Setting next_dagrun for extract_raw_data_pipeline to 2025-07-04 07:59:00+00:00, run_after=2025-07-05 07:00:00+00:00
[2025-07-05T01:16:01.599+0000] {processor.py:208} INFO - Processing /opt/airflow/dags/driven_data_pipeline.py took 0.362 seconds
[2025-07-05T01:16:32.023+0000] {processor.py:186} INFO - Started process (PID=100) to work on /opt/airflow/dags/driven_data_pipeline.py
[2025-07-05T01:16:32.023+0000] {processor.py:914} INFO - Processing file /opt/airflow/dags/driven_data_pipeline.py for tasks to queue
[2025-07-05T01:16:32.025+0000] {logging_mixin.py:190} INFO - [2025-07-05T01:16:32.025+0000] {dagbag.py:588} INFO - Filling up the DagBag from /opt/airflow/dags/driven_data_pipeline.py
[2025-07-05T01:16:32.323+0000] {processor.py:925} INFO - DAG(s) 'extract_raw_data_pipeline' retrieved from /opt/airflow/dags/driven_data_pipeline.py
[2025-07-05T01:16:32.343+0000] {logging_mixin.py:190} INFO - [2025-07-05T01:16:32.343+0000] {dag.py:3239} INFO - Sync 1 DAGs
[2025-07-05T01:16:32.361+0000] {logging_mixin.py:190} INFO - [2025-07-05T01:16:32.360+0000] {dag.py:4180} INFO - Setting next_dagrun for extract_raw_data_pipeline to 2025-07-04 07:59:00+00:00, run_after=2025-07-05 07:00:00+00:00
[2025-07-05T01:16:32.375+0000] {processor.py:208} INFO - Processing /opt/airflow/dags/driven_data_pipeline.py took 0.358 seconds
[2025-07-05T01:17:02.686+0000] {processor.py:186} INFO - Started process (PID=108) to work on /opt/airflow/dags/driven_data_pipeline.py
[2025-07-05T01:17:02.687+0000] {processor.py:914} INFO - Processing file /opt/airflow/dags/driven_data_pipeline.py for tasks to queue
[2025-07-05T01:17:02.690+0000] {logging_mixin.py:190} INFO - [2025-07-05T01:17:02.690+0000] {dagbag.py:588} INFO - Filling up the DagBag from /opt/airflow/dags/driven_data_pipeline.py
[2025-07-05T01:17:02.977+0000] {processor.py:925} INFO - DAG(s) 'extract_raw_data_pipeline' retrieved from /opt/airflow/dags/driven_data_pipeline.py
[2025-07-05T01:17:02.997+0000] {logging_mixin.py:190} INFO - [2025-07-05T01:17:02.997+0000] {dag.py:3239} INFO - Sync 1 DAGs
[2025-07-05T01:17:03.014+0000] {logging_mixin.py:190} INFO - [2025-07-05T01:17:03.014+0000] {dag.py:4180} INFO - Setting next_dagrun for extract_raw_data_pipeline to 2025-07-04 07:59:00+00:00, run_after=2025-07-05 07:00:00+00:00
[2025-07-05T01:17:03.027+0000] {processor.py:208} INFO - Processing /opt/airflow/dags/driven_data_pipeline.py took 0.348 seconds
[2025-07-05T01:17:33.104+0000] {processor.py:186} INFO - Started process (PID=116) to work on /opt/airflow/dags/driven_data_pipeline.py
[2025-07-05T01:17:33.106+0000] {processor.py:914} INFO - Processing file /opt/airflow/dags/driven_data_pipeline.py for tasks to queue
[2025-07-05T01:17:33.108+0000] {logging_mixin.py:190} INFO - [2025-07-05T01:17:33.107+0000] {dagbag.py:588} INFO - Filling up the DagBag from /opt/airflow/dags/driven_data_pipeline.py
[2025-07-05T01:17:33.366+0000] {processor.py:925} INFO - DAG(s) 'extract_raw_data_pipeline' retrieved from /opt/airflow/dags/driven_data_pipeline.py
[2025-07-05T01:17:33.383+0000] {logging_mixin.py:190} INFO - [2025-07-05T01:17:33.383+0000] {dag.py:3239} INFO - Sync 1 DAGs
[2025-07-05T01:17:33.399+0000] {logging_mixin.py:190} INFO - [2025-07-05T01:17:33.398+0000] {dag.py:4180} INFO - Setting next_dagrun for extract_raw_data_pipeline to 2025-07-04 07:59:00+00:00, run_after=2025-07-05 07:00:00+00:00
[2025-07-05T01:17:33.415+0000] {processor.py:208} INFO - Processing /opt/airflow/dags/driven_data_pipeline.py took 0.316 seconds
[2025-07-05T01:18:03.694+0000] {processor.py:186} INFO - Started process (PID=124) to work on /opt/airflow/dags/driven_data_pipeline.py
[2025-07-05T01:18:03.695+0000] {processor.py:914} INFO - Processing file /opt/airflow/dags/driven_data_pipeline.py for tasks to queue
[2025-07-05T01:18:03.698+0000] {logging_mixin.py:190} INFO - [2025-07-05T01:18:03.698+0000] {dagbag.py:588} INFO - Filling up the DagBag from /opt/airflow/dags/driven_data_pipeline.py
[2025-07-05T01:18:03.971+0000] {processor.py:925} INFO - DAG(s) 'extract_raw_data_pipeline' retrieved from /opt/airflow/dags/driven_data_pipeline.py
[2025-07-05T01:18:03.990+0000] {logging_mixin.py:190} INFO - [2025-07-05T01:18:03.990+0000] {dag.py:3239} INFO - Sync 1 DAGs
[2025-07-05T01:18:04.006+0000] {logging_mixin.py:190} INFO - [2025-07-05T01:18:04.006+0000] {dag.py:4180} INFO - Setting next_dagrun for extract_raw_data_pipeline to 2025-07-04 07:59:00+00:00, run_after=2025-07-05 07:00:00+00:00
[2025-07-05T01:18:04.021+0000] {processor.py:208} INFO - Processing /opt/airflow/dags/driven_data_pipeline.py took 0.332 seconds
[2025-07-05T01:18:34.336+0000] {processor.py:186} INFO - Started process (PID=132) to work on /opt/airflow/dags/driven_data_pipeline.py
[2025-07-05T01:18:34.337+0000] {processor.py:914} INFO - Processing file /opt/airflow/dags/driven_data_pipeline.py for tasks to queue
[2025-07-05T01:18:34.341+0000] {logging_mixin.py:190} INFO - [2025-07-05T01:18:34.340+0000] {dagbag.py:588} INFO - Filling up the DagBag from /opt/airflow/dags/driven_data_pipeline.py
[2025-07-05T01:18:34.743+0000] {processor.py:925} INFO - DAG(s) 'extract_raw_data_pipeline' retrieved from /opt/airflow/dags/driven_data_pipeline.py
[2025-07-05T01:18:34.761+0000] {logging_mixin.py:190} INFO - [2025-07-05T01:18:34.761+0000] {dag.py:3239} INFO - Sync 1 DAGs
[2025-07-05T01:18:34.778+0000] {logging_mixin.py:190} INFO - [2025-07-05T01:18:34.778+0000] {dag.py:4180} INFO - Setting next_dagrun for extract_raw_data_pipeline to 2025-07-04 07:59:00+00:00, run_after=2025-07-05 07:00:00+00:00
[2025-07-05T01:18:34.792+0000] {processor.py:208} INFO - Processing /opt/airflow/dags/driven_data_pipeline.py took 0.461 seconds
[2025-07-05T01:19:05.430+0000] {processor.py:186} INFO - Started process (PID=140) to work on /opt/airflow/dags/driven_data_pipeline.py
[2025-07-05T01:19:05.432+0000] {processor.py:914} INFO - Processing file /opt/airflow/dags/driven_data_pipeline.py for tasks to queue
[2025-07-05T01:19:05.436+0000] {logging_mixin.py:190} INFO - [2025-07-05T01:19:05.436+0000] {dagbag.py:588} INFO - Filling up the DagBag from /opt/airflow/dags/driven_data_pipeline.py
[2025-07-05T01:19:05.710+0000] {processor.py:925} INFO - DAG(s) 'extract_raw_data_pipeline' retrieved from /opt/airflow/dags/driven_data_pipeline.py
[2025-07-05T01:19:05.730+0000] {logging_mixin.py:190} INFO - [2025-07-05T01:19:05.730+0000] {dag.py:3239} INFO - Sync 1 DAGs
[2025-07-05T01:19:05.746+0000] {logging_mixin.py:190} INFO - [2025-07-05T01:19:05.746+0000] {dag.py:4180} INFO - Setting next_dagrun for extract_raw_data_pipeline to 2025-07-04 07:59:00+00:00, run_after=2025-07-05 07:00:00+00:00
[2025-07-05T01:19:05.759+0000] {processor.py:208} INFO - Processing /opt/airflow/dags/driven_data_pipeline.py took 0.343 seconds
[2025-07-05T01:19:36.424+0000] {processor.py:186} INFO - Started process (PID=148) to work on /opt/airflow/dags/driven_data_pipeline.py
[2025-07-05T01:19:36.425+0000] {processor.py:914} INFO - Processing file /opt/airflow/dags/driven_data_pipeline.py for tasks to queue
[2025-07-05T01:19:36.428+0000] {logging_mixin.py:190} INFO - [2025-07-05T01:19:36.427+0000] {dagbag.py:588} INFO - Filling up the DagBag from /opt/airflow/dags/driven_data_pipeline.py
[2025-07-05T01:19:36.828+0000] {processor.py:925} INFO - DAG(s) 'extract_raw_data_pipeline' retrieved from /opt/airflow/dags/driven_data_pipeline.py
[2025-07-05T01:19:36.847+0000] {logging_mixin.py:190} INFO - [2025-07-05T01:19:36.847+0000] {dag.py:3239} INFO - Sync 1 DAGs
[2025-07-05T01:19:36.862+0000] {logging_mixin.py:190} INFO - [2025-07-05T01:19:36.862+0000] {dag.py:4180} INFO - Setting next_dagrun for extract_raw_data_pipeline to 2025-07-04 07:59:00+00:00, run_after=2025-07-05 07:00:00+00:00
[2025-07-05T01:19:36.887+0000] {processor.py:208} INFO - Processing /opt/airflow/dags/driven_data_pipeline.py took 0.467 seconds
[2025-07-05T01:20:07.579+0000] {processor.py:186} INFO - Started process (PID=156) to work on /opt/airflow/dags/driven_data_pipeline.py
[2025-07-05T01:20:07.580+0000] {processor.py:914} INFO - Processing file /opt/airflow/dags/driven_data_pipeline.py for tasks to queue
[2025-07-05T01:20:07.583+0000] {logging_mixin.py:190} INFO - [2025-07-05T01:20:07.582+0000] {dagbag.py:588} INFO - Filling up the DagBag from /opt/airflow/dags/driven_data_pipeline.py
[2025-07-05T01:20:07.855+0000] {processor.py:925} INFO - DAG(s) 'extract_raw_data_pipeline' retrieved from /opt/airflow/dags/driven_data_pipeline.py
[2025-07-05T01:20:07.872+0000] {logging_mixin.py:190} INFO - [2025-07-05T01:20:07.871+0000] {dag.py:3239} INFO - Sync 1 DAGs
[2025-07-05T01:20:07.886+0000] {logging_mixin.py:190} INFO - [2025-07-05T01:20:07.886+0000] {dag.py:4180} INFO - Setting next_dagrun for extract_raw_data_pipeline to 2025-07-04 07:59:00+00:00, run_after=2025-07-05 07:00:00+00:00
[2025-07-05T01:20:07.900+0000] {processor.py:208} INFO - Processing /opt/airflow/dags/driven_data_pipeline.py took 0.325 seconds
[2025-07-05T01:20:38.417+0000] {processor.py:186} INFO - Started process (PID=164) to work on /opt/airflow/dags/driven_data_pipeline.py
[2025-07-05T01:20:38.419+0000] {processor.py:914} INFO - Processing file /opt/airflow/dags/driven_data_pipeline.py for tasks to queue
[2025-07-05T01:20:38.421+0000] {logging_mixin.py:190} INFO - [2025-07-05T01:20:38.420+0000] {dagbag.py:588} INFO - Filling up the DagBag from /opt/airflow/dags/driven_data_pipeline.py
[2025-07-05T01:20:38.764+0000] {processor.py:925} INFO - DAG(s) 'extract_raw_data_pipeline' retrieved from /opt/airflow/dags/driven_data_pipeline.py
[2025-07-05T01:20:38.782+0000] {logging_mixin.py:190} INFO - [2025-07-05T01:20:38.782+0000] {dag.py:3239} INFO - Sync 1 DAGs
[2025-07-05T01:20:38.799+0000] {logging_mixin.py:190} INFO - [2025-07-05T01:20:38.799+0000] {dag.py:4180} INFO - Setting next_dagrun for extract_raw_data_pipeline to 2025-07-04 07:59:00+00:00, run_after=2025-07-05 07:00:00+00:00
[2025-07-05T01:20:38.815+0000] {processor.py:208} INFO - Processing /opt/airflow/dags/driven_data_pipeline.py took 0.403 seconds
[2025-07-05T01:21:09.196+0000] {processor.py:186} INFO - Started process (PID=172) to work on /opt/airflow/dags/driven_data_pipeline.py
[2025-07-05T01:21:09.196+0000] {processor.py:914} INFO - Processing file /opt/airflow/dags/driven_data_pipeline.py for tasks to queue
[2025-07-05T01:21:09.198+0000] {logging_mixin.py:190} INFO - [2025-07-05T01:21:09.198+0000] {dagbag.py:588} INFO - Filling up the DagBag from /opt/airflow/dags/driven_data_pipeline.py
[2025-07-05T01:21:09.480+0000] {processor.py:925} INFO - DAG(s) 'extract_raw_data_pipeline' retrieved from /opt/airflow/dags/driven_data_pipeline.py
[2025-07-05T01:21:09.498+0000] {logging_mixin.py:190} INFO - [2025-07-05T01:21:09.498+0000] {dag.py:3239} INFO - Sync 1 DAGs
[2025-07-05T01:21:09.513+0000] {logging_mixin.py:190} INFO - [2025-07-05T01:21:09.513+0000] {dag.py:4180} INFO - Setting next_dagrun for extract_raw_data_pipeline to 2025-07-04 07:59:00+00:00, run_after=2025-07-05 07:00:00+00:00
[2025-07-05T01:21:09.529+0000] {processor.py:208} INFO - Processing /opt/airflow/dags/driven_data_pipeline.py took 0.339 seconds
[2025-07-05T01:21:39.610+0000] {processor.py:186} INFO - Started process (PID=180) to work on /opt/airflow/dags/driven_data_pipeline.py
[2025-07-05T01:21:39.611+0000] {processor.py:914} INFO - Processing file /opt/airflow/dags/driven_data_pipeline.py for tasks to queue
[2025-07-05T01:21:39.613+0000] {logging_mixin.py:190} INFO - [2025-07-05T01:21:39.613+0000] {dagbag.py:588} INFO - Filling up the DagBag from /opt/airflow/dags/driven_data_pipeline.py
[2025-07-05T01:21:39.896+0000] {processor.py:925} INFO - DAG(s) 'extract_raw_data_pipeline' retrieved from /opt/airflow/dags/driven_data_pipeline.py
[2025-07-05T01:21:39.913+0000] {logging_mixin.py:190} INFO - [2025-07-05T01:21:39.913+0000] {dag.py:3239} INFO - Sync 1 DAGs
[2025-07-05T01:21:39.927+0000] {logging_mixin.py:190} INFO - [2025-07-05T01:21:39.927+0000] {dag.py:4180} INFO - Setting next_dagrun for extract_raw_data_pipeline to 2025-07-04 07:59:00+00:00, run_after=2025-07-05 07:00:00+00:00
[2025-07-05T01:21:39.940+0000] {processor.py:208} INFO - Processing /opt/airflow/dags/driven_data_pipeline.py took 0.335 seconds
[2025-07-05T01:22:10.294+0000] {processor.py:186} INFO - Started process (PID=187) to work on /opt/airflow/dags/driven_data_pipeline.py
[2025-07-05T01:22:10.295+0000] {processor.py:914} INFO - Processing file /opt/airflow/dags/driven_data_pipeline.py for tasks to queue
[2025-07-05T01:22:10.297+0000] {logging_mixin.py:190} INFO - [2025-07-05T01:22:10.297+0000] {dagbag.py:588} INFO - Filling up the DagBag from /opt/airflow/dags/driven_data_pipeline.py
[2025-07-05T01:22:10.567+0000] {processor.py:925} INFO - DAG(s) 'extract_raw_data_pipeline' retrieved from /opt/airflow/dags/driven_data_pipeline.py
[2025-07-05T01:22:10.583+0000] {logging_mixin.py:190} INFO - [2025-07-05T01:22:10.583+0000] {dag.py:3239} INFO - Sync 1 DAGs
[2025-07-05T01:22:10.598+0000] {logging_mixin.py:190} INFO - [2025-07-05T01:22:10.598+0000] {dag.py:4180} INFO - Setting next_dagrun for extract_raw_data_pipeline to 2025-07-04 07:59:00+00:00, run_after=2025-07-05 07:00:00+00:00
[2025-07-05T01:22:10.611+0000] {processor.py:208} INFO - Processing /opt/airflow/dags/driven_data_pipeline.py took 0.321 seconds
[2025-07-05T01:22:41.011+0000] {processor.py:186} INFO - Started process (PID=195) to work on /opt/airflow/dags/driven_data_pipeline.py
[2025-07-05T01:22:41.012+0000] {processor.py:914} INFO - Processing file /opt/airflow/dags/driven_data_pipeline.py for tasks to queue
[2025-07-05T01:22:41.015+0000] {logging_mixin.py:190} INFO - [2025-07-05T01:22:41.015+0000] {dagbag.py:588} INFO - Filling up the DagBag from /opt/airflow/dags/driven_data_pipeline.py
[2025-07-05T01:22:41.152+0000] {processor.py:925} INFO - DAG(s) 'extract_raw_data_pipeline' retrieved from /opt/airflow/dags/driven_data_pipeline.py
[2025-07-05T01:22:41.177+0000] {logging_mixin.py:190} INFO - [2025-07-05T01:22:41.176+0000] {dag.py:3239} INFO - Sync 1 DAGs
[2025-07-05T01:22:41.195+0000] {logging_mixin.py:190} INFO - [2025-07-05T01:22:41.195+0000] {dag.py:4180} INFO - Setting next_dagrun for extract_raw_data_pipeline to 2025-07-04 07:59:00+00:00, run_after=2025-07-05 07:00:00+00:00
[2025-07-05T01:22:41.210+0000] {processor.py:208} INFO - Processing /opt/airflow/dags/driven_data_pipeline.py took 0.206 seconds
[2025-07-05T01:23:11.430+0000] {processor.py:186} INFO - Started process (PID=203) to work on /opt/airflow/dags/driven_data_pipeline.py
[2025-07-05T01:23:11.431+0000] {processor.py:914} INFO - Processing file /opt/airflow/dags/driven_data_pipeline.py for tasks to queue
[2025-07-05T01:23:11.434+0000] {logging_mixin.py:190} INFO - [2025-07-05T01:23:11.434+0000] {dagbag.py:588} INFO - Filling up the DagBag from /opt/airflow/dags/driven_data_pipeline.py
[2025-07-05T01:23:11.582+0000] {processor.py:925} INFO - DAG(s) 'extract_raw_data_pipeline' retrieved from /opt/airflow/dags/driven_data_pipeline.py
[2025-07-05T01:23:11.606+0000] {logging_mixin.py:190} INFO - [2025-07-05T01:23:11.605+0000] {dag.py:3239} INFO - Sync 1 DAGs
[2025-07-05T01:23:11.626+0000] {logging_mixin.py:190} INFO - [2025-07-05T01:23:11.626+0000] {dag.py:4180} INFO - Setting next_dagrun for extract_raw_data_pipeline to 2025-07-04 07:59:00+00:00, run_after=2025-07-05 07:00:00+00:00
[2025-07-05T01:23:11.642+0000] {processor.py:208} INFO - Processing /opt/airflow/dags/driven_data_pipeline.py took 0.220 seconds
[2025-07-05T01:23:42.043+0000] {processor.py:186} INFO - Started process (PID=211) to work on /opt/airflow/dags/driven_data_pipeline.py
[2025-07-05T01:23:42.044+0000] {processor.py:914} INFO - Processing file /opt/airflow/dags/driven_data_pipeline.py for tasks to queue
[2025-07-05T01:23:42.046+0000] {logging_mixin.py:190} INFO - [2025-07-05T01:23:42.046+0000] {dagbag.py:588} INFO - Filling up the DagBag from /opt/airflow/dags/driven_data_pipeline.py
[2025-07-05T01:23:42.187+0000] {processor.py:925} INFO - DAG(s) 'extract_raw_data_pipeline' retrieved from /opt/airflow/dags/driven_data_pipeline.py
[2025-07-05T01:23:42.212+0000] {logging_mixin.py:190} INFO - [2025-07-05T01:23:42.212+0000] {dag.py:3239} INFO - Sync 1 DAGs
[2025-07-05T01:23:42.233+0000] {logging_mixin.py:190} INFO - [2025-07-05T01:23:42.233+0000] {dag.py:4180} INFO - Setting next_dagrun for extract_raw_data_pipeline to 2025-07-04 07:59:00+00:00, run_after=2025-07-05 07:00:00+00:00
[2025-07-05T01:23:42.249+0000] {processor.py:208} INFO - Processing /opt/airflow/dags/driven_data_pipeline.py took 0.212 seconds
[2025-07-05T01:24:12.468+0000] {processor.py:186} INFO - Started process (PID=219) to work on /opt/airflow/dags/driven_data_pipeline.py
[2025-07-05T01:24:12.469+0000] {processor.py:914} INFO - Processing file /opt/airflow/dags/driven_data_pipeline.py for tasks to queue
[2025-07-05T01:24:12.471+0000] {logging_mixin.py:190} INFO - [2025-07-05T01:24:12.471+0000] {dagbag.py:588} INFO - Filling up the DagBag from /opt/airflow/dags/driven_data_pipeline.py
[2025-07-05T01:24:12.608+0000] {processor.py:925} INFO - DAG(s) 'extract_raw_data_pipeline' retrieved from /opt/airflow/dags/driven_data_pipeline.py
[2025-07-05T01:24:12.631+0000] {logging_mixin.py:190} INFO - [2025-07-05T01:24:12.631+0000] {dag.py:3239} INFO - Sync 1 DAGs
[2025-07-05T01:24:12.652+0000] {logging_mixin.py:190} INFO - [2025-07-05T01:24:12.652+0000] {dag.py:4180} INFO - Setting next_dagrun for extract_raw_data_pipeline to 2025-07-04 07:59:00+00:00, run_after=2025-07-05 07:00:00+00:00
[2025-07-05T01:24:12.667+0000] {processor.py:208} INFO - Processing /opt/airflow/dags/driven_data_pipeline.py took 0.205 seconds
[2025-07-05T01:24:43.156+0000] {processor.py:186} INFO - Started process (PID=227) to work on /opt/airflow/dags/driven_data_pipeline.py
[2025-07-05T01:24:43.157+0000] {processor.py:914} INFO - Processing file /opt/airflow/dags/driven_data_pipeline.py for tasks to queue
[2025-07-05T01:24:43.159+0000] {logging_mixin.py:190} INFO - [2025-07-05T01:24:43.158+0000] {dagbag.py:588} INFO - Filling up the DagBag from /opt/airflow/dags/driven_data_pipeline.py
[2025-07-05T01:24:43.288+0000] {processor.py:925} INFO - DAG(s) 'extract_raw_data_pipeline' retrieved from /opt/airflow/dags/driven_data_pipeline.py
[2025-07-05T01:24:43.310+0000] {logging_mixin.py:190} INFO - [2025-07-05T01:24:43.310+0000] {dag.py:3239} INFO - Sync 1 DAGs
[2025-07-05T01:24:43.331+0000] {logging_mixin.py:190} INFO - [2025-07-05T01:24:43.331+0000] {dag.py:4180} INFO - Setting next_dagrun for extract_raw_data_pipeline to 2025-07-04 07:59:00+00:00, run_after=2025-07-05 07:00:00+00:00
[2025-07-05T01:24:43.348+0000] {processor.py:208} INFO - Processing /opt/airflow/dags/driven_data_pipeline.py took 0.198 seconds
