[2025-07-05T00:53:08.774+0000] {local_task_job_runner.py:123} INFO - ::group::Pre task execution logs
[2025-07-05T00:53:08.788+0000] {taskinstance.py:2612} INFO - Dependencies all met for dep_context=non-requeueable deps ti=<TaskInstance: extract_raw_data_pipeline.extract_raw_data scheduled__2025-07-01T07:59:00+00:00 [queued]>
[2025-07-05T00:53:08.794+0000] {taskinstance.py:2612} INFO - Dependencies all met for dep_context=requeueable deps ti=<TaskInstance: extract_raw_data_pipeline.extract_raw_data scheduled__2025-07-01T07:59:00+00:00 [queued]>
[2025-07-05T00:53:08.795+0000] {taskinstance.py:2865} INFO - Starting attempt 1 of 1
[2025-07-05T00:53:08.806+0000] {taskinstance.py:2888} INFO - Executing <Task(PythonOperator): extract_raw_data> on 2025-07-01 07:59:00+00:00
[2025-07-05T00:53:08.811+0000] {warnings.py:112} WARNING - /home/***/.local/lib/python3.12/site-packages/***/task/task_runner/standard_task_runner.py:70: DeprecationWarning: This process (pid=66) is multi-threaded, use of fork() may lead to deadlocks in the child.
  pid = os.fork()

[2025-07-05T00:53:08.813+0000] {standard_task_runner.py:72} INFO - Started process 74 to run task
[2025-07-05T00:53:08.813+0000] {standard_task_runner.py:104} INFO - Running: ['***', 'tasks', 'run', 'extract_raw_data_pipeline', 'extract_raw_data', 'scheduled__2025-07-01T07:59:00+00:00', '--job-id', '43', '--raw', '--subdir', 'DAGS_FOLDER/driven_data_pipeline.py', '--cfg-path', '/tmp/tmpa2qot52b']
[2025-07-05T00:53:08.814+0000] {standard_task_runner.py:105} INFO - Job 43: Subtask extract_raw_data
[2025-07-05T00:53:08.882+0000] {task_command.py:467} INFO - Running <TaskInstance: extract_raw_data_pipeline.extract_raw_data scheduled__2025-07-01T07:59:00+00:00 [running]> on host 4edd573cca10
[2025-07-05T00:53:08.940+0000] {taskinstance.py:3131} INFO - Exporting env vars: AIRFLOW_CTX_DAG_OWNER='***' AIRFLOW_CTX_DAG_ID='extract_raw_data_pipeline' AIRFLOW_CTX_TASK_ID='extract_raw_data' AIRFLOW_CTX_EXECUTION_DATE='2025-07-01T07:59:00+00:00' AIRFLOW_CTX_TRY_NUMBER='1' AIRFLOW_CTX_DAG_RUN_ID='scheduled__2025-07-01T07:59:00+00:00'
[2025-07-05T00:53:08.941+0000] {taskinstance.py:731} INFO - ::endgroup::
[2025-07-05T00:53:08.956+0000] {driven_data_pipeline.py:146} INFO - Started batch processing for 2025-07-05.
[2025-07-05T00:53:08.957+0000] {driven_data_pipeline.py:34} INFO - Created synthetic data for MX country code.
[2025-07-05T00:53:09.015+0000] {driven_data_pipeline.py:99} INFO - Written 23 records to the CSV file.
[2025-07-05T00:53:09.091+0000] {driven_data_pipeline.py:119} INFO - Added UUID to the dataset.
[2025-07-05T00:53:09.141+0000] {driven_data_pipeline.py:138} INFO - Updated accessed timestamp.
[2025-07-05T00:53:09.142+0000] {driven_data_pipeline.py:154} INFO - Finished batch processing 2025-07-05.
[2025-07-05T00:53:09.142+0000] {python.py:240} INFO - Done. Returned value was: None
[2025-07-05T00:53:09.150+0000] {taskinstance.py:340} INFO - ::group::Post task execution logs
[2025-07-05T00:53:09.152+0000] {taskinstance.py:352} INFO - Marking task as SUCCESS. dag_id=extract_raw_data_pipeline, task_id=extract_raw_data, run_id=scheduled__2025-07-01T07:59:00+00:00, execution_date=20250701T075900, start_date=20250705T005308, end_date=20250705T005309
[2025-07-05T00:53:09.188+0000] {local_task_job_runner.py:266} INFO - Task exited with return code 0
[2025-07-05T00:53:09.211+0000] {taskinstance.py:3900} INFO - 1 downstream tasks scheduled from follow-on schedule check
[2025-07-05T00:53:09.215+0000] {local_task_job_runner.py:245} INFO - ::endgroup::
