[2025-07-02T02:08:40.621+0000] {local_task_job_runner.py:123} INFO - ::group::Pre task execution logs
[2025-07-02T02:08:40.639+0000] {taskinstance.py:2612} INFO - Dependencies all met for dep_context=non-requeueable deps ti=<TaskInstance: extract_raw_data_pipeline.run_dbt_staging manual__2025-07-02T02:08:35.484495+00:00 [queued]>
[2025-07-02T02:08:40.648+0000] {taskinstance.py:2612} INFO - Dependencies all met for dep_context=requeueable deps ti=<TaskInstance: extract_raw_data_pipeline.run_dbt_staging manual__2025-07-02T02:08:35.484495+00:00 [queued]>
[2025-07-02T02:08:40.649+0000] {taskinstance.py:2865} INFO - Starting attempt 1 of 1
[2025-07-02T02:08:40.661+0000] {taskinstance.py:2888} INFO - Executing <Task(BashOperator): run_dbt_staging> on 2025-07-02 02:08:35.484495+00:00
[2025-07-02T02:08:40.666+0000] {warnings.py:112} WARNING - /home/***/.local/lib/python3.12/site-packages/***/task/task_runner/standard_task_runner.py:70: DeprecationWarning: This process (pid=117) is multi-threaded, use of fork() may lead to deadlocks in the child.
  pid = os.fork()

[2025-07-02T02:08:40.668+0000] {standard_task_runner.py:72} INFO - Started process 119 to run task
[2025-07-02T02:08:40.668+0000] {standard_task_runner.py:104} INFO - Running: ['***', 'tasks', 'run', 'extract_raw_data_pipeline', 'run_dbt_staging', 'manual__2025-07-02T02:08:35.484495+00:00', '--job-id', '32', '--raw', '--subdir', 'DAGS_FOLDER/driven_data_pipeline.py', '--cfg-path', '/tmp/tmpbnezilwu']
[2025-07-02T02:08:40.669+0000] {standard_task_runner.py:105} INFO - Job 32: Subtask run_dbt_staging
[2025-07-02T02:08:40.734+0000] {task_command.py:467} INFO - Running <TaskInstance: extract_raw_data_pipeline.run_dbt_staging manual__2025-07-02T02:08:35.484495+00:00 [running]> on host 4edd573cca10
[2025-07-02T02:08:40.800+0000] {taskinstance.py:3131} INFO - Exporting env vars: AIRFLOW_CTX_DAG_OWNER='***' AIRFLOW_CTX_DAG_ID='extract_raw_data_pipeline' AIRFLOW_CTX_TASK_ID='run_dbt_staging' AIRFLOW_CTX_EXECUTION_DATE='2025-07-02T02:08:35.484495+00:00' AIRFLOW_CTX_TRY_NUMBER='1' AIRFLOW_CTX_DAG_RUN_ID='manual__2025-07-02T02:08:35.484495+00:00'
[2025-07-02T02:08:40.802+0000] {taskinstance.py:731} INFO - ::endgroup::
[2025-07-02T02:08:40.813+0000] {subprocess.py:63} INFO - Tmp dir root location: /tmp
[2025-07-02T02:08:40.815+0000] {subprocess.py:75} INFO - Running command: ['/usr/bin/bash', '-c', 'set -x; cd /opt/***/dbt && dbt run --select tag:staging']
[2025-07-02T02:08:40.822+0000] {subprocess.py:86} INFO - Output:
[2025-07-02T02:08:40.823+0000] {subprocess.py:93} INFO - + cd /opt/***/dbt
[2025-07-02T02:08:40.825+0000] {subprocess.py:93} INFO - + dbt run --select tag:staging
[2025-07-02T02:08:43.047+0000] {subprocess.py:93} INFO - [0m02:08:43  Running with dbt=1.8.0
[2025-07-02T02:08:43.339+0000] {subprocess.py:93} INFO - [0m02:08:43  Registered adapter: postgres=1.8.2
[2025-07-02T02:08:43.814+0000] {subprocess.py:93} INFO - [0m02:08:43  Found 9 models, 10 sources, 428 macros
[2025-07-02T02:08:43.818+0000] {subprocess.py:93} INFO - [0m02:08:43
[2025-07-02T02:08:43.932+0000] {subprocess.py:93} INFO - [0m02:08:43  Concurrency: 1 threads (target='dev')
[2025-07-02T02:08:43.932+0000] {subprocess.py:93} INFO - [0m02:08:43
[2025-07-02T02:08:43.941+0000] {subprocess.py:93} INFO - [0m02:08:43  1 of 5 START sql table model driven_staging.dim_address ........................ [RUN]
[2025-07-02T02:08:44.018+0000] {subprocess.py:93} INFO - [0m02:08:44  1 of 5 ERROR creating sql table model driven_staging.dim_address ............... [[31mERROR[0m in 0.07s]
[2025-07-02T02:08:44.020+0000] {subprocess.py:93} INFO - [0m02:08:44  2 of 5 START sql table model driven_staging.dim_date ........................... [RUN]
[2025-07-02T02:08:44.056+0000] {subprocess.py:93} INFO - [0m02:08:44  2 of 5 ERROR creating sql table model driven_staging.dim_date .................. [[31mERROR[0m in 0.03s]
[2025-07-02T02:08:44.058+0000] {subprocess.py:93} INFO - [0m02:08:44  3 of 5 START sql table model driven_staging.dim_finance ........................ [RUN]
[2025-07-02T02:08:44.092+0000] {subprocess.py:93} INFO - [0m02:08:44  3 of 5 ERROR creating sql table model driven_staging.dim_finance ............... [[31mERROR[0m in 0.03s]
[2025-07-02T02:08:44.094+0000] {subprocess.py:93} INFO - [0m02:08:44  4 of 5 START sql table model driven_staging.dim_person ......................... [RUN]
[2025-07-02T02:08:44.129+0000] {subprocess.py:93} INFO - [0m02:08:44  4 of 5 ERROR creating sql table model driven_staging.dim_person ................ [[31mERROR[0m in 0.03s]
[2025-07-02T02:08:44.131+0000] {subprocess.py:93} INFO - [0m02:08:44  5 of 5 START sql table model driven_staging.fact_network_usage ................. [RUN]
[2025-07-02T02:08:44.165+0000] {subprocess.py:93} INFO - [0m02:08:44  5 of 5 ERROR creating sql table model driven_staging.fact_network_usage ........ [[31mERROR[0m in 0.03s]
[2025-07-02T02:08:44.176+0000] {subprocess.py:93} INFO - [0m02:08:44
[2025-07-02T02:08:44.177+0000] {subprocess.py:93} INFO - [0m02:08:44  Finished running 5 table models in 0 hours 0 minutes and 0.36 seconds (0.36s).
[2025-07-02T02:08:44.226+0000] {subprocess.py:93} INFO - [0m02:08:44
[2025-07-02T02:08:44.226+0000] {subprocess.py:93} INFO - [0m02:08:44  [31mCompleted with 5 errors and 0 warnings:[0m
[2025-07-02T02:08:44.227+0000] {subprocess.py:93} INFO - [0m02:08:44
[2025-07-02T02:08:44.228+0000] {subprocess.py:93} INFO - [0m02:08:44    Database Error in model staging_dim_address (models/staging_dim_address.sql)
[2025-07-02T02:08:44.228+0000] {subprocess.py:93} INFO -   syntax error at or near ";"
[2025-07-02T02:08:44.229+0000] {subprocess.py:93} INFO -   LINE 23: SELECT * FROM source_data;
[2025-07-02T02:08:44.229+0000] {subprocess.py:93} INFO -                                     ^
[2025-07-02T02:08:44.230+0000] {subprocess.py:93} INFO -   compiled code at target/run/dbt_driven_data/models/staging_dim_address.sql
[2025-07-02T02:08:44.230+0000] {subprocess.py:93} INFO - [0m02:08:44
[2025-07-02T02:08:44.230+0000] {subprocess.py:93} INFO - [0m02:08:44    Database Error in model staging_dim_date (models/staging_dim_date.sql)
[2025-07-02T02:08:44.231+0000] {subprocess.py:93} INFO -   syntax error at or near ";"
[2025-07-02T02:08:44.231+0000] {subprocess.py:93} INFO -   LINE 21: SELECT * FROM source_data;
[2025-07-02T02:08:44.232+0000] {subprocess.py:93} INFO -                                     ^
[2025-07-02T02:08:44.232+0000] {subprocess.py:93} INFO -   compiled code at target/run/dbt_driven_data/models/staging_dim_date.sql
[2025-07-02T02:08:44.232+0000] {subprocess.py:93} INFO - [0m02:08:44
[2025-07-02T02:08:44.233+0000] {subprocess.py:93} INFO - [0m02:08:44    Database Error in model staging_dim_finance (models/staging_dim_finance.sql)
[2025-07-02T02:08:44.233+0000] {subprocess.py:93} INFO -   syntax error at or near ";"
[2025-07-02T02:08:44.233+0000] {subprocess.py:93} INFO -   LINE 21: SELECT * FROM source_data;
[2025-07-02T02:08:44.234+0000] {subprocess.py:93} INFO -                                     ^
[2025-07-02T02:08:44.234+0000] {subprocess.py:93} INFO -   compiled code at target/run/dbt_driven_data/models/staging_dim_finance.sql
[2025-07-02T02:08:44.234+0000] {subprocess.py:93} INFO - [0m02:08:44
[2025-07-02T02:08:44.235+0000] {subprocess.py:93} INFO - [0m02:08:44    Database Error in model staging_dim_person (models/staging_dim_person.sql)
[2025-07-02T02:08:44.235+0000] {subprocess.py:93} INFO -   syntax error at or near ";"
[2025-07-02T02:08:44.235+0000] {subprocess.py:93} INFO -   LINE 26: SELECT * FROM source_data;
[2025-07-02T02:08:44.236+0000] {subprocess.py:93} INFO -                                     ^
[2025-07-02T02:08:44.236+0000] {subprocess.py:93} INFO -   compiled code at target/run/dbt_driven_data/models/staging_dim_person.sql
[2025-07-02T02:08:44.236+0000] {subprocess.py:93} INFO - [0m02:08:44
[2025-07-02T02:08:44.237+0000] {subprocess.py:93} INFO - [0m02:08:44    Database Error in model staging_fact_network_usage (models/staging_fact_network_usage.sql)
[2025-07-02T02:08:44.237+0000] {subprocess.py:93} INFO -   syntax error at or near ";"
[2025-07-02T02:08:44.237+0000] {subprocess.py:93} INFO -   LINE 24: SELECT * FROM source_data;
[2025-07-02T02:08:44.238+0000] {subprocess.py:93} INFO -                                     ^
[2025-07-02T02:08:44.238+0000] {subprocess.py:93} INFO -   compiled code at target/run/dbt_driven_data/models/staging_fact_network_usage.sql
[2025-07-02T02:08:44.238+0000] {subprocess.py:93} INFO - [0m02:08:44
[2025-07-02T02:08:44.239+0000] {subprocess.py:93} INFO - [0m02:08:44  Done. PASS=0 WARN=0 ERROR=5 SKIP=0 TOTAL=5
[2025-07-02T02:08:45.075+0000] {subprocess.py:97} INFO - Command exited with return code 1
[2025-07-02T02:08:45.086+0000] {taskinstance.py:3310} ERROR - Task failed with exception
Traceback (most recent call last):
  File "/home/airflow/.local/lib/python3.12/site-packages/airflow/models/taskinstance.py", line 767, in _execute_task
    result = _execute_callable(context=context, **execute_callable_kwargs)
             ^^^^^^^^^^^^^^^^^^^^^^^^^^^^^^^^^^^^^^^^^^^^^^^^^^^^^^^^^^^^^
  File "/home/airflow/.local/lib/python3.12/site-packages/airflow/models/taskinstance.py", line 733, in _execute_callable
    return ExecutionCallableRunner(
           ^^^^^^^^^^^^^^^^^^^^^^^^
  File "/home/airflow/.local/lib/python3.12/site-packages/airflow/utils/operator_helpers.py", line 252, in run
    return self.func(*args, **kwargs)
           ^^^^^^^^^^^^^^^^^^^^^^^^^^
  File "/home/airflow/.local/lib/python3.12/site-packages/airflow/models/baseoperator.py", line 406, in wrapper
    return func(self, *args, **kwargs)
           ^^^^^^^^^^^^^^^^^^^^^^^^^^^
  File "/home/airflow/.local/lib/python3.12/site-packages/airflow/operators/bash.py", line 249, in execute
    raise AirflowException(
airflow.exceptions.AirflowException: Bash command failed. The command returned a non-zero exit code 1.
[2025-07-02T02:08:45.091+0000] {taskinstance.py:1225} INFO - Marking task as FAILED. dag_id=extract_raw_data_pipeline, task_id=run_dbt_staging, run_id=manual__2025-07-02T02:08:35.484495+00:00, execution_date=20250702T020835, start_date=20250702T020840, end_date=20250702T020845
[2025-07-02T02:08:45.105+0000] {taskinstance.py:340} INFO - ::group::Post task execution logs
[2025-07-02T02:08:45.106+0000] {standard_task_runner.py:124} ERROR - Failed to execute job 32 for task run_dbt_staging (Bash command failed. The command returned a non-zero exit code 1.; 119)
Traceback (most recent call last):
  File "/home/airflow/.local/lib/python3.12/site-packages/airflow/task/task_runner/standard_task_runner.py", line 117, in _start_by_fork
    ret = args.func(args, dag=self.dag)
          ^^^^^^^^^^^^^^^^^^^^^^^^^^^^^
  File "/home/airflow/.local/lib/python3.12/site-packages/airflow/cli/cli_config.py", line 49, in command
    return func(*args, **kwargs)
           ^^^^^^^^^^^^^^^^^^^^^
  File "/home/airflow/.local/lib/python3.12/site-packages/airflow/utils/cli.py", line 115, in wrapper
    return f(*args, **kwargs)
           ^^^^^^^^^^^^^^^^^^
  File "/home/airflow/.local/lib/python3.12/site-packages/airflow/cli/commands/task_command.py", line 483, in task_run
    task_return_code = _run_task_by_selected_method(args, _dag, ti)
                       ^^^^^^^^^^^^^^^^^^^^^^^^^^^^^^^^^^^^^^^^^^^^
  File "/home/airflow/.local/lib/python3.12/site-packages/airflow/cli/commands/task_command.py", line 256, in _run_task_by_selected_method
    return _run_raw_task(args, ti)
           ^^^^^^^^^^^^^^^^^^^^^^^
  File "/home/airflow/.local/lib/python3.12/site-packages/airflow/cli/commands/task_command.py", line 341, in _run_raw_task
    return ti._run_raw_task(
           ^^^^^^^^^^^^^^^^^
  File "/home/airflow/.local/lib/python3.12/site-packages/airflow/utils/session.py", line 97, in wrapper
    return func(*args, session=session, **kwargs)
           ^^^^^^^^^^^^^^^^^^^^^^^^^^^^^^^^^^^^^^
  File "/home/airflow/.local/lib/python3.12/site-packages/airflow/models/taskinstance.py", line 3004, in _run_raw_task
    return _run_raw_task(
           ^^^^^^^^^^^^^^
  File "/home/airflow/.local/lib/python3.12/site-packages/airflow/models/taskinstance.py", line 273, in _run_raw_task
    TaskInstance._execute_task_with_callbacks(
  File "/home/airflow/.local/lib/python3.12/site-packages/airflow/models/taskinstance.py", line 3158, in _execute_task_with_callbacks
    result = self._execute_task(context, task_orig)
             ^^^^^^^^^^^^^^^^^^^^^^^^^^^^^^^^^^^^^^
  File "/home/airflow/.local/lib/python3.12/site-packages/airflow/models/taskinstance.py", line 3182, in _execute_task
    return _execute_task(self, context, task_orig)
           ^^^^^^^^^^^^^^^^^^^^^^^^^^^^^^^^^^^^^^^
  File "/home/airflow/.local/lib/python3.12/site-packages/airflow/models/taskinstance.py", line 767, in _execute_task
    result = _execute_callable(context=context, **execute_callable_kwargs)
             ^^^^^^^^^^^^^^^^^^^^^^^^^^^^^^^^^^^^^^^^^^^^^^^^^^^^^^^^^^^^^
  File "/home/airflow/.local/lib/python3.12/site-packages/airflow/models/taskinstance.py", line 733, in _execute_callable
    return ExecutionCallableRunner(
           ^^^^^^^^^^^^^^^^^^^^^^^^
  File "/home/airflow/.local/lib/python3.12/site-packages/airflow/utils/operator_helpers.py", line 252, in run
    return self.func(*args, **kwargs)
           ^^^^^^^^^^^^^^^^^^^^^^^^^^
  File "/home/airflow/.local/lib/python3.12/site-packages/airflow/models/baseoperator.py", line 406, in wrapper
    return func(self, *args, **kwargs)
           ^^^^^^^^^^^^^^^^^^^^^^^^^^^
  File "/home/airflow/.local/lib/python3.12/site-packages/airflow/operators/bash.py", line 249, in execute
    raise AirflowException(
airflow.exceptions.AirflowException: Bash command failed. The command returned a non-zero exit code 1.
[2025-07-02T02:08:45.143+0000] {local_task_job_runner.py:266} INFO - Task exited with return code 1
[2025-07-02T02:08:45.161+0000] {taskinstance.py:3900} INFO - 0 downstream tasks scheduled from follow-on schedule check
[2025-07-02T02:08:45.165+0000] {local_task_job_runner.py:245} INFO - ::endgroup::
