[2025-07-02T02:11:11.760+0000] {local_task_job_runner.py:123} INFO - ::group::Pre task execution logs
[2025-07-02T02:11:11.774+0000] {taskinstance.py:2612} INFO - Dependencies all met for dep_context=non-requeueable deps ti=<TaskInstance: extract_raw_data_pipeline.run_dbt_staging manual__2025-07-02T02:08:35.484495+00:00 [queued]>
[2025-07-02T02:11:11.781+0000] {taskinstance.py:2612} INFO - Dependencies all met for dep_context=requeueable deps ti=<TaskInstance: extract_raw_data_pipeline.run_dbt_staging manual__2025-07-02T02:08:35.484495+00:00 [queued]>
[2025-07-02T02:11:11.782+0000] {taskinstance.py:2865} INFO - Starting attempt 2 of 2
[2025-07-02T02:11:11.793+0000] {taskinstance.py:2888} INFO - Executing <Task(BashOperator): run_dbt_staging> on 2025-07-02 02:08:35.484495+00:00
[2025-07-02T02:11:11.798+0000] {warnings.py:112} WARNING - /home/***/.local/lib/python3.12/site-packages/***/task/task_runner/standard_task_runner.py:70: DeprecationWarning: This process (pid=159) is multi-threaded, use of fork() may lead to deadlocks in the child.
  pid = os.fork()

[2025-07-02T02:11:11.800+0000] {standard_task_runner.py:72} INFO - Started process 161 to run task
[2025-07-02T02:11:11.800+0000] {standard_task_runner.py:104} INFO - Running: ['***', 'tasks', 'run', 'extract_raw_data_pipeline', 'run_dbt_staging', 'manual__2025-07-02T02:08:35.484495+00:00', '--job-id', '33', '--raw', '--subdir', 'DAGS_FOLDER/driven_data_pipeline.py', '--cfg-path', '/tmp/tmpgqj7uc0t']
[2025-07-02T02:11:11.801+0000] {standard_task_runner.py:105} INFO - Job 33: Subtask run_dbt_staging
[2025-07-02T02:11:11.862+0000] {task_command.py:467} INFO - Running <TaskInstance: extract_raw_data_pipeline.run_dbt_staging manual__2025-07-02T02:08:35.484495+00:00 [running]> on host 4edd573cca10
[2025-07-02T02:11:11.936+0000] {taskinstance.py:3131} INFO - Exporting env vars: AIRFLOW_CTX_DAG_OWNER='***' AIRFLOW_CTX_DAG_ID='extract_raw_data_pipeline' AIRFLOW_CTX_TASK_ID='run_dbt_staging' AIRFLOW_CTX_EXECUTION_DATE='2025-07-02T02:08:35.484495+00:00' AIRFLOW_CTX_TRY_NUMBER='2' AIRFLOW_CTX_DAG_RUN_ID='manual__2025-07-02T02:08:35.484495+00:00'
[2025-07-02T02:11:11.936+0000] {taskinstance.py:731} INFO - ::endgroup::
[2025-07-02T02:11:11.947+0000] {subprocess.py:63} INFO - Tmp dir root location: /tmp
[2025-07-02T02:11:11.948+0000] {subprocess.py:75} INFO - Running command: ['/usr/bin/bash', '-c', 'set -x; cd /opt/***/dbt && dbt run --select tag:staging']
[2025-07-02T02:11:11.956+0000] {subprocess.py:86} INFO - Output:
[2025-07-02T02:11:11.958+0000] {subprocess.py:93} INFO - + cd /opt/***/dbt
[2025-07-02T02:11:11.958+0000] {subprocess.py:93} INFO - + dbt run --select tag:staging
[2025-07-02T02:11:13.697+0000] {subprocess.py:93} INFO - [0m02:11:13  Running with dbt=1.8.0
[2025-07-02T02:11:13.924+0000] {subprocess.py:93} INFO - [0m02:11:13  Registered adapter: postgres=1.8.2
[2025-07-02T02:11:14.662+0000] {subprocess.py:93} INFO - [0m02:11:14  Found 9 models, 10 sources, 428 macros
[2025-07-02T02:11:14.665+0000] {subprocess.py:93} INFO - [0m02:11:14
[2025-07-02T02:11:14.780+0000] {subprocess.py:93} INFO - [0m02:11:14  Concurrency: 1 threads (target='dev')
[2025-07-02T02:11:14.781+0000] {subprocess.py:93} INFO - [0m02:11:14
[2025-07-02T02:11:14.790+0000] {subprocess.py:93} INFO - [0m02:11:14  1 of 5 START sql table model driven_staging.dim_address ........................ [RUN]
[2025-07-02T02:11:14.910+0000] {subprocess.py:93} INFO - [0m02:11:14  1 of 5 OK created sql table model driven_staging.dim_address ................... [[32mSELECT 605[0m in 0.12s]
[2025-07-02T02:11:14.913+0000] {subprocess.py:93} INFO - [0m02:11:14  2 of 5 START sql table model driven_staging.dim_date ........................... [RUN]
[2025-07-02T02:11:14.970+0000] {subprocess.py:93} INFO - [0m02:11:14  2 of 5 OK created sql table model driven_staging.dim_date ...................... [[32mSELECT 605[0m in 0.06s]
[2025-07-02T02:11:14.973+0000] {subprocess.py:93} INFO - [0m02:11:14  3 of 5 START sql table model driven_staging.dim_finance ........................ [RUN]
[2025-07-02T02:11:15.025+0000] {subprocess.py:93} INFO - [0m02:11:15  3 of 5 OK created sql table model driven_staging.dim_finance ................... [[32mSELECT 605[0m in 0.05s]
[2025-07-02T02:11:15.028+0000] {subprocess.py:93} INFO - [0m02:11:15  4 of 5 START sql table model driven_staging.dim_person ......................... [RUN]
[2025-07-02T02:11:15.098+0000] {subprocess.py:93} INFO - [0m02:11:15  4 of 5 OK created sql table model driven_staging.dim_person .................... [[32mSELECT 605[0m in 0.07s]
[2025-07-02T02:11:15.100+0000] {subprocess.py:93} INFO - [0m02:11:15  5 of 5 START sql table model driven_staging.fact_network_usage ................. [RUN]
[2025-07-02T02:11:15.154+0000] {subprocess.py:93} INFO - [0m02:11:15  5 of 5 OK created sql table model driven_staging.fact_network_usage ............ [[32mSELECT 605[0m in 0.05s]
[2025-07-02T02:11:15.167+0000] {subprocess.py:93} INFO - [0m02:11:15
[2025-07-02T02:11:15.168+0000] {subprocess.py:93} INFO - [0m02:11:15  Finished running 5 table models in 0 hours 0 minutes and 0.50 seconds (0.50s).
[2025-07-02T02:11:15.221+0000] {subprocess.py:93} INFO - [0m02:11:15
[2025-07-02T02:11:15.222+0000] {subprocess.py:93} INFO - [0m02:11:15  [32mCompleted successfully[0m
[2025-07-02T02:11:15.223+0000] {subprocess.py:93} INFO - [0m02:11:15
[2025-07-02T02:11:15.224+0000] {subprocess.py:93} INFO - [0m02:11:15  Done. PASS=5 WARN=0 ERROR=0 SKIP=0 TOTAL=5
[2025-07-02T02:11:16.080+0000] {subprocess.py:97} INFO - Command exited with return code 0
[2025-07-02T02:11:16.105+0000] {taskinstance.py:340} INFO - ::group::Post task execution logs
[2025-07-02T02:11:16.105+0000] {taskinstance.py:352} INFO - Marking task as SUCCESS. dag_id=extract_raw_data_pipeline, task_id=run_dbt_staging, run_id=manual__2025-07-02T02:08:35.484495+00:00, execution_date=20250702T020835, start_date=20250702T021111, end_date=20250702T021116
[2025-07-02T02:11:16.150+0000] {local_task_job_runner.py:266} INFO - Task exited with return code 0
[2025-07-02T02:11:16.171+0000] {taskinstance.py:3900} INFO - 1 downstream tasks scheduled from follow-on schedule check
[2025-07-02T02:11:16.174+0000] {local_task_job_runner.py:245} INFO - ::endgroup::
