[2025-07-05T01:14:31.153+0000] {local_task_job_runner.py:123} INFO - ::group::Pre task execution logs
[2025-07-05T01:14:31.165+0000] {taskinstance.py:2612} INFO - Dependencies all met for dep_context=non-requeueable deps ti=<TaskInstance: extract_raw_data_pipeline.run_dbt_trusted manual__2025-07-05T01:14:19.832174+00:00 [queued]>
[2025-07-05T01:14:31.172+0000] {taskinstance.py:2612} INFO - Dependencies all met for dep_context=requeueable deps ti=<TaskInstance: extract_raw_data_pipeline.run_dbt_trusted manual__2025-07-05T01:14:19.832174+00:00 [queued]>
[2025-07-05T01:14:31.173+0000] {taskinstance.py:2865} INFO - Starting attempt 1 of 1
[2025-07-05T01:14:31.182+0000] {taskinstance.py:2888} INFO - Executing <Task(BashOperator): run_dbt_trusted> on 2025-07-05 01:14:19.832174+00:00
[2025-07-05T01:14:31.187+0000] {warnings.py:112} WARNING - /home/***/.local/lib/python3.12/site-packages/***/task/task_runner/standard_task_runner.py:70: DeprecationWarning: This process (pid=117) is multi-threaded, use of fork() may lead to deadlocks in the child.
  pid = os.fork()

[2025-07-05T01:14:31.189+0000] {standard_task_runner.py:72} INFO - Started process 119 to run task
[2025-07-05T01:14:31.189+0000] {standard_task_runner.py:104} INFO - Running: ['***', 'tasks', 'run', 'extract_raw_data_pipeline', 'run_dbt_trusted', 'manual__2025-07-05T01:14:19.832174+00:00', '--job-id', '76', '--raw', '--subdir', 'DAGS_FOLDER/driven_data_pipeline.py', '--cfg-path', '/tmp/tmpj2b_cw2a']
[2025-07-05T01:14:31.190+0000] {standard_task_runner.py:105} INFO - Job 76: Subtask run_dbt_trusted
[2025-07-05T01:14:31.237+0000] {task_command.py:467} INFO - Running <TaskInstance: extract_raw_data_pipeline.run_dbt_trusted manual__2025-07-05T01:14:19.832174+00:00 [running]> on host e78f909c1bda
[2025-07-05T01:14:31.295+0000] {taskinstance.py:3131} INFO - Exporting env vars: AIRFLOW_CTX_DAG_OWNER='***' AIRFLOW_CTX_DAG_ID='extract_raw_data_pipeline' AIRFLOW_CTX_TASK_ID='run_dbt_trusted' AIRFLOW_CTX_EXECUTION_DATE='2025-07-05T01:14:19.832174+00:00' AIRFLOW_CTX_TRY_NUMBER='1' AIRFLOW_CTX_DAG_RUN_ID='manual__2025-07-05T01:14:19.832174+00:00'
[2025-07-05T01:14:31.296+0000] {taskinstance.py:731} INFO - ::endgroup::
[2025-07-05T01:14:31.305+0000] {subprocess.py:63} INFO - Tmp dir root location: /tmp
[2025-07-05T01:14:31.306+0000] {subprocess.py:75} INFO - Running command: ['/usr/bin/bash', '-c', 'set -x; cd /opt/***/dbt && dbt run --select tag:trusted']
[2025-07-05T01:14:31.313+0000] {subprocess.py:86} INFO - Output:
[2025-07-05T01:14:31.315+0000] {subprocess.py:93} INFO - + cd /opt/***/dbt
[2025-07-05T01:14:31.315+0000] {subprocess.py:93} INFO - + dbt run --select tag:trusted
[2025-07-05T01:14:32.921+0000] {subprocess.py:93} INFO - [0m01:14:32  Running with dbt=1.8.0
[2025-07-05T01:14:33.126+0000] {subprocess.py:93} INFO - [0m01:14:33  Registered adapter: postgres=1.8.2
[2025-07-05T01:14:33.483+0000] {subprocess.py:93} INFO - [0m01:14:33  Found 9 models, 10 sources, 428 macros
[2025-07-05T01:14:33.488+0000] {subprocess.py:93} INFO - [0m01:14:33
[2025-07-05T01:14:33.626+0000] {subprocess.py:93} INFO - [0m01:14:33  Concurrency: 1 threads (target='dev')
[2025-07-05T01:14:33.627+0000] {subprocess.py:93} INFO - [0m01:14:33
[2025-07-05T01:14:33.645+0000] {subprocess.py:93} INFO - [0m01:14:33  1 of 4 START sql table model driven_trusted.non_pii_data ....................... [RUN]
[2025-07-05T01:14:33.807+0000] {subprocess.py:93} INFO - [0m01:14:33  1 of 4 OK created sql table model driven_trusted.non_pii_data .................. [[32mSELECT 1096[0m in 0.16s]
[2025-07-05T01:14:33.809+0000] {subprocess.py:93} INFO - [0m01:14:33  2 of 4 START sql table model driven_trusted.payment_data ....................... [RUN]
[2025-07-05T01:14:33.869+0000] {subprocess.py:93} INFO - [0m01:14:33  2 of 4 OK created sql table model driven_trusted.payment_data .................. [[32mSELECT 1096[0m in 0.06s]
[2025-07-05T01:14:33.872+0000] {subprocess.py:93} INFO - [0m01:14:33  3 of 4 START sql table model driven_trusted.pii_data ........................... [RUN]
[2025-07-05T01:14:33.951+0000] {subprocess.py:93} INFO - [0m01:14:33  3 of 4 OK created sql table model driven_trusted.pii_data ...................... [[32mSELECT 1096[0m in 0.08s]
[2025-07-05T01:14:33.953+0000] {subprocess.py:93} INFO - [0m01:14:33  4 of 4 START sql table model driven_trusted.technical_data ..................... [RUN]
[2025-07-05T01:14:34.024+0000] {subprocess.py:93} INFO - [0m01:14:34  4 of 4 OK created sql table model driven_trusted.technical_data ................ [[32mSELECT 1096[0m in 0.07s]
[2025-07-05T01:14:34.036+0000] {subprocess.py:93} INFO - [0m01:14:34
[2025-07-05T01:14:34.037+0000] {subprocess.py:93} INFO - [0m01:14:34  Finished running 4 table models in 0 hours 0 minutes and 0.55 seconds (0.55s).
[2025-07-05T01:14:34.081+0000] {subprocess.py:93} INFO - [0m01:14:34
[2025-07-05T01:14:34.082+0000] {subprocess.py:93} INFO - [0m01:14:34  [32mCompleted successfully[0m
[2025-07-05T01:14:34.083+0000] {subprocess.py:93} INFO - [0m01:14:34
[2025-07-05T01:14:34.083+0000] {subprocess.py:93} INFO - [0m01:14:34  Done. PASS=4 WARN=0 ERROR=0 SKIP=0 TOTAL=4
[2025-07-05T01:14:34.794+0000] {subprocess.py:97} INFO - Command exited with return code 0
[2025-07-05T01:14:34.814+0000] {taskinstance.py:340} INFO - ::group::Post task execution logs
[2025-07-05T01:14:34.815+0000] {taskinstance.py:352} INFO - Marking task as SUCCESS. dag_id=extract_raw_data_pipeline, task_id=run_dbt_trusted, run_id=manual__2025-07-05T01:14:19.832174+00:00, execution_date=20250705T011419, start_date=20250705T011431, end_date=20250705T011434
[2025-07-05T01:14:34.859+0000] {local_task_job_runner.py:266} INFO - Task exited with return code 0
[2025-07-05T01:14:34.873+0000] {taskinstance.py:3900} INFO - 0 downstream tasks scheduled from follow-on schedule check
[2025-07-05T01:14:34.876+0000] {local_task_job_runner.py:245} INFO - ::endgroup::
