[2025-07-05T01:03:57.418+0000] {local_task_job_runner.py:123} INFO - ::group::Pre task execution logs
[2025-07-05T01:03:57.430+0000] {taskinstance.py:2612} INFO - Dependencies all met for dep_context=non-requeueable deps ti=<TaskInstance: extract_raw_data_pipeline.create_raw_table manual__2025-07-05T01:03:54.740125+00:00 [queued]>
[2025-07-05T01:03:57.437+0000] {taskinstance.py:2612} INFO - Dependencies all met for dep_context=requeueable deps ti=<TaskInstance: extract_raw_data_pipeline.create_raw_table manual__2025-07-05T01:03:54.740125+00:00 [queued]>
[2025-07-05T01:03:57.438+0000] {taskinstance.py:2865} INFO - Starting attempt 1 of 1
[2025-07-05T01:03:57.448+0000] {taskinstance.py:2888} INFO - Executing <Task(SQLExecuteQueryOperator): create_raw_table> on 2025-07-05 01:03:54.740125+00:00
[2025-07-05T01:03:57.452+0000] {warnings.py:112} WARNING - /home/***/.local/lib/python3.12/site-packages/***/task/task_runner/standard_task_runner.py:70: DeprecationWarning: This process (pid=102) is multi-threaded, use of fork() may lead to deadlocks in the child.
  pid = os.fork()

[2025-07-05T01:03:57.453+0000] {standard_task_runner.py:72} INFO - Started process 104 to run task
[2025-07-05T01:03:57.454+0000] {standard_task_runner.py:104} INFO - Running: ['***', 'tasks', 'run', 'extract_raw_data_pipeline', 'create_raw_table', 'manual__2025-07-05T01:03:54.740125+00:00', '--job-id', '63', '--raw', '--subdir', 'DAGS_FOLDER/driven_data_pipeline.py', '--cfg-path', '/tmp/tmpz45ysx6q']
[2025-07-05T01:03:57.454+0000] {standard_task_runner.py:105} INFO - Job 63: Subtask create_raw_table
[2025-07-05T01:03:57.498+0000] {task_command.py:467} INFO - Running <TaskInstance: extract_raw_data_pipeline.create_raw_table manual__2025-07-05T01:03:54.740125+00:00 [running]> on host bd27efe8250e
[2025-07-05T01:03:57.559+0000] {taskinstance.py:3131} INFO - Exporting env vars: AIRFLOW_CTX_DAG_OWNER='***' AIRFLOW_CTX_DAG_ID='extract_raw_data_pipeline' AIRFLOW_CTX_TASK_ID='create_raw_table' AIRFLOW_CTX_EXECUTION_DATE='2025-07-05T01:03:54.740125+00:00' AIRFLOW_CTX_TRY_NUMBER='1' AIRFLOW_CTX_DAG_RUN_ID='manual__2025-07-05T01:03:54.740125+00:00'
[2025-07-05T01:03:57.560+0000] {taskinstance.py:731} INFO - ::endgroup::
[2025-07-05T01:03:57.571+0000] {sql.py:266} INFO - Executing: 
        CREATE TABLE IF NOT EXISTS driven_raw.raw_batch_data (
            person_name VARCHAR(100),
            user_name VARCHAR(100),
            email VARCHAR(100),
            personal_number NUMERIC, 
            birth_date VARCHAR(100), 
            address VARCHAR(300),
            phone VARCHAR(100), 
            mac_address VARCHAR(100),
            ip_address VARCHAR(100),
            iban VARCHAR(100),
            accessed_at TIMESTAMP,
            session_duration INT,
            download_speed INT,
            upload_speed INT,
            consumed_traffic INT,
            unique_id VARCHAR(100)
        );
    
[2025-07-05T01:03:57.578+0000] {base.py:84} INFO - Retrieving connection 'postgres_conn'
[2025-07-05T01:03:57.585+0000] {base.py:84} INFO - Retrieving connection 'postgres_conn'
[2025-07-05T01:03:57.589+0000] {sql.py:509} INFO - Running statement: 
        CREATE TABLE IF NOT EXISTS driven_raw.raw_batch_data (
            person_name VARCHAR(100),
            user_name VARCHAR(100),
            email VARCHAR(100),
            personal_number NUMERIC, 
            birth_date VARCHAR(100), 
            address VARCHAR(300),
            phone VARCHAR(100), 
            mac_address VARCHAR(100),
            ip_address VARCHAR(100),
            iban VARCHAR(100),
            accessed_at TIMESTAMP,
            session_duration INT,
            download_speed INT,
            upload_speed INT,
            consumed_traffic INT,
            unique_id VARCHAR(100)
        );
    , parameters: None
[2025-07-05T01:03:57.598+0000] {taskinstance.py:340} INFO - ::group::Post task execution logs
[2025-07-05T01:03:57.598+0000] {taskinstance.py:352} INFO - Marking task as SUCCESS. dag_id=extract_raw_data_pipeline, task_id=create_raw_table, run_id=manual__2025-07-05T01:03:54.740125+00:00, execution_date=20250705T010354, start_date=20250705T010357, end_date=20250705T010357
[2025-07-05T01:03:57.628+0000] {local_task_job_runner.py:266} INFO - Task exited with return code 0
[2025-07-05T01:03:57.652+0000] {taskinstance.py:3900} INFO - 1 downstream tasks scheduled from follow-on schedule check
[2025-07-05T01:03:57.654+0000] {local_task_job_runner.py:245} INFO - ::endgroup::
