[2025-07-05T00:54:56.970+0000] {local_task_job_runner.py:123} INFO - ::group::Pre task execution logs
[2025-07-05T00:54:56.987+0000] {taskinstance.py:2612} INFO - Dependencies all met for dep_context=non-requeueable deps ti=<TaskInstance: extract_raw_data_pipeline.extract_raw_data manual__2025-07-05T00:54:55.777686+00:00 [queued]>
[2025-07-05T00:54:56.995+0000] {taskinstance.py:2612} INFO - Dependencies all met for dep_context=requeueable deps ti=<TaskInstance: extract_raw_data_pipeline.extract_raw_data manual__2025-07-05T00:54:55.777686+00:00 [queued]>
[2025-07-05T00:54:56.997+0000] {taskinstance.py:2865} INFO - Starting attempt 1 of 1
[2025-07-05T00:54:57.011+0000] {taskinstance.py:2888} INFO - Executing <Task(PythonOperator): extract_raw_data> on 2025-07-05 00:54:55.777686+00:00
[2025-07-05T00:54:57.017+0000] {warnings.py:112} WARNING - /home/***/.local/lib/python3.12/site-packages/***/task/task_runner/standard_task_runner.py:70: DeprecationWarning: This process (pid=86) is multi-threaded, use of fork() may lead to deadlocks in the child.
  pid = os.fork()

[2025-07-05T00:54:57.019+0000] {standard_task_runner.py:72} INFO - Started process 90 to run task
[2025-07-05T00:54:57.020+0000] {standard_task_runner.py:104} INFO - Running: ['***', 'tasks', 'run', 'extract_raw_data_pipeline', 'extract_raw_data', 'manual__2025-07-05T00:54:55.777686+00:00', '--job-id', '51', '--raw', '--subdir', 'DAGS_FOLDER/driven_data_pipeline.py', '--cfg-path', '/tmp/tmp62qmzze6']
[2025-07-05T00:54:57.025+0000] {standard_task_runner.py:105} INFO - Job 51: Subtask extract_raw_data
[2025-07-05T00:54:57.087+0000] {task_command.py:467} INFO - Running <TaskInstance: extract_raw_data_pipeline.extract_raw_data manual__2025-07-05T00:54:55.777686+00:00 [running]> on host e437fa72c2b0
[2025-07-05T00:54:57.156+0000] {taskinstance.py:3131} INFO - Exporting env vars: AIRFLOW_CTX_DAG_OWNER='***' AIRFLOW_CTX_DAG_ID='extract_raw_data_pipeline' AIRFLOW_CTX_TASK_ID='extract_raw_data' AIRFLOW_CTX_EXECUTION_DATE='2025-07-05T00:54:55.777686+00:00' AIRFLOW_CTX_TRY_NUMBER='1' AIRFLOW_CTX_DAG_RUN_ID='manual__2025-07-05T00:54:55.777686+00:00'
[2025-07-05T00:54:57.158+0000] {taskinstance.py:731} INFO - ::endgroup::
[2025-07-05T00:54:57.169+0000] {driven_data_pipeline.py:146} INFO - Started batch processing for 2025-07-05.
[2025-07-05T00:54:57.169+0000] {driven_data_pipeline.py:34} INFO - Created synthetic data for MX country code.
[2025-07-05T00:54:57.311+0000] {driven_data_pipeline.py:99} INFO - Written 503 records to the CSV file.
[2025-07-05T00:54:57.339+0000] {driven_data_pipeline.py:119} INFO - Added UUID to the dataset.
[2025-07-05T00:54:57.358+0000] {driven_data_pipeline.py:138} INFO - Updated accessed timestamp.
[2025-07-05T00:54:57.359+0000] {driven_data_pipeline.py:154} INFO - Finished batch processing 2025-07-05.
[2025-07-05T00:54:57.360+0000] {python.py:240} INFO - Done. Returned value was: None
[2025-07-05T00:54:57.368+0000] {taskinstance.py:340} INFO - ::group::Post task execution logs
[2025-07-05T00:54:57.369+0000] {taskinstance.py:352} INFO - Marking task as SUCCESS. dag_id=extract_raw_data_pipeline, task_id=extract_raw_data, run_id=manual__2025-07-05T00:54:55.777686+00:00, execution_date=20250705T005455, start_date=20250705T005456, end_date=20250705T005457
[2025-07-05T00:54:57.397+0000] {local_task_job_runner.py:266} INFO - Task exited with return code 0
[2025-07-05T00:54:57.419+0000] {taskinstance.py:3900} INFO - 1 downstream tasks scheduled from follow-on schedule check
[2025-07-05T00:54:57.422+0000] {local_task_job_runner.py:245} INFO - ::endgroup::
