[2025-07-02T01:27:46.887+0000] {local_task_job_runner.py:123} INFO - ::group::Pre task execution logs
[2025-07-02T01:27:46.909+0000] {taskinstance.py:2612} INFO - Dependencies all met for dep_context=non-requeueable deps ti=<TaskInstance: extract_raw_data_pipeline.extract_raw_data scheduled__2025-07-01T07:58:00+00:00 [queued]>
[2025-07-02T01:27:46.919+0000] {taskinstance.py:2612} INFO - Dependencies all met for dep_context=requeueable deps ti=<TaskInstance: extract_raw_data_pipeline.extract_raw_data scheduled__2025-07-01T07:58:00+00:00 [queued]>
[2025-07-02T01:27:46.919+0000] {taskinstance.py:2865} INFO - Starting attempt 1 of 1
[2025-07-02T01:27:46.935+0000] {taskinstance.py:2888} INFO - Executing <Task(PythonOperator): extract_raw_data> on 2025-07-01 07:58:00+00:00
[2025-07-02T01:27:46.944+0000] {warnings.py:112} WARNING - /home/***/.local/lib/python3.12/site-packages/***/task/task_runner/standard_task_runner.py:70: DeprecationWarning: This process (pid=2196) is multi-threaded, use of fork() may lead to deadlocks in the child.
  pid = os.fork()

[2025-07-02T01:27:46.946+0000] {standard_task_runner.py:72} INFO - Started process 2199 to run task
[2025-07-02T01:27:46.945+0000] {standard_task_runner.py:104} INFO - Running: ['***', 'tasks', 'run', 'extract_raw_data_pipeline', 'extract_raw_data', 'scheduled__2025-07-01T07:58:00+00:00', '--job-id', '9', '--raw', '--subdir', 'DAGS_FOLDER/driven_data_pipeline.py', '--cfg-path', '/tmp/tmphxcgvciy']
[2025-07-02T01:27:46.947+0000] {standard_task_runner.py:105} INFO - Job 9: Subtask extract_raw_data
[2025-07-02T01:27:47.016+0000] {task_command.py:467} INFO - Running <TaskInstance: extract_raw_data_pipeline.extract_raw_data scheduled__2025-07-01T07:58:00+00:00 [running]> on host 1e9d293b9376
[2025-07-02T01:27:47.088+0000] {taskinstance.py:3131} INFO - Exporting env vars: AIRFLOW_CTX_DAG_OWNER='***' AIRFLOW_CTX_DAG_ID='extract_raw_data_pipeline' AIRFLOW_CTX_TASK_ID='extract_raw_data' AIRFLOW_CTX_EXECUTION_DATE='2025-07-01T07:58:00+00:00' AIRFLOW_CTX_TRY_NUMBER='1' AIRFLOW_CTX_DAG_RUN_ID='scheduled__2025-07-01T07:58:00+00:00'
[2025-07-02T01:27:47.089+0000] {taskinstance.py:731} INFO - ::endgroup::
[2025-07-02T01:27:47.107+0000] {driven_data_pipeline.py:143} INFO - Started batch processing for 2025-07-02.
[2025-07-02T01:27:47.108+0000] {driven_data_pipeline.py:34} INFO - Created synthetic data for RO country code.
[2025-07-02T01:27:47.228+0000] {driven_data_pipeline.py:100} INFO - Written 325 records to the CSV file.
[2025-07-02T01:27:47.268+0000] {driven_data_pipeline.py:116} INFO - Added UUID to the dataset.
[2025-07-02T01:27:47.293+0000] {driven_data_pipeline.py:135} INFO - Updated accessed timestamp.
[2025-07-02T01:27:47.293+0000] {driven_data_pipeline.py:151} INFO - Finished batch processing 2025-07-02.
[2025-07-02T01:27:47.294+0000] {python.py:240} INFO - Done. Returned value was: None
[2025-07-02T01:27:47.305+0000] {taskinstance.py:340} INFO - ::group::Post task execution logs
[2025-07-02T01:27:47.306+0000] {taskinstance.py:352} INFO - Marking task as SUCCESS. dag_id=extract_raw_data_pipeline, task_id=extract_raw_data, run_id=scheduled__2025-07-01T07:58:00+00:00, execution_date=20250701T075800, start_date=20250702T012746, end_date=20250702T012747
[2025-07-02T01:27:47.363+0000] {local_task_job_runner.py:266} INFO - Task exited with return code 0
[2025-07-02T01:27:47.385+0000] {taskinstance.py:3900} INFO - 1 downstream tasks scheduled from follow-on schedule check
[2025-07-02T01:27:47.387+0000] {local_task_job_runner.py:245} INFO - ::endgroup::
