[2025-07-05T01:05:15.704+0000] {local_task_job_runner.py:123} INFO - ::group::Pre task execution logs
[2025-07-05T01:05:15.718+0000] {taskinstance.py:2612} INFO - Dependencies all met for dep_context=non-requeueable deps ti=<TaskInstance: extract_raw_data_pipeline.extract_raw_data manual__2025-07-05T01:05:14.395933+00:00 [queued]>
[2025-07-05T01:05:15.725+0000] {taskinstance.py:2612} INFO - Dependencies all met for dep_context=requeueable deps ti=<TaskInstance: extract_raw_data_pipeline.extract_raw_data manual__2025-07-05T01:05:14.395933+00:00 [queued]>
[2025-07-05T01:05:15.726+0000] {taskinstance.py:2865} INFO - Starting attempt 1 of 1
[2025-07-05T01:05:15.738+0000] {taskinstance.py:2888} INFO - Executing <Task(PythonOperator): extract_raw_data> on 2025-07-05 01:05:14.395933+00:00
[2025-07-05T01:05:15.743+0000] {warnings.py:112} WARNING - /home/***/.local/lib/python3.12/site-packages/***/task/task_runner/standard_task_runner.py:70: DeprecationWarning: This process (pid=125) is multi-threaded, use of fork() may lead to deadlocks in the child.
  pid = os.fork()

[2025-07-05T01:05:15.746+0000] {standard_task_runner.py:72} INFO - Started process 128 to run task
[2025-07-05T01:05:15.745+0000] {standard_task_runner.py:104} INFO - Running: ['***', 'tasks', 'run', 'extract_raw_data_pipeline', 'extract_raw_data', 'manual__2025-07-05T01:05:14.395933+00:00', '--job-id', '65', '--raw', '--subdir', 'DAGS_FOLDER/driven_data_pipeline.py', '--cfg-path', '/tmp/tmp3yw5x_1k']
[2025-07-05T01:05:15.746+0000] {standard_task_runner.py:105} INFO - Job 65: Subtask extract_raw_data
[2025-07-05T01:05:15.814+0000] {task_command.py:467} INFO - Running <TaskInstance: extract_raw_data_pipeline.extract_raw_data manual__2025-07-05T01:05:14.395933+00:00 [running]> on host bd27efe8250e
[2025-07-05T01:05:15.882+0000] {taskinstance.py:3131} INFO - Exporting env vars: AIRFLOW_CTX_DAG_OWNER='***' AIRFLOW_CTX_DAG_ID='extract_raw_data_pipeline' AIRFLOW_CTX_TASK_ID='extract_raw_data' AIRFLOW_CTX_EXECUTION_DATE='2025-07-05T01:05:14.395933+00:00' AIRFLOW_CTX_TRY_NUMBER='1' AIRFLOW_CTX_DAG_RUN_ID='manual__2025-07-05T01:05:14.395933+00:00'
[2025-07-05T01:05:15.883+0000] {taskinstance.py:731} INFO - ::endgroup::
[2025-07-05T01:05:15.895+0000] {driven_data_pipeline.py:146} INFO - Started batch processing for 2025-07-05.
[2025-07-05T01:05:15.895+0000] {driven_data_pipeline.py:34} INFO - Created synthetic data for MX country code.
[2025-07-05T01:05:16.135+0000] {driven_data_pipeline.py:99} INFO - Written 970 records to the CSV file.
[2025-07-05T01:05:16.172+0000] {driven_data_pipeline.py:119} INFO - Added UUID to the dataset.
[2025-07-05T01:05:16.193+0000] {driven_data_pipeline.py:138} INFO - Updated accessed timestamp.
[2025-07-05T01:05:16.193+0000] {driven_data_pipeline.py:154} INFO - Finished batch processing 2025-07-05.
[2025-07-05T01:05:16.194+0000] {python.py:240} INFO - Done. Returned value was: None
[2025-07-05T01:05:16.205+0000] {taskinstance.py:340} INFO - ::group::Post task execution logs
[2025-07-05T01:05:16.206+0000] {taskinstance.py:352} INFO - Marking task as SUCCESS. dag_id=extract_raw_data_pipeline, task_id=extract_raw_data, run_id=manual__2025-07-05T01:05:14.395933+00:00, execution_date=20250705T010514, start_date=20250705T010515, end_date=20250705T010516
[2025-07-05T01:05:16.242+0000] {local_task_job_runner.py:266} INFO - Task exited with return code 0
[2025-07-05T01:05:16.274+0000] {taskinstance.py:3900} INFO - 1 downstream tasks scheduled from follow-on schedule check
[2025-07-05T01:05:16.276+0000] {local_task_job_runner.py:245} INFO - ::endgroup::
