[2025-07-02T02:11:16.908+0000] {local_task_job_runner.py:123} INFO - ::group::Pre task execution logs
[2025-07-02T02:11:16.923+0000] {taskinstance.py:2612} INFO - Dependencies all met for dep_context=non-requeueable deps ti=<TaskInstance: extract_raw_data_pipeline.run_dbt_trusted manual__2025-07-02T02:08:35.484495+00:00 [queued]>
[2025-07-02T02:11:16.929+0000] {taskinstance.py:2612} INFO - Dependencies all met for dep_context=requeueable deps ti=<TaskInstance: extract_raw_data_pipeline.run_dbt_trusted manual__2025-07-02T02:08:35.484495+00:00 [queued]>
[2025-07-02T02:11:16.930+0000] {taskinstance.py:2865} INFO - Starting attempt 1 of 1
[2025-07-02T02:11:16.941+0000] {taskinstance.py:2888} INFO - Executing <Task(BashOperator): run_dbt_trusted> on 2025-07-02 02:08:35.484495+00:00
[2025-07-02T02:11:16.946+0000] {warnings.py:112} WARNING - /home/***/.local/lib/python3.12/site-packages/***/task/task_runner/standard_task_runner.py:70: DeprecationWarning: This process (pid=197) is multi-threaded, use of fork() may lead to deadlocks in the child.
  pid = os.fork()

[2025-07-02T02:11:16.947+0000] {standard_task_runner.py:72} INFO - Started process 216 to run task
[2025-07-02T02:11:16.948+0000] {standard_task_runner.py:104} INFO - Running: ['***', 'tasks', 'run', 'extract_raw_data_pipeline', 'run_dbt_trusted', 'manual__2025-07-02T02:08:35.484495+00:00', '--job-id', '36', '--raw', '--subdir', 'DAGS_FOLDER/driven_data_pipeline.py', '--cfg-path', '/tmp/tmpw8t06pu3']
[2025-07-02T02:11:16.949+0000] {standard_task_runner.py:105} INFO - Job 36: Subtask run_dbt_trusted
[2025-07-02T02:11:17.007+0000] {task_command.py:467} INFO - Running <TaskInstance: extract_raw_data_pipeline.run_dbt_trusted manual__2025-07-02T02:08:35.484495+00:00 [running]> on host 4edd573cca10
[2025-07-02T02:11:17.065+0000] {taskinstance.py:3131} INFO - Exporting env vars: AIRFLOW_CTX_DAG_OWNER='***' AIRFLOW_CTX_DAG_ID='extract_raw_data_pipeline' AIRFLOW_CTX_TASK_ID='run_dbt_trusted' AIRFLOW_CTX_EXECUTION_DATE='2025-07-02T02:08:35.484495+00:00' AIRFLOW_CTX_TRY_NUMBER='1' AIRFLOW_CTX_DAG_RUN_ID='manual__2025-07-02T02:08:35.484495+00:00'
[2025-07-02T02:11:17.066+0000] {taskinstance.py:731} INFO - ::endgroup::
[2025-07-02T02:11:17.076+0000] {subprocess.py:63} INFO - Tmp dir root location: /tmp
[2025-07-02T02:11:17.077+0000] {subprocess.py:75} INFO - Running command: ['/usr/bin/bash', '-c', 'set -x; cd /opt/***/dbt && dbt run --select tag:trusted']
[2025-07-02T02:11:17.086+0000] {subprocess.py:86} INFO - Output:
[2025-07-02T02:11:17.087+0000] {subprocess.py:93} INFO - + cd /opt/***/dbt
[2025-07-02T02:11:17.088+0000] {subprocess.py:93} INFO - + dbt run --select tag:trusted
[2025-07-02T02:11:18.899+0000] {subprocess.py:93} INFO - [0m02:11:18  Running with dbt=1.8.0
[2025-07-02T02:11:19.204+0000] {subprocess.py:93} INFO - [0m02:11:19  Registered adapter: postgres=1.8.2
[2025-07-02T02:11:19.617+0000] {subprocess.py:93} INFO - [0m02:11:19  Found 9 models, 10 sources, 428 macros
[2025-07-02T02:11:19.624+0000] {subprocess.py:93} INFO - [0m02:11:19
[2025-07-02T02:11:19.741+0000] {subprocess.py:93} INFO - [0m02:11:19  Concurrency: 1 threads (target='dev')
[2025-07-02T02:11:19.743+0000] {subprocess.py:93} INFO - [0m02:11:19
[2025-07-02T02:11:19.754+0000] {subprocess.py:93} INFO - [0m02:11:19  1 of 4 START sql table model driven_trusted.non_pii_data ....................... [RUN]
[2025-07-02T02:11:19.903+0000] {subprocess.py:93} INFO - [0m02:11:19  1 of 4 OK created sql table model driven_trusted.non_pii_data .................. [[32mSELECT 605[0m in 0.15s]
[2025-07-02T02:11:19.906+0000] {subprocess.py:93} INFO - [0m02:11:19  2 of 4 START sql table model driven_trusted.payment_data ....................... [RUN]
[2025-07-02T02:11:19.954+0000] {subprocess.py:93} INFO - [0m02:11:19  2 of 4 OK created sql table model driven_trusted.payment_data .................. [[32mSELECT 605[0m in 0.05s]
[2025-07-02T02:11:19.957+0000] {subprocess.py:93} INFO - [0m02:11:19  3 of 4 START sql table model driven_trusted.pii_data ........................... [RUN]
[2025-07-02T02:11:20.015+0000] {subprocess.py:93} INFO - [0m02:11:20  3 of 4 OK created sql table model driven_trusted.pii_data ...................... [[32mSELECT 605[0m in 0.06s]
[2025-07-02T02:11:20.017+0000] {subprocess.py:93} INFO - [0m02:11:20  4 of 4 START sql table model driven_trusted.technical_data ..................... [RUN]
[2025-07-02T02:11:20.074+0000] {subprocess.py:93} INFO - [0m02:11:20  4 of 4 OK created sql table model driven_trusted.technical_data ................ [[32mSELECT 605[0m in 0.06s]
[2025-07-02T02:11:20.086+0000] {subprocess.py:93} INFO - [0m02:11:20
[2025-07-02T02:11:20.087+0000] {subprocess.py:93} INFO - [0m02:11:20  Finished running 4 table models in 0 hours 0 minutes and 0.46 seconds (0.46s).
[2025-07-02T02:11:20.135+0000] {subprocess.py:93} INFO - [0m02:11:20
[2025-07-02T02:11:20.135+0000] {subprocess.py:93} INFO - [0m02:11:20  [32mCompleted successfully[0m
[2025-07-02T02:11:20.136+0000] {subprocess.py:93} INFO - [0m02:11:20
[2025-07-02T02:11:20.136+0000] {subprocess.py:93} INFO - [0m02:11:20  Done. PASS=4 WARN=0 ERROR=0 SKIP=0 TOTAL=4
[2025-07-02T02:11:20.863+0000] {subprocess.py:97} INFO - Command exited with return code 0
[2025-07-02T02:11:20.891+0000] {taskinstance.py:340} INFO - ::group::Post task execution logs
[2025-07-02T02:11:20.892+0000] {taskinstance.py:352} INFO - Marking task as SUCCESS. dag_id=extract_raw_data_pipeline, task_id=run_dbt_trusted, run_id=manual__2025-07-02T02:08:35.484495+00:00, execution_date=20250702T020835, start_date=20250702T021116, end_date=20250702T021120
[2025-07-02T02:11:20.936+0000] {local_task_job_runner.py:266} INFO - Task exited with return code 0
[2025-07-02T02:11:20.961+0000] {taskinstance.py:3900} INFO - 0 downstream tasks scheduled from follow-on schedule check
[2025-07-02T02:11:20.963+0000] {local_task_job_runner.py:245} INFO - ::endgroup::
