[2025-07-05T01:14:25.338+0000] {local_task_job_runner.py:123} INFO - ::group::Pre task execution logs
[2025-07-05T01:14:25.352+0000] {taskinstance.py:2612} INFO - Dependencies all met for dep_context=non-requeueable deps ti=<TaskInstance: extract_raw_data_pipeline.run_dbt_staging manual__2025-07-05T01:14:19.832174+00:00 [queued]>
[2025-07-05T01:14:25.359+0000] {taskinstance.py:2612} INFO - Dependencies all met for dep_context=requeueable deps ti=<TaskInstance: extract_raw_data_pipeline.run_dbt_staging manual__2025-07-05T01:14:19.832174+00:00 [queued]>
[2025-07-05T01:14:25.360+0000] {taskinstance.py:2865} INFO - Starting attempt 1 of 1
[2025-07-05T01:14:25.371+0000] {taskinstance.py:2888} INFO - Executing <Task(BashOperator): run_dbt_staging> on 2025-07-05 01:14:19.832174+00:00
[2025-07-05T01:14:25.376+0000] {warnings.py:112} WARNING - /home/***/.local/lib/python3.12/site-packages/***/task/task_runner/standard_task_runner.py:70: DeprecationWarning: This process (pid=103) is multi-threaded, use of fork() may lead to deadlocks in the child.
  pid = os.fork()

[2025-07-05T01:14:25.378+0000] {standard_task_runner.py:72} INFO - Started process 105 to run task
[2025-07-05T01:14:25.378+0000] {standard_task_runner.py:104} INFO - Running: ['***', 'tasks', 'run', 'extract_raw_data_pipeline', 'run_dbt_staging', 'manual__2025-07-05T01:14:19.832174+00:00', '--job-id', '75', '--raw', '--subdir', 'DAGS_FOLDER/driven_data_pipeline.py', '--cfg-path', '/tmp/tmp54igk25h']
[2025-07-05T01:14:25.379+0000] {standard_task_runner.py:105} INFO - Job 75: Subtask run_dbt_staging
[2025-07-05T01:14:25.439+0000] {task_command.py:467} INFO - Running <TaskInstance: extract_raw_data_pipeline.run_dbt_staging manual__2025-07-05T01:14:19.832174+00:00 [running]> on host e78f909c1bda
[2025-07-05T01:14:25.504+0000] {taskinstance.py:3131} INFO - Exporting env vars: AIRFLOW_CTX_DAG_OWNER='***' AIRFLOW_CTX_DAG_ID='extract_raw_data_pipeline' AIRFLOW_CTX_TASK_ID='run_dbt_staging' AIRFLOW_CTX_EXECUTION_DATE='2025-07-05T01:14:19.832174+00:00' AIRFLOW_CTX_TRY_NUMBER='1' AIRFLOW_CTX_DAG_RUN_ID='manual__2025-07-05T01:14:19.832174+00:00'
[2025-07-05T01:14:25.505+0000] {taskinstance.py:731} INFO - ::endgroup::
[2025-07-05T01:14:25.517+0000] {subprocess.py:63} INFO - Tmp dir root location: /tmp
[2025-07-05T01:14:25.519+0000] {subprocess.py:75} INFO - Running command: ['/usr/bin/bash', '-c', 'set -x; cd /opt/***/dbt && dbt run --select tag:staging']
[2025-07-05T01:14:25.528+0000] {subprocess.py:86} INFO - Output:
[2025-07-05T01:14:25.531+0000] {subprocess.py:93} INFO - + cd /opt/***/dbt
[2025-07-05T01:14:25.533+0000] {subprocess.py:93} INFO - + dbt run --select tag:staging
[2025-07-05T01:14:27.813+0000] {subprocess.py:93} INFO - [0m01:14:27  Running with dbt=1.8.0
[2025-07-05T01:14:28.063+0000] {subprocess.py:93} INFO - [0m01:14:28  Registered adapter: postgres=1.8.2
[2025-07-05T01:14:28.544+0000] {subprocess.py:93} INFO - [0m01:14:28  Found 9 models, 10 sources, 428 macros
[2025-07-05T01:14:28.547+0000] {subprocess.py:93} INFO - [0m01:14:28
[2025-07-05T01:14:28.646+0000] {subprocess.py:93} INFO - [0m01:14:28  Concurrency: 1 threads (target='dev')
[2025-07-05T01:14:28.647+0000] {subprocess.py:93} INFO - [0m01:14:28
[2025-07-05T01:14:28.659+0000] {subprocess.py:93} INFO - [0m01:14:28  1 of 5 START sql table model driven_staging.dim_address ........................ [RUN]
[2025-07-05T01:14:28.786+0000] {subprocess.py:93} INFO - [0m01:14:28  1 of 5 OK created sql table model driven_staging.dim_address ................... [[32mSELECT 1096[0m in 0.13s]
[2025-07-05T01:14:28.788+0000] {subprocess.py:93} INFO - [0m01:14:28  2 of 5 START sql table model driven_staging.dim_date ........................... [RUN]
[2025-07-05T01:14:28.846+0000] {subprocess.py:93} INFO - [0m01:14:28  2 of 5 OK created sql table model driven_staging.dim_date ...................... [[32mSELECT 1096[0m in 0.06s]
[2025-07-05T01:14:28.847+0000] {subprocess.py:93} INFO - [0m01:14:28  3 of 5 START sql table model driven_staging.dim_finance ........................ [RUN]
[2025-07-05T01:14:28.917+0000] {subprocess.py:93} INFO - [0m01:14:28  3 of 5 OK created sql table model driven_staging.dim_finance ................... [[32mSELECT 1096[0m in 0.07s]
[2025-07-05T01:14:28.919+0000] {subprocess.py:93} INFO - [0m01:14:28  4 of 5 START sql table model driven_staging.dim_person ......................... [RUN]
[2025-07-05T01:14:28.988+0000] {subprocess.py:93} INFO - [0m01:14:28  4 of 5 OK created sql table model driven_staging.dim_person .................... [[32mSELECT 1096[0m in 0.07s]
[2025-07-05T01:14:28.990+0000] {subprocess.py:93} INFO - [0m01:14:28  5 of 5 START sql table model driven_staging.fact_network_usage ................. [RUN]
[2025-07-05T01:14:29.050+0000] {subprocess.py:93} INFO - [0m01:14:29  5 of 5 OK created sql table model driven_staging.fact_network_usage ............ [[32mSELECT 1096[0m in 0.06s]
[2025-07-05T01:14:29.061+0000] {subprocess.py:93} INFO - [0m01:14:29
[2025-07-05T01:14:29.062+0000] {subprocess.py:93} INFO - [0m01:14:29  Finished running 5 table models in 0 hours 0 minutes and 0.51 seconds (0.51s).
[2025-07-05T01:14:29.111+0000] {subprocess.py:93} INFO - [0m01:14:29
[2025-07-05T01:14:29.112+0000] {subprocess.py:93} INFO - [0m01:14:29  [32mCompleted successfully[0m
[2025-07-05T01:14:29.112+0000] {subprocess.py:93} INFO - [0m01:14:29
[2025-07-05T01:14:29.113+0000] {subprocess.py:93} INFO - [0m01:14:29  Done. PASS=5 WARN=0 ERROR=0 SKIP=0 TOTAL=5
[2025-07-05T01:14:30.005+0000] {subprocess.py:97} INFO - Command exited with return code 0
[2025-07-05T01:14:30.025+0000] {taskinstance.py:340} INFO - ::group::Post task execution logs
[2025-07-05T01:14:30.026+0000] {taskinstance.py:352} INFO - Marking task as SUCCESS. dag_id=extract_raw_data_pipeline, task_id=run_dbt_staging, run_id=manual__2025-07-05T01:14:19.832174+00:00, execution_date=20250705T011419, start_date=20250705T011425, end_date=20250705T011430
[2025-07-05T01:14:30.048+0000] {local_task_job_runner.py:266} INFO - Task exited with return code 0
[2025-07-05T01:14:30.064+0000] {taskinstance.py:3900} INFO - 1 downstream tasks scheduled from follow-on schedule check
[2025-07-05T01:14:30.066+0000] {local_task_job_runner.py:245} INFO - ::endgroup::
