[2025-07-02T02:11:24.811+0000] {local_task_job_runner.py:123} INFO - ::group::Pre task execution logs
[2025-07-02T02:11:24.823+0000] {taskinstance.py:2612} INFO - Dependencies all met for dep_context=non-requeueable deps ti=<TaskInstance: extract_raw_data_pipeline.run_dbt_trusted manual__2025-07-02T02:11:14.492345+00:00 [queued]>
[2025-07-02T02:11:24.830+0000] {taskinstance.py:2612} INFO - Dependencies all met for dep_context=requeueable deps ti=<TaskInstance: extract_raw_data_pipeline.run_dbt_trusted manual__2025-07-02T02:11:14.492345+00:00 [queued]>
[2025-07-02T02:11:24.831+0000] {taskinstance.py:2865} INFO - Starting attempt 1 of 1
[2025-07-02T02:11:24.841+0000] {taskinstance.py:2888} INFO - Executing <Task(BashOperator): run_dbt_trusted> on 2025-07-02 02:11:14.492345+00:00
[2025-07-02T02:11:24.845+0000] {warnings.py:112} WARNING - /home/***/.local/lib/python3.12/site-packages/***/task/task_runner/standard_task_runner.py:70: DeprecationWarning: This process (pid=256) is multi-threaded, use of fork() may lead to deadlocks in the child.
  pid = os.fork()

[2025-07-02T02:11:24.847+0000] {standard_task_runner.py:72} INFO - Started process 258 to run task
[2025-07-02T02:11:24.847+0000] {standard_task_runner.py:104} INFO - Running: ['***', 'tasks', 'run', 'extract_raw_data_pipeline', 'run_dbt_trusted', 'manual__2025-07-02T02:11:14.492345+00:00', '--job-id', '40', '--raw', '--subdir', 'DAGS_FOLDER/driven_data_pipeline.py', '--cfg-path', '/tmp/tmp70jmk2d4']
[2025-07-02T02:11:24.848+0000] {standard_task_runner.py:105} INFO - Job 40: Subtask run_dbt_trusted
[2025-07-02T02:11:24.900+0000] {task_command.py:467} INFO - Running <TaskInstance: extract_raw_data_pipeline.run_dbt_trusted manual__2025-07-02T02:11:14.492345+00:00 [running]> on host 4edd573cca10
[2025-07-02T02:11:25.014+0000] {taskinstance.py:3131} INFO - Exporting env vars: AIRFLOW_CTX_DAG_OWNER='***' AIRFLOW_CTX_DAG_ID='extract_raw_data_pipeline' AIRFLOW_CTX_TASK_ID='run_dbt_trusted' AIRFLOW_CTX_EXECUTION_DATE='2025-07-02T02:11:14.492345+00:00' AIRFLOW_CTX_TRY_NUMBER='1' AIRFLOW_CTX_DAG_RUN_ID='manual__2025-07-02T02:11:14.492345+00:00'
[2025-07-02T02:11:25.016+0000] {taskinstance.py:731} INFO - ::endgroup::
[2025-07-02T02:11:25.034+0000] {subprocess.py:63} INFO - Tmp dir root location: /tmp
[2025-07-02T02:11:25.035+0000] {subprocess.py:75} INFO - Running command: ['/usr/bin/bash', '-c', 'set -x; cd /opt/***/dbt && dbt run --select tag:trusted']
[2025-07-02T02:11:25.043+0000] {subprocess.py:86} INFO - Output:
[2025-07-02T02:11:25.045+0000] {subprocess.py:93} INFO - + cd /opt/***/dbt
[2025-07-02T02:11:25.045+0000] {subprocess.py:93} INFO - + dbt run --select tag:trusted
[2025-07-02T02:11:26.681+0000] {subprocess.py:93} INFO - [0m02:11:26  Running with dbt=1.8.0
[2025-07-02T02:11:26.894+0000] {subprocess.py:93} INFO - [0m02:11:26  Registered adapter: postgres=1.8.2
[2025-07-02T02:11:27.305+0000] {subprocess.py:93} INFO - [0m02:11:27  Found 9 models, 10 sources, 428 macros
[2025-07-02T02:11:27.308+0000] {subprocess.py:93} INFO - [0m02:11:27
[2025-07-02T02:11:27.416+0000] {subprocess.py:93} INFO - [0m02:11:27  Concurrency: 1 threads (target='dev')
[2025-07-02T02:11:27.417+0000] {subprocess.py:93} INFO - [0m02:11:27
[2025-07-02T02:11:27.426+0000] {subprocess.py:93} INFO - [0m02:11:27  1 of 4 START sql table model driven_trusted.non_pii_data ....................... [RUN]
[2025-07-02T02:11:27.568+0000] {subprocess.py:93} INFO - [0m02:11:27  1 of 4 OK created sql table model driven_trusted.non_pii_data .................. [[32mSELECT 1285[0m in 0.14s]
[2025-07-02T02:11:27.570+0000] {subprocess.py:93} INFO - [0m02:11:27  2 of 4 START sql table model driven_trusted.payment_data ....................... [RUN]
[2025-07-02T02:11:27.625+0000] {subprocess.py:93} INFO - [0m02:11:27  2 of 4 OK created sql table model driven_trusted.payment_data .................. [[32mSELECT 1285[0m in 0.05s]
[2025-07-02T02:11:27.627+0000] {subprocess.py:93} INFO - [0m02:11:27  3 of 4 START sql table model driven_trusted.pii_data ........................... [RUN]
[2025-07-02T02:11:27.702+0000] {subprocess.py:93} INFO - [0m02:11:27  3 of 4 OK created sql table model driven_trusted.pii_data ...................... [[32mSELECT 1285[0m in 0.07s]
[2025-07-02T02:11:27.705+0000] {subprocess.py:93} INFO - [0m02:11:27  4 of 4 START sql table model driven_trusted.technical_data ..................... [RUN]
[2025-07-02T02:11:27.763+0000] {subprocess.py:93} INFO - [0m02:11:27  4 of 4 OK created sql table model driven_trusted.technical_data ................ [[32mSELECT 1285[0m in 0.06s]
[2025-07-02T02:11:27.775+0000] {subprocess.py:93} INFO - [0m02:11:27
[2025-07-02T02:11:27.776+0000] {subprocess.py:93} INFO - [0m02:11:27  Finished running 4 table models in 0 hours 0 minutes and 0.47 seconds (0.47s).
[2025-07-02T02:11:27.825+0000] {subprocess.py:93} INFO - [0m02:11:27
[2025-07-02T02:11:27.826+0000] {subprocess.py:93} INFO - [0m02:11:27  [32mCompleted successfully[0m
[2025-07-02T02:11:27.826+0000] {subprocess.py:93} INFO - [0m02:11:27
[2025-07-02T02:11:27.827+0000] {subprocess.py:93} INFO - [0m02:11:27  Done. PASS=4 WARN=0 ERROR=0 SKIP=0 TOTAL=4
[2025-07-02T02:11:28.583+0000] {subprocess.py:97} INFO - Command exited with return code 0
[2025-07-02T02:11:28.612+0000] {taskinstance.py:340} INFO - ::group::Post task execution logs
[2025-07-02T02:11:28.613+0000] {taskinstance.py:352} INFO - Marking task as SUCCESS. dag_id=extract_raw_data_pipeline, task_id=run_dbt_trusted, run_id=manual__2025-07-02T02:11:14.492345+00:00, execution_date=20250702T021114, start_date=20250702T021124, end_date=20250702T021128
[2025-07-02T02:11:28.636+0000] {local_task_job_runner.py:266} INFO - Task exited with return code 0
[2025-07-02T02:11:28.656+0000] {taskinstance.py:3900} INFO - 0 downstream tasks scheduled from follow-on schedule check
[2025-07-02T02:11:28.658+0000] {local_task_job_runner.py:245} INFO - ::endgroup::
